<html>
<body>
<pre>
<h1>µVision Build Log</h1>
<h2>Tool Versions:</h2>
IDE-Version: •ÏVision V5.21.1.0
Copyright (C) 2016 ARM Ltd and ARM Germany GmbH. All rights reserved.
License Information: tom tom, tom, LIC=ZB48T-R4JR5-EU94R-KINFD-XMR32-JI9L0
 
Tool Versions:
Toolchain:       MDK-ARM Plus  Version: 5.21a
Toolchain Path:  D:\Keil_v5\ARM\ARMCC\Bin
C Compiler:      Armcc.exe V5.06 update 3 (build 300)
Assembler:       Armasm.exe V5.06 update 3 (build 300)
Linker/Locator:  ArmLink.exe V5.06 update 3 (build 300)
Library Manager: ArmAr.exe V5.06 update 3 (build 300)
Hex Converter:   FromElf.exe V5.06 update 3 (build 300)
CPU DLL:         SARMCM3.DLL V5.21a
Dialog DLL:      DCM.DLL V1.13.8.0
Target DLL:      STLink\ST-LINKIII-KEIL_SWO.dll V2.0.18.0
Dialog DLL:      TCM.DLL V1.14.14.0
 
<h2>Project:</h2>
D:\en.x-cube-azure-stm32l496-nucleo\STM32_Cloud_AZURE_V1.2.0\Projects\STM32L496ZG-Nucleo\Applications\Cloud\Azure\MDK-ARM\Project.uvprojx
Project File Date:  01/28/2020

<h2>Output:</h2>
*** Using Compiler 'V5.06 update 3 (build 300)', folder: 'D:\Keil_v5\ARM\ARMCC\Bin'
Rebuild target 'STM32L496ZG-Nucleo'
compiling platform_STM32Cube.c...
compiling hsm_client_tpm_STM32Cube.c...
compiling socketio_mbed.c...
compiling hsm_client_riot_STM32Cube.c...
compiling tcpsocketconnection_c_STM32Cube.c...
compiling threadapi_STM32Cube.c...
compiling tickcounter_STM32Cube.c...
compiling azure_sha1.c...
compiling azure_version.c...
compiling tlsio_mbedtls.c...
compiling stm32l4xx_it.c...
compiling main.c...
compiling AzureXcubeSample.c...
../../../../../../Middlewares/Third_Party/azure-iot-sdk-c/iothub_client/samples/STM32Cube_sample/AzureXcubeSample.c(1660): warning:  #1035-D: single-precision operand implicitly converted to double-precision
              temp1 = (float)vout / 10.0;
../../../../../../Middlewares/Third_Party/azure-iot-sdk-c/iothub_client/samples/STM32Cube_sample/AzureXcubeSample.c(1929): warning:  #1035-D: single-precision operand implicitly converted to double-precision
      celsius = (voltage * 100.0);
../../../../../../Middlewares/Third_Party/azure-iot-sdk-c/iothub_client/samples/STM32Cube_sample/AzureXcubeSample.c: 2 warnings, 0 errors
compiling stm32l4xx_hal_timebase_tim.c...
compiling mbedtls_entropy.c...
compiling board_interrupts.c...
compiling usart.c...
compiling stm32l4xx_hal_msp.c...
compiling net_conf.c...
compiling flash_l4.c...
compiling cloud.c...
compiling iot_flash_config.c...
compiling rfu.c...
compiling set_credentials.c...
compiling timingSystem.c...
compiling http_lib.c...
assembling startup_stm32l496xx.s...
compiling STM32CubeRTCInterface.c...
compiling timedate.c...
compiling stm32l4xx_hal_can.c...
compiling stm32l4xx_hal.c...
compiling stm32l4xx_hal_cortex.c...
compiling stm32l4xx_hal_crc.c...
compiling stm32l4xx_hal_crc_ex.c...
compiling stm32l4xx_hal_cryp.c...
compiling stm32l4xx_hal_cryp_ex.c...
compiling stm32l4xx_hal_dac.c...
compiling stm32l4xx_hal_dac_ex.c...
compiling stm32l4xx_hal_dfsdm.c...
compiling stm32l4xx_hal_dfsdm_ex.c...
compiling stm32l4xx_hal_dma_ex.c...
compiling stm32l4xx_hal_dma.c...
compiling stm32l4xx_hal_exti.c...
compiling stm32l4xx_hal_flash.c...
compiling stm32l4xx_hal_flash_ex.c...
compiling stm32l4xx_hal_gpio.c...
compiling stm32l4xx_hal_hash.c...
compiling stm32l4xx_hal_hash_ex.c...
compiling stm32l4xx_hal_iwdg.c...
compiling stm32l4xx_hal_i2c_ex.c...
compiling stm32l4xx_hal_i2c.c...
compiling stm32l4xx_hal_nand.c...
compiling stm32l4xx_hal_lptim.c...
compiling stm32l4xx_hal_nor.c...
compiling stm32l4xx_hal_pwr.c...
compiling stm32l4xx_hal_qspi.c...
compiling stm32l4xx_hal_pwr_ex.c...
compiling stm32l4xx_hal_rcc.c...
compiling stm32l4xx_hal_rng.c...
compiling stm32l4xx_hal_rcc_ex.c...
compiling stm32l4xx_hal_rtc.c...
compiling stm32l4xx_hal_rtc_ex.c...
compiling stm32l4xx_hal_spi.c...
compiling stm32l4xx_hal_spi_ex.c...
compiling stm32l4xx_hal_sram.c...
compiling stm32l4xx_hal_tim.c...
compiling stm32l4xx_hal_tim_ex.c...
compiling stm32l4xx_hal_uart.c...
compiling stm32l4xx_hal_uart_ex.c...
compiling stm32l4xx_hal_usart.c...
compiling stm32l4xx_hal_usart_ex.c...
compiling stm32l4xx_hal_wwdg.c...
compiling stm32l4xx_ll_fmc.c...
compiling at_custom_modem_api_ug96.c...
compiling at_custom_modem_signalling_ug96.c...
compiling stm32l4xx_hal_adc.c...
compiling stm32l4xx_hal_adc_ex.c...
compiling at_custom_modem_socket_ug96.c...
compiling at_custom_modem_specific_ug96.c...
compiling sysctrl_specific_ug96.c...
compiling at_custom_modem_api_bg96.c...
compiling at_custom_modem_signalling_bg96.c...
compiling at_custom_modem_socket_bg96.c...
compiling at_custom_modem_specific_bg96.c...
compiling sysctrl_specific_bg96.c...
compiling stm32l496g_discovery.c...
compiling mfxstm32l152.c...
compiling stm32l496g_discovery_io.c...
compiling system_stm32l4xx.c...
compiling azure_base64.c...
compiling base32.c...
compiling buffer.c...
compiling connection_string_parser.c...
compiling consolelogger.c...
compiling constbuffer.c...
compiling constmap.c...
compiling doublylinkedlist.c...
compiling crt_abstractions.c...
compiling hmac.c...
compiling hmacsha256.c...
compiling map.c...
compiling http_proxy_io.c...
compiling optionhandler.c...
compiling sha224.c...
compiling sastoken.c...
compiling sha384-512.c...
compiling singlylinkedlist.c...
compiling string_token.c...
compiling string_tokenizer.c...
compiling strings.c...
compiling usha.c...
compiling urlencode.c...
compiling vector.c...
compiling xio.c...
compiling ws_url.c...
compiling xlogging.c...
compiling agenttime.c...
compiling iothub_client_authorization.c...
compiling iothub_client_diagnostic.c...
compiling iothub_client_ll.c...
compiling iothub_client_retry_control.c...
compiling iothub_client_core_ll.c...
compiling iothub_message.c...
compiling iothubtransportmqtt.c...
compiling iothub_transport_ll_private.c...
compiling parson.c...
compiling iothubtransport_mqtt_common.c...
compiling commanddecoder.c...
compiling codefirst.c...
compiling agenttypesystem.c...
compiling datamarshaller.c...
compiling datapublisher.c...
compiling iotdevice.c...
compiling jsondecoder.c...
compiling jsonencoder.c...
compiling methodreturn.c...
compiling multitree.c...
compiling schemalib.c...
compiling schema.c...
compiling mqtt_client.c...
compiling mqtt_codec.c...
compiling mqtt_message.c...
compiling iothub_security_factory.c...
compiling iothub_auth_client.c...
compiling prov_auth_client.c...
compiling prov_security_factory.c...
compiling prov_device_ll_client.c...
compiling prov_transport_mqtt_client.c...
compiling hsm_client_data.c...
compiling prov_transport_mqtt_common.c...
compiling DiceSha256.c...
compiling RiotAes128.c...
compiling RiotBase64.c...
compiling RiotCrypt.c...
compiling RiotDerEnc.c...
compiling RiotHmac.c...
compiling RiotEcc.c...
compiling RiotKdf.c...
compiling RiotSha256.c...
compiling RiotX509Bldr.c...
compiling aesni.c...
compiling aes.c...
compiling arc4.c...
compiling aria.c...
compiling asn1parse.c...
compiling asn1write.c...
compiling base64.c...
compiling blowfish.c...
compiling camellia.c...
compiling ccm.c...
compiling certs.c...
compiling bignum.c...
compiling chacha20.c...
compiling chachapoly.c...
compiling cipher.c...
compiling cipher_wrap.c...
compiling cmac.c...
compiling des.c...
compiling ctr_drbg.c...
compiling debug.c...
compiling dhm.c...
compiling ecdh.c...
compiling ecdsa.c...
compiling ecjpake.c...
compiling entropy.c...
compiling ecp_curves.c...
compiling ecp.c...
compiling entropy_poll.c...
compiling error.c...
compiling havege.c...
compiling hmac_drbg.c...
compiling gcm.c...
compiling md.c...
compiling md2.c...
compiling md4.c...
compiling md_wrap.c...
compiling memory_buffer_alloc.c...
compiling md5.c...
compiling nist_kw.c...
compiling oid.c...
compiling padlock.c...
compiling pem.c...
compiling pk_wrap.c...
compiling pk.c...
compiling pkcs11.c...
compiling pkcs5.c...
compiling pkcs12.c...
compiling pkwrite.c...
compiling platform.c...
compiling pkparse.c...
compiling poly1305.c...
compiling platform_util.c...
compiling ripemd160.c...
compiling rsa_internal.c...
compiling rsa.c...
compiling sha1.c...
compiling sha256.c...
compiling ssl_cache.c...
compiling ssl_ciphersuites.c...
compiling ssl_cookie.c...
compiling sha512.c...
compiling ssl_srv.c...
compiling ssl_cli.c...
compiling ssl_ticket.c...
compiling threading.c...
compiling timing.c...
compiling version.c...
compiling version_features.c...
compiling x509_create.c...
compiling ssl_tls.c...
compiling x509.c...
compiling x509_csr.c...
compiling x509_crl.c...
compiling x509write_crt.c...
compiling x509write_csr.c...
compiling x509_crt.c...
compiling xtea.c...
compiling list.c...
compiling queue.c...
compiling timers.c...
compiling tasks.c...
compiling heap_4.c...
compiling cmsis_os.c...
compiling port.c...
compiling net_address.c...
compiling net_core.c...
compiling net_os.c...
compiling net_socket.c...
compiling net_class_extension.c...
compiling net_mbedtls.c...
compiling at_core.c...
compiling net_cellular.c...
../../../../../../Middlewares/ST/STM32_Connect_Library/netif/cellular_if/net_cellular.c(1218): warning:  #174-D: expression has no effect
  		dc_cellular_info.rt_state == DC_SERVICE_ON;
../../../../../../Middlewares/ST/STM32_Connect_Library/netif/cellular_if/net_cellular.c: 1 warning, 0 errors
compiling at_datapack.c...
compiling at_modem_api.c...
compiling at_modem_common.c...
compiling at_modem_signalling.c...
compiling at_modem_socket.c...
compiling at_parser.c...
compiling at_util.c...
compiling sysctrl.c...
compiling cellular_service_os.c...
compiling cellular_service.c...
compiling cellular_service_task.c...
compiling cellular_service_cmd.c...
compiling com_sockets.c...
compiling com_sockets_err_compat.c...
compiling com_sockets_lwip_mcu.c...
compiling com_sockets_ip_modem.c...
compiling dc_common.c...
compiling dc_control.c...
compiling dc_time.c...
compiling nifman.c...
compiling radio_mngt.c...
compiling cellular_init.c...
compiling ipc_common.c...
compiling ipc_rxfifo.c...
compiling ipc_uart.c...
compiling ppposif.c...
compiling ppposif_client.c...
compiling ppposif_ipc.c...
compiling trace_interface.c...
compiling error_handler.c...
compiling stack_analysis.c...
compiling cmd.c...
compiling cellular_runtime_custom.c...
compiling cellular_runtime_standard.c...
linking...
Program Size: Code=370012 RO-data=73760 RW-data=2980 ZI-data=119020  
FromELF: creating hex file...
After Build - User command #1: fromelf STM32L496G-Discovery\Exe\STM32L496G-Discovery_Azure.axf --bincombined --output=STM32L496G-Discovery\Exe\STM32L496G-Discovery_Azure.bin
"STM32L496G-Discovery\Exe\STM32L496G-Discovery_Azure.axf" - 0 Error(s), 3 Warning(s).

<h2>Software Packages used:</h2>

Package Vendor: ARM
                http://www.keil.com/pack/ARM.CMSIS.4.5.0.pack
                ARM::CMSIS:CORE:4.3.0
                CMSIS (Cortex Microcontroller Software Interface Standard)
   * Component: CORE Version: 4.3.0

<h2>Collection of Component include folders:</h2>
  D:\en.x-cube-azure-stm32l496-nucleo\STM32_Cloud_AZURE_V1.2.0\Projects\STM32L496ZG-Nucleo\Applications\Cloud\Azure\MDK-ARM\RTE
  D:\Keil_v5\ARM\PACK\ARM\CMSIS\4.5.0\CMSIS\Include
  D:\Keil_v5\ARM\PACK\Keil\STM32L4xx_DFP\2.2.0\Drivers\CMSIS\Device\ST\STM32L4xx\Include

<h2>Collection of Component Files used:</h2>

   * Component: ARM::CMSIS:CORE:4.3.0
Build Time Elapsed:  00:00:52
</pre>
</body>
</html>
