Component: ARM Compiler 5.06 update 3 (build 300) Tool: armlink [4d35c9]

==============================================================================

Section Cross References

    sfu_fwimg_services.o(i.SFU_IMG_CheckCandidateImage) refers to sfu_fwimg_core.o(i.SFU_IMG_VerifyFwSignature) for SFU_IMG_VerifyFwSignature
    sfu_fwimg_services.o(i.SFU_IMG_CheckCandidateImage) refers to sfu_error.o(i.SFU_BOOT_SetLastExecError) for SFU_BOOT_SetLastExecError
    sfu_fwimg_services.o(i.SFU_IMG_CheckCandidateImage) refers to printf5.o(i.__0printf$5) for __2printf
    sfu_fwimg_services.o(i.SFU_IMG_CheckCandidateImage) refers to sfu_low_level_flash.o(i.SFU_LL_FLASH_Erase_Size) for SFU_LL_FLASH_Erase_Size
    sfu_fwimg_services.o(i.SFU_IMG_CheckCandidateImage) refers to sfu_fwimg_core.o(.bss) for fw_image_header_to_test
    sfu_fwimg_services.o(i.SFU_IMG_CheckCandidateImage) refers to sfu_fwimg_core.o(.data) for SFU_IMG_Status
    sfu_fwimg_services.o(i.SFU_IMG_CheckCandidateMetadata) refers to sfu_fwimg_services.o(i.SFU_IMG_GetActiveFwVersion) for SFU_IMG_GetActiveFwVersion
    sfu_fwimg_services.o(i.SFU_IMG_CheckCandidateMetadata) refers to sfu_fwimg_services.o(i.SFU_IMG_HasValidActiveFirmware) for SFU_IMG_HasValidActiveFirmware
    sfu_fwimg_services.o(i.SFU_IMG_CheckCandidateMetadata) refers to printf5.o(i.__0printf$5) for __2printf
    sfu_fwimg_services.o(i.SFU_IMG_CheckCandidateMetadata) refers to sfu_error.o(i.SFU_BOOT_SetLastExecError) for SFU_BOOT_SetLastExecError
    sfu_fwimg_services.o(i.SFU_IMG_CheckCandidateMetadata) refers to sfu_low_level_flash.o(i.SFU_LL_FLASH_Erase_Size) for SFU_LL_FLASH_Erase_Size
    sfu_fwimg_services.o(i.SFU_IMG_CheckCandidateMetadata) refers to sfu_fwimg_core.o(.bss) for fw_image_header_to_test
    sfu_fwimg_services.o(i.SFU_IMG_CheckCandidateMetadata) refers to sfu_fwimg_services.o(.conststring) for .conststring
    sfu_fwimg_services.o(i.SFU_IMG_CheckCandidateMetadata) refers to sfu_fwimg_core.o(.data) for SFU_IMG_Status
    sfu_fwimg_services.o(i.SFU_IMG_CheckPendingInstallation) refers to sfu_fwimg_core.o(i.SFU_IMG_CheckTrailerValid) for SFU_IMG_CheckTrailerValid
    sfu_fwimg_services.o(i.SFU_IMG_CheckPendingInstallation) refers to sfu_fwimg_core.o(i.SFU_IMG_FirmwareToInstall) for SFU_IMG_FirmwareToInstall
    sfu_fwimg_services.o(i.SFU_IMG_CheckPendingInstallation) refers to sfu_fwimg_core.o(.bss) for fw_desc_to_recover
    sfu_fwimg_services.o(i.SFU_IMG_CheckRollbackConditions) refers to sfu_fwimg_services.o(i.SFU_IMG_GetActiveFwVersion) for SFU_IMG_GetActiveFwVersion
    sfu_fwimg_services.o(i.SFU_IMG_CheckRollbackConditions) refers to printf5.o(i.__0printf$5) for __2printf
    sfu_fwimg_services.o(i.SFU_IMG_CheckRollbackConditions) refers to sfu_fwimg_core.o(i.SFU_IMG_ValidFwInSlot1) for SFU_IMG_ValidFwInSlot1
    sfu_fwimg_services.o(i.SFU_IMG_CheckRollbackConditions) refers to sfu_fwimg_services.o(.conststring) for .conststring
    sfu_fwimg_services.o(i.SFU_IMG_GetActiveFwVersion) refers to sfu_fwimg_core.o(i.SFU_IMG_GetFWInfoMAC) for SFU_IMG_GetFWInfoMAC
    sfu_fwimg_services.o(i.SFU_IMG_HasValidActiveFirmware) refers to sfu_fwimg_services.o(i.SFU_IMG_VerifyActiveImgMetadata) for SFU_IMG_VerifyActiveImgMetadata
    sfu_fwimg_services.o(i.SFU_IMG_HasValidActiveFirmware) refers to sfu_fwimg_services.o(i.SFU_IMG_VerifyActiveImg) for SFU_IMG_VerifyActiveImg
    sfu_fwimg_services.o(i.SFU_IMG_HasValidActiveFirmware) refers to sfu_fwimg_core.o(i.SFU_IMG_CheckSlot0FwValid) for SFU_IMG_CheckSlot0FwValid
    sfu_fwimg_services.o(i.SFU_IMG_InitImageHandling) refers to sfu_fwimg_core.o(i.SFU_IMG_CoreInit) for SFU_IMG_CoreInit
    sfu_fwimg_services.o(i.SFU_IMG_InvalidateCurrentFirmware) refers to sfu_low_level_security.o(i.SFU_LL_SECU_IWDG_Refresh) for SFU_LL_SECU_IWDG_Refresh
    sfu_fwimg_services.o(i.SFU_IMG_InvalidateCurrentFirmware) refers to sfu_low_level_flash.o(i.SFU_LL_FLASH_Erase_Size) for SFU_LL_FLASH_Erase_Size
    sfu_fwimg_services.o(i.SFU_IMG_LaunchActiveImg) refers to sfu_low_level.o(i.SFU_LL_SB_SRAM_Erase) for SFU_LL_SB_SRAM_Erase
    sfu_fwimg_services.o(i.SFU_IMG_ShutdownImageHandling) refers to sfu_fwimg_core.o(i.SFU_IMG_CoreDeInit) for SFU_IMG_CoreDeInit
    sfu_fwimg_services.o(i.SFU_IMG_TriggerImageInstallation) refers to sfu_fwimg_core.o(i.SFU_IMG_PrepareCandidateImageForInstall) for SFU_IMG_PrepareCandidateImageForInstall
    sfu_fwimg_services.o(i.SFU_IMG_TriggerImageInstallation) refers to sfu_fwimg_core.o(i.SFU_IMG_InstallNewVersion) for SFU_IMG_InstallNewVersion
    sfu_fwimg_services.o(i.SFU_IMG_TriggerRecoveryProcedure) refers to sfu_fwimg_core.o(i.SFU_IMG_Recover) for SFU_IMG_Recover
    sfu_fwimg_services.o(i.SFU_IMG_TriggerRollbackProcedure) refers to sfu_fwimg_core.o(i.SFU_IMG_RollBack) for SFU_IMG_RollBack
    sfu_fwimg_services.o(i.SFU_IMG_Validation) refers to sfu_fwimg_core.o(i.SFU_IMG_WriteHeaderValidated) for SFU_IMG_WriteHeaderValidated
[...]
    .constdata                               0x080110e0   Section       28  stm32l496g_discovery.o(.constdata)
    .constdata                               0x080110fc   Section       64  system_stm32l4xx.o(.constdata)
    .constdata                               0x0801113c   Section        8  system_stm32l4xx.o(.constdata)
    .conststring                             0x08011144   Section      281  sfu_fwimg_services.o(.conststring)
    .conststring                             0x08011260   Section       95  sfu_error.o(.conststring)
    .conststring                             0x080112c0   Section      109  sfu_fwimg_core.o(.conststring)
    .conststring                             0x08011330   Section     2204  sfu_boot.o(.conststring)
    .conststring                             0x08011bcc   Section      204  sfu_loader.o(.conststring)
    .data                                    0x20002800   Section        8  sfu_fwimg_core.o(.data)
    .data                                    0x20002808   Section      208  sfu_boot.o(.data)
    m_StateMachineContext                    0x20002809   Data           2  sfu_boot.o(.data)
    .data                                    0x200028d8   Section       24  sfu_loader.o(.data)
    m_uDwlAreaAddress                        0x200028d8   Data           4  sfu_loader.o(.data)
    m_uDwlAreaStart                          0x200028dc   Data           4  sfu_loader.o(.data)
    m_uDwlAreaSize                           0x200028e0   Data           4  sfu_loader.o(.data)
    m_uFileSizeYmodem                        0x200028e4   Data           4  sfu_loader.o(.data)
    m_uNbrBlocksYmodem                       0x200028e8   Data           4  sfu_loader.o(.data)
    m_uPacketsReceived                       0x200028ec   Data           4  sfu_loader.o(.data)
    .data                                    0x200028f0   Section        8  se_interface_bootloader.o(.data)
    b_startup_already_done                   0x200028f0   Data           1  se_interface_bootloader.o(.data)
    SE_StartupPtr                            0x200028f4   Data           4  se_interface_bootloader.o(.data)
    .data                                    0x200028f8   Section        4  stm32l496g_discovery_io.o(.data)
    io1_driver                               0x200028f8   Data           4  stm32l496g_discovery_io.o(.data)
    .data                                    0x200028fc   Section       40  stm32l496g_discovery.o(.data)
    .data                                    0x20002924   Section       32  stm32l4xx_hal_flash.o(.data)
    .data                                    0x20002944   Section       12  stm32l4xx_hal.o(.data)
    .data                                    0x20002950   Section        4  system_stm32l4xx.o(.data)
    .data                                    0x20002954   Section        8  sfu_low_level_flash.o(.data)
    DoubleECC_Check                          0x20002954   Data           1  sfu_low_level_flash.o(.data)
    DoubleECC_Error_Counter                  0x20002958   Data           4  sfu_low_level_flash.o(.data)
    .data                                    0x2000295c   Section       44  mfxstm32l152.o(.data)
    .data                                    0x20002988   Section       76  mfxstm32l152.o(.data)
    .data                                    0x200029d4   Section        3  mfxstm32l152.o(.data)
    .data                                    0x200029d8   Section        4  stdout.o(.data)
    .bss                                     0x200029e0   Section      784  sfu_fwimg_core.o(.bss)
    SFU_APP_HDR_VALID_FWInfoInputAuthenticated 0x20002af0   Data         128  sfu_fwimg_core.o(.bss)
    SFU_APP_HDR_TEST_FWInfoInputAuthenticated 0x20002b70   Data         128  sfu_fwimg_core.o(.bss)
    fw_header_to_test                        0x20002bf0   Data         128  sfu_fwimg_core.o(.bss)
    fw_header_validated                      0x20002c70   Data         128  sfu_fwimg_core.o(.bss)
    .bss                                     0x20002cf0   Section     1095  sfu_com_loader.o(.bss)
    m_aPacketData                            0x20002cf0   Data        1030  sfu_com_loader.o(.bss)
    .bss                                     0x20003137   Section      128  sfu_loader.o(.bss)
    fw_header                                0x20003137   Data         128  sfu_loader.o(.bss)
    .bss                                     0x200031b8   Section      304  stm32l496g_discovery.o(.bss)
    I2c2Handle                               0x200031b8   Data          76  stm32l496g_discovery.o(.bss)
    hI2cTSHandler                            0x20003204   Data          76  stm32l496g_discovery.o(.bss)
    hI2cAudioHandler                         0x20003250   Data          76  stm32l496g_discovery.o(.bss)
    hI2cCameraHandler                        0x2000329c   Data          76  stm32l496g_discovery.o(.bss)
    .bss                                     0x200032e8   Section      164  sfu_low_level.o(.bss)
    UartHandle                               0x200032e8   Data         128  sfu_low_level.o(.bss)
    CrcHandle                                0x20003368   Data          36  sfu_low_level.o(.bss)
    STACK                                    0x20003390   Section     4096  startup_stm32l496xx.o(STACK)

    Global Symbols

    Symbol Name                              Value     Ov Type        Size  Object(Section)

    BuildAttributes$$THM_ISAv4$E$P$D$K$B$S$7EM$VFPi3$EXTD16$VFPS$VFMA$PE$A:L22UL41UL21$X:L11$S22US41US21$IEEE1$IW$USESV6$~STKCKD$USESV7$~SHL$OSPACE$ROPI$EBA8$MICROLIB$REQ8$PRES8$EABIv2 0x00000000   Number         0  anon$$obj.o ABSOLUTE
    __ARM_use_no_argv                        0x00000000   Number         0  main.o ABSOLUTE
    _printf_a                                0x00000000   Number         0  stubs.o ABSOLUTE
    _printf_c                                0x00000000   Number         0  stubs.o ABSOLUTE
    _printf_charcount                        0x00000000   Number         0  stubs.o ABSOLUTE
    _printf_d                                0x00000000   Number         0  stubs.o ABSOLUTE
    _printf_e                                0x00000000   Number         0  stubs.o ABSOLUTE
    _printf_f                                0x00000000   Number         0  stubs.o ABSOLUTE
    _printf_flags                            0x00000000   Number         0  stubs.o ABSOLUTE
    _printf_fp_dec                           0x00000000   Number         0  stubs.o ABSOLUTE
    _printf_fp_hex                           0x00000000   Number         0  stubs.o ABSOLUTE
    _printf_g                                0x00000000   Number         0  stubs.o ABSOLUTE
    _printf_i                                0x00000000   Number         0  stubs.o ABSOLUTE
    _printf_int_dec                          0x00000000   Number         0  stubs.o ABSOLUTE
    _printf_l                                0x00000000   Number         0  stubs.o ABSOLUTE
    _printf_lc                               0x00000000   Number         0  stubs.o ABSOLUTE
    _printf_ll                               0x00000000   Number         0  stubs.o ABSOLUTE
    _printf_lld                              0x00000000   Number         0  stubs.o ABSOLUTE
    _printf_lli                              0x00000000   Number         0  stubs.o ABSOLUTE
    _printf_llo                              0x00000000   Number         0  stubs.o ABSOLUTE
    _printf_llu                              0x00000000   Number         0  stubs.o ABSOLUTE
    _printf_llx                              0x00000000   Number         0  stubs.o ABSOLUTE
    _printf_longlong_dec                     0x00000000   Number         0  stubs.o ABSOLUTE
    _printf_longlong_hex                     0x00000000   Number         0  stubs.o ABSOLUTE
    _printf_longlong_oct                     0x00000000   Number         0  stubs.o ABSOLUTE
    _printf_ls                               0x00000000   Number         0  stubs.o ABSOLUTE
    _printf_mbtowc                           0x00000000   Number         0  stubs.o ABSOLUTE
    _printf_n                                0x00000000   Number         0  stubs.o ABSOLUTE
    _printf_o                                0x00000000   Number         0  stubs.o ABSOLUTE
    _printf_p                                0x00000000   Number         0  stubs.o ABSOLUTE
    _printf_percent                          0x00000000   Number         0  stubs.o ABSOLUTE
    _printf_pre_padding                      0x00000000   Number         0  stubs.o ABSOLUTE
    _printf_return_value                     0x00000000   Number         0  stubs.o ABSOLUTE
    _printf_s                                0x00000000   Number         0  stubs.o ABSOLUTE
    _printf_sizespec                         0x00000000   Number         0  stubs.o ABSOLUTE
    _printf_str                              0x00000000   Number         0  stubs.o ABSOLUTE
    _printf_truncate_signed                  0x00000000   Number         0  stubs.o ABSOLUTE
    _printf_truncate_unsigned                0x00000000   Number         0  stubs.o ABSOLUTE
    _printf_u                                0x00000000   Number         0  stubs.o ABSOLUTE
    _printf_wc                               0x00000000   Number         0  stubs.o ABSOLUTE
    _printf_wctomb                           0x00000000   Number         0  stubs.o ABSOLUTE
    _printf_widthprec                        0x00000000   Number         0  stubs.o ABSOLUTE
    _printf_x                                0x00000000   Number         0  stubs.o ABSOLUTE
    __cpp_initialize__aeabi_                  - Undefined Weak Reference
    __cxa_finalize                            - Undefined Weak Reference
    _clock_init                               - Undefined Weak Reference
    _microlib_exit                            - Undefined Weak Reference
    __Vectors_Size                           0x000001ac   Number         0  startup_stm32l496xx.o ABSOLUTE
    __Vectors                                0x08000000   Data           4  startup_stm32l496xx.o(RESET)
    __Vectors_End                            0x080001ac   Data           0  startup_stm32l496xx.o(RESET)
    SE_EnterSecureMode                       0x08009401   Thumb Code     4  se_interface_common.o(.SE_IF_Code)
    SE_ExitSecureMode                        0x08009405   Thumb Code     4  se_interface_common.o(.SE_IF_Code)
    SE_Init                                  0x08009409   Thumb Code    50  se_interface_bootloader.o(.SE_IF_Code)
    SE_Startup                               0x0800943b   Thumb Code    46  se_interface_bootloader.o(.SE_IF_Code)
    SE_INFO_ReadBootInfo                     0x08009469   Thumb Code    48  se_interface_bootloader.o(.SE_IF_Code)
    SE_INFO_WriteBootInfo                    0x08009499   Thumb Code    48  se_interface_bootloader.o(.SE_IF_Code)
    SE_LockRestrictServices                  0x080094c9   Thumb Code    44  se_interface_bootloader.o(.SE_IF_Code)
    SE_SFU_IMG_Read                          0x080094f5   Thumb Code    60  se_interface_bootloader.o(.SE_IF_Code)
    SE_SFU_IMG_Write                         0x08009531   Thumb Code    58  se_interface_bootloader.o(.SE_IF_Code)
    SE_Encrypt_Init                          0x0800956b   Thumb Code    52  se_interface_bootloader.o(.SE_IF_Code)
    SE_Encrypt_Append                        0x0800959f   Thumb Code    64  se_interface_bootloader.o(.SE_IF_Code)
    SE_Encrypt_Finish                        0x080095df   Thumb Code    56  se_interface_bootloader.o(.SE_IF_Code)
    SE_Decrypt_Init                          0x08009617   Thumb Code    48  se_interface_bootloader.o(.SE_IF_Code)
    SE_Decrypt_Append                        0x08009647   Thumb Code    62  se_interface_bootloader.o(.SE_IF_Code)
    SE_Decrypt_Finish                        0x08009685   Thumb Code    54  se_interface_bootloader.o(.SE_IF_Code)
    SE_AuthenticateFW_Init                   0x080096bb   Thumb Code    48  se_interface_bootloader.o(.SE_IF_Code)
    SE_AuthenticateFW_Append                 0x080096eb   Thumb Code    62  se_interface_bootloader.o(.SE_IF_Code)
    SE_AuthenticateFW_Finish                 0x08009729   Thumb Code    54  se_interface_bootloader.o(.SE_IF_Code)
    SE_VerifyFwRawHeaderTag                  0x0800975f   Thumb Code    48  se_interface_bootloader.o(.SE_IF_Code)
    SE_APP_GetActiveFwInfo                   0x080097ad   Thumb Code    30  se_interface_application.o(.SE_IF_Code)
    __main                                   0x08009901   Thumb Code     0  entry.o(.ARM.Collect$$$$00000000)
    _main_stk                                0x08009901   Thumb Code     0  entry2.o(.ARM.Collect$$$$00000001)
    _main_scatterload                        0x08009905   Thumb Code     0  entry5.o(.ARM.Collect$$$$00000004)
    __main_after_scatterload                 0x08009909   Thumb Code     0  entry5.o(.ARM.Collect$$$$00000004)
    _main_clock                              0x08009909   Thumb Code     0  entry7b.o(.ARM.Collect$$$$00000008)
    _main_cpp_init                           0x08009909   Thumb Code     0  entry8b.o(.ARM.Collect$$$$0000000A)
    _main_init                               0x08009909   Thumb Code     0  entry9a.o(.ARM.Collect$$$$0000000B)
    __rt_final_cpp                           0x08009911   Thumb Code     0  entry10a.o(.ARM.Collect$$$$0000000D)
    __rt_final_exit                          0x08009911   Thumb Code     0  entry11a.o(.ARM.Collect$$$$0000000F)
    Reset_Handler                            0x08009915   Thumb Code     8  startup_stm32l496xx.o(.text)
    BusFault_Handler                         0x08009923   Thumb Code     2  startup_stm32l496xx.o(.text)
    UsageFault_Handler                       0x08009925   Thumb Code     2  startup_stm32l496xx.o(.text)
    SVC_Handler                              0x08009927   Thumb Code     2  startup_stm32l496xx.o(.text)
    DebugMon_Handler                         0x08009929   Thumb Code     2  startup_stm32l496xx.o(.text)
    PendSV_Handler                           0x0800992b   Thumb Code     2  startup_stm32l496xx.o(.text)
    ADC1_2_IRQHandler                        0x0800992f   Thumb Code     0  startup_stm32l496xx.o(.text)
    ADC3_IRQHandler                          0x0800992f   Thumb Code     0  startup_stm32l496xx.o(.text)
    CAN1_RX0_IRQHandler                      0x0800992f   Thumb Code     0  startup_stm32l496xx.o(.text)
    CAN1_RX1_IRQHandler                      0x0800992f   Thumb Code     0  startup_stm32l496xx.o(.text)
    CAN1_SCE_IRQHandler                      0x0800992f   Thumb Code     0  startup_stm32l496xx.o(.text)
    CAN1_TX_IRQHandler                       0x0800992f   Thumb Code     0  startup_stm32l496xx.o(.text)
    CAN2_RX0_IRQHandler                      0x0800992f   Thumb Code     0  startup_stm32l496xx.o(.text)
    CAN2_RX1_IRQHandler                      0x0800992f   Thumb Code     0  startup_stm32l496xx.o(.text)
    CAN2_SCE_IRQHandler                      0x0800992f   Thumb Code     0  startup_stm32l496xx.o(.text)
    CAN2_TX_IRQHandler                       0x0800992f   Thumb Code     0  startup_stm32l496xx.o(.text)
    COMP_IRQHandler                          0x0800992f   Thumb Code     0  startup_stm32l496xx.o(.text)
    CRS_IRQHandler                           0x0800992f   Thumb Code     0  startup_stm32l496xx.o(.text)
    DCMI_IRQHandler                          0x0800992f   Thumb Code     0  startup_stm32l496xx.o(.text)
    DFSDM1_FLT0_IRQHandler                   0x0800992f   Thumb Code     0  startup_stm32l496xx.o(.text)
    DFSDM1_FLT1_IRQHandler                   0x0800992f   Thumb Code     0  startup_stm32l496xx.o(.text)
    DFSDM1_FLT2_IRQHandler                   0x0800992f   Thumb Code     0  startup_stm32l496xx.o(.text)
    DFSDM1_FLT3_IRQHandler                   0x0800992f   Thumb Code     0  startup_stm32l496xx.o(.text)
    DMA1_Channel1_IRQHandler                 0x0800992f   Thumb Code     0  startup_stm32l496xx.o(.text)
    DMA1_Channel2_IRQHandler                 0x0800992f   Thumb Code     0  startup_stm32l496xx.o(.text)
    DMA1_Channel3_IRQHandler                 0x0800992f   Thumb Code     0  startup_stm32l496xx.o(.text)
    DMA1_Channel4_IRQHandler                 0x0800992f   Thumb Code     0  startup_stm32l496xx.o(.text)
    DMA1_Channel5_IRQHandler                 0x0800992f   Thumb Code     0  startup_stm32l496xx.o(.text)
    DMA1_Channel6_IRQHandler                 0x0800992f   Thumb Code     0  startup_stm32l496xx.o(.text)
    DMA1_Channel7_IRQHandler                 0x0800992f   Thumb Code     0  startup_stm32l496xx.o(.text)
    DMA2D_IRQHandler                         0x0800992f   Thumb Code     0  startup_stm32l496xx.o(.text)
    DMA2_Channel1_IRQHandler                 0x0800992f   Thumb Code     0  startup_stm32l496xx.o(.text)
    DMA2_Channel2_IRQHandler                 0x0800992f   Thumb Code     0  startup_stm32l496xx.o(.text)
    DMA2_Channel3_IRQHandler                 0x0800992f   Thumb Code     0  startup_stm32l496xx.o(.text)
    DMA2_Channel4_IRQHandler                 0x0800992f   Thumb Code     0  startup_stm32l496xx.o(.text)
    DMA2_Channel5_IRQHandler                 0x0800992f   Thumb Code     0  startup_stm32l496xx.o(.text)
    DMA2_Channel6_IRQHandler                 0x0800992f   Thumb Code     0  startup_stm32l496xx.o(.text)
    DMA2_Channel7_IRQHandler                 0x0800992f   Thumb Code     0  startup_stm32l496xx.o(.text)
    EXTI0_IRQHandler                         0x0800992f   Thumb Code     0  startup_stm32l496xx.o(.text)
    EXTI15_10_IRQHandler                     0x0800992f   Thumb Code     0  startup_stm32l496xx.o(.text)
    EXTI1_IRQHandler                         0x0800992f   Thumb Code     0  startup_stm32l496xx.o(.text)
    EXTI2_IRQHandler                         0x0800992f   Thumb Code     0  startup_stm32l496xx.o(.text)
    EXTI3_IRQHandler                         0x0800992f   Thumb Code     0  startup_stm32l496xx.o(.text)
    EXTI4_IRQHandler                         0x0800992f   Thumb Code     0  startup_stm32l496xx.o(.text)
    EXTI9_5_IRQHandler                       0x0800992f   Thumb Code     0  startup_stm32l496xx.o(.text)
    FLASH_IRQHandler                         0x0800992f   Thumb Code     0  startup_stm32l496xx.o(.text)
    FMC_IRQHandler                           0x0800992f   Thumb Code     0  startup_stm32l496xx.o(.text)
    FPU_IRQHandler                           0x0800992f   Thumb Code     0  startup_stm32l496xx.o(.text)
    I2C1_ER_IRQHandler                       0x0800992f   Thumb Code     0  startup_stm32l496xx.o(.text)
    I2C1_EV_IRQHandler                       0x0800992f   Thumb Code     0  startup_stm32l496xx.o(.text)
    I2C2_ER_IRQHandler                       0x0800992f   Thumb Code     0  startup_stm32l496xx.o(.text)
    I2C2_EV_IRQHandler                       0x0800992f   Thumb Code     0  startup_stm32l496xx.o(.text)
    I2C3_ER_IRQHandler                       0x0800992f   Thumb Code     0  startup_stm32l496xx.o(.text)
    I2C3_EV_IRQHandler                       0x0800992f   Thumb Code     0  startup_stm32l496xx.o(.text)
    I2C4_ER_IRQHandler                       0x0800992f   Thumb Code     0  startup_stm32l496xx.o(.text)
    I2C4_EV_IRQHandler                       0x0800992f   Thumb Code     0  startup_stm32l496xx.o(.text)
    LCD_IRQHandler                           0x0800992f   Thumb Code     0  startup_stm32l496xx.o(.text)
    LPTIM1_IRQHandler                        0x0800992f   Thumb Code     0  startup_stm32l496xx.o(.text)
    LPTIM2_IRQHandler                        0x0800992f   Thumb Code     0  startup_stm32l496xx.o(.text)
    LPUART1_IRQHandler                       0x0800992f   Thumb Code     0  startup_stm32l496xx.o(.text)
    OTG_FS_IRQHandler                        0x0800992f   Thumb Code     0  startup_stm32l496xx.o(.text)
    PVD_PVM_IRQHandler                       0x0800992f   Thumb Code     0  startup_stm32l496xx.o(.text)
    QUADSPI_IRQHandler                       0x0800992f   Thumb Code     0  startup_stm32l496xx.o(.text)
    RCC_IRQHandler                           0x0800992f   Thumb Code     0  startup_stm32l496xx.o(.text)
    RNG_IRQHandler                           0x0800992f   Thumb Code     0  startup_stm32l496xx.o(.text)
    RTC_Alarm_IRQHandler                     0x0800992f   Thumb Code     0  startup_stm32l496xx.o(.text)
    RTC_WKUP_IRQHandler                      0x0800992f   Thumb Code     0  startup_stm32l496xx.o(.text)
    SAI1_IRQHandler                          0x0800992f   Thumb Code     0  startup_stm32l496xx.o(.text)
    SAI2_IRQHandler                          0x0800992f   Thumb Code     0  startup_stm32l496xx.o(.text)
    SDMMC1_IRQHandler                        0x0800992f   Thumb Code     0  startup_stm32l496xx.o(.text)
    SPI1_IRQHandler                          0x0800992f   Thumb Code     0  startup_stm32l496xx.o(.text)
    SPI2_IRQHandler                          0x0800992f   Thumb Code     0  startup_stm32l496xx.o(.text)
    SPI3_IRQHandler                          0x0800992f   Thumb Code     0  startup_stm32l496xx.o(.text)
    SWPMI1_IRQHandler                        0x0800992f   Thumb Code     0  startup_stm32l496xx.o(.text)
    TAMP_STAMP_IRQHandler                    0x0800992f   Thumb Code     0  startup_stm32l496xx.o(.text)
    TIM1_BRK_TIM15_IRQHandler                0x0800992f   Thumb Code     0  startup_stm32l496xx.o(.text)
    TIM1_CC_IRQHandler                       0x0800992f   Thumb Code     0  startup_stm32l496xx.o(.text)
    TIM1_TRG_COM_TIM17_IRQHandler            0x0800992f   Thumb Code     0  startup_stm32l496xx.o(.text)
    TIM1_UP_TIM16_IRQHandler                 0x0800992f   Thumb Code     0  startup_stm32l496xx.o(.text)
    TIM2_IRQHandler                          0x0800992f   Thumb Code     0  startup_stm32l496xx.o(.text)
    TIM3_IRQHandler                          0x0800992f   Thumb Code     0  startup_stm32l496xx.o(.text)
    TIM4_IRQHandler                          0x0800992f   Thumb Code     0  startup_stm32l496xx.o(.text)
    TIM5_IRQHandler                          0x0800992f   Thumb Code     0  startup_stm32l496xx.o(.text)
    TIM6_DAC_IRQHandler                      0x0800992f   Thumb Code     0  startup_stm32l496xx.o(.text)
    TIM7_IRQHandler                          0x0800992f   Thumb Code     0  startup_stm32l496xx.o(.text)
    TIM8_BRK_IRQHandler                      0x0800992f   Thumb Code     0  startup_stm32l496xx.o(.text)
    TIM8_CC_IRQHandler                       0x0800992f   Thumb Code     0  startup_stm32l496xx.o(.text)
    TIM8_TRG_COM_IRQHandler                  0x0800992f   Thumb Code     0  startup_stm32l496xx.o(.text)
    TIM8_UP_IRQHandler                       0x0800992f   Thumb Code     0  startup_stm32l496xx.o(.text)
    TSC_IRQHandler                           0x0800992f   Thumb Code     0  startup_stm32l496xx.o(.text)
    UART4_IRQHandler                         0x0800992f   Thumb Code     0  startup_stm32l496xx.o(.text)
    UART5_IRQHandler                         0x0800992f   Thumb Code     0  startup_stm32l496xx.o(.text)
    USART1_IRQHandler                        0x0800992f   Thumb Code     0  startup_stm32l496xx.o(.text)
    USART2_IRQHandler                        0x0800992f   Thumb Code     0  startup_stm32l496xx.o(.text)
    USART3_IRQHandler                        0x0800992f   Thumb Code     0  startup_stm32l496xx.o(.text)
    WWDG_IRQHandler                          0x0800992f   Thumb Code     0  startup_stm32l496xx.o(.text)
    __aeabi_uldivmod                         0x08009939   Thumb Code    98  uldiv.o(.text)
    __aeabi_memcpy                           0x080099a1   Thumb Code    36  memcpya.o(.text)
    __aeabi_memcpy4                          0x080099a1   Thumb Code     0  memcpya.o(.text)
    __aeabi_memcpy8                          0x080099a1   Thumb Code     0  memcpya.o(.text)
    __aeabi_memset                           0x080099c5   Thumb Code    14  memseta.o(.text)
    __aeabi_memset4                          0x080099c5   Thumb Code     0  memseta.o(.text)
    __aeabi_memset8                          0x080099c5   Thumb Code     0  memseta.o(.text)
    __aeabi_memclr                           0x080099d3   Thumb Code     4  memseta.o(.text)
    __aeabi_memclr4                          0x080099d3   Thumb Code     0  memseta.o(.text)
    __aeabi_memclr8                          0x080099d3   Thumb Code     0  memseta.o(.text)
    _memset$wrapper                          0x080099d7   Thumb Code    18  memseta.o(.text)
    memcmp                                   0x080099e9   Thumb Code    26  memcmp.o(.text)
    __aeabi_llsl                             0x08009a03   Thumb Code    30  llshl.o(.text)
    _ll_shift_l                              0x08009a03   Thumb Code     0  llshl.o(.text)
    __aeabi_llsr                             0x08009a21   Thumb Code    32  llushr.o(.text)
    _ll_ushift_r                             0x08009a21   Thumb Code     0  llushr.o(.text)
    __scatterload                            0x08009a41   Thumb Code    28  init.o(.text)
    __scatterload_rt2                        0x08009a41   Thumb Code     0  init.o(.text)
    __decompress                             0x08009a65   Thumb Code     0  __dczerorl2.o(.text)
    __decompress1                            0x08009a65   Thumb Code    86  __dczerorl2.o(.text)
    BSP_ErrorHandler                         0x08009abb   Thumb Code     2  stm32l496g_discovery.o(i.BSP_ErrorHandler)
    BSP_IO_ConfigPin                         0x08009abd   Thumb Code    22  stm32l496g_discovery_io.o(i.BSP_IO_ConfigPin)
    BSP_IO_Init                              0x08009add   Thumb Code    74  stm32l496g_discovery_io.o(i.BSP_IO_Init)
    BSP_IO_TogglePin                         0x08009b39   Thumb Code    38  stm32l496g_discovery_io.o(i.BSP_IO_TogglePin)
    BSP_IO_WritePin                          0x08009b69   Thumb Code    16  stm32l496g_discovery_io.o(i.BSP_IO_WritePin)
    BSP_JOY_GetState                         0x08009b81   Thumb Code    40  stm32l496g_discovery.o(i.BSP_JOY_GetState)
    BSP_JOY_Init                             0x08009bb1   Thumb Code   186  stm32l496g_discovery.o(i.BSP_JOY_Init)
    BSP_LED_Init                             0x08009c85   Thumb Code   106  stm32l496g_discovery.o(i.BSP_LED_Init)
    BSP_LED_Off                              0x08009cfd   Thumb Code    26  stm32l496g_discovery.o(i.BSP_LED_Off)
    BSP_LED_Toggle                           0x08009d21   Thumb Code    22  stm32l496g_discovery.o(i.BSP_LED_Toggle)
    FLASH_FlushCaches                        0x0800a19d   Thumb Code    76  stm32l4xx_hal_flash_ex.o(i.FLASH_FlushCaches)
    FLASH_PageErase                          0x0800a4f9   Thumb Code    46  stm32l4xx_hal_flash_ex.o(i.FLASH_PageErase)
    FLASH_WaitForLastOperation               0x0800a575   Thumb Code   104  stm32l4xx_hal_flash.o(i.FLASH_WaitForLastOperation)
    HAL_CRCEx_Polynomial_Set                 0x0800a6b1   Thumb Code    78  stm32l4xx_hal_crc_ex.o(i.HAL_CRCEx_Polynomial_Set)
    HAL_CRC_Calculate                        0x0800a6ff   Thumb Code    76  stm32l4xx_hal_crc.o(i.HAL_CRC_Calculate)
    HAL_CRC_Init                             0x0800a74d   Thumb Code   112  stm32l4xx_hal_crc.o(i.HAL_CRC_Init)
    HAL_CRC_MspInit                          0x0800a7c1   Thumb Code     2  stm32l4xx_hal_crc.o(i.HAL_CRC_MspInit)
    HAL_Delay                                0x0800a7c5   Thumb Code    32  stm32l4xx_hal.o(i.HAL_Delay)
    HAL_FLASHEx_Erase                        0x0800a7e9   Thumb Code   218  stm32l4xx_hal_flash_ex.o(i.HAL_FLASHEx_Erase)
    HAL_FLASHEx_OBGetConfig                  0x0800a8d5   Thumb Code   148  stm32l4xx_hal_flash_ex.o(i.HAL_FLASHEx_OBGetConfig)
    HAL_FLASHEx_OBProgram                    0x0800a96d   Thumb Code   164  stm32l4xx_hal_flash_ex.o(i.HAL_FLASHEx_OBProgram)
    HAL_FLASH_Lock                           0x0800aa19   Thumb Code    14  stm32l4xx_hal_flash.o(i.HAL_FLASH_Lock)
    HAL_FLASH_OB_Launch                      0x0800aa2d   Thumb Code    18  stm32l4xx_hal_flash.o(i.HAL_FLASH_OB_Launch)
    HAL_FLASH_OB_Lock                        0x0800aa45   Thumb Code    14  stm32l4xx_hal_flash.o(i.HAL_FLASH_OB_Lock)
    HAL_FLASH_OB_Unlock                      0x0800aa59   Thumb Code    24  stm32l4xx_hal_flash.o(i.HAL_FLASH_OB_Unlock)
    HAL_FLASH_Program                        0x0800aa7d   Thumb Code   156  stm32l4xx_hal_flash.o(i.HAL_FLASH_Program)
    HAL_FLASH_Unlock                         0x0800ab29   Thumb Code    28  stm32l4xx_hal_flash.o(i.HAL_FLASH_Unlock)
    HAL_GPIO_DeInit                          0x0800ab51   Thumb Code   326  stm32l4xx_hal_gpio.o(i.HAL_GPIO_DeInit)
    HAL_GPIO_Init                            0x0800acc5   Thumb Code   398  stm32l4xx_hal_gpio.o(i.HAL_GPIO_Init)
    HAL_GPIO_ReadPin                         0x0800ae83   Thumb Code    10  stm32l4xx_hal_gpio.o(i.HAL_GPIO_ReadPin)
    HAL_GPIO_TogglePin                       0x0800ae8d   Thumb Code    14  stm32l4xx_hal_gpio.o(i.HAL_GPIO_TogglePin)
    HAL_GPIO_WritePin                        0x0800ae9b   Thumb Code    10  stm32l4xx_hal_gpio.o(i.HAL_GPIO_WritePin)
    HAL_GetTick                              0x0800aea5   Thumb Code     6  stm32l4xx_hal.o(i.HAL_GetTick)
    HAL_I2C_DeInit                           0x0800aeb1   Thumb Code    50  stm32l4xx_hal_i2c.o(i.HAL_I2C_DeInit)
    HAL_I2C_GetState                         0x0800aee3   Thumb Code     6  stm32l4xx_hal_i2c.o(i.HAL_I2C_GetState)
    HAL_I2C_Init                             0x0800aee9   Thumb Code   178  stm32l4xx_hal_i2c.o(i.HAL_I2C_Init)
    HAL_I2C_IsDeviceReady                    0x0800afa1   Thumb Code   282  stm32l4xx_hal_i2c.o(i.HAL_I2C_IsDeviceReady)
    HAL_I2C_Mem_Read                         0x0800b0cd   Thumb Code   346  stm32l4xx_hal_i2c.o(i.HAL_I2C_Mem_Read)
    HAL_I2C_Mem_Write                        0x0800b239   Thumb Code   340  stm32l4xx_hal_i2c.o(i.HAL_I2C_Mem_Write)
    HAL_I2C_MspDeInit                        0x0800b397   Thumb Code     2  stm32l4xx_hal_i2c.o(i.HAL_I2C_MspDeInit)
    HAL_I2C_MspInit                          0x0800b399   Thumb Code     2  stm32l4xx_hal_i2c.o(i.HAL_I2C_MspInit)
    HAL_IncTick                              0x0800b39d   Thumb Code    12  stm32l4xx_hal.o(i.HAL_IncTick)
    HAL_Init                                 0x0800b3ad   Thumb Code    30  stm32l4xx_hal.o(i.HAL_Init)
    HAL_InitTick                             0x0800b3cd   Thumb Code    58  stm32l4xx_hal.o(i.HAL_InitTick)
    HAL_MPU_Disable                          0x0800b411   Thumb Code    24  stm32l4xx_hal_cortex.o(i.HAL_MPU_Disable)
    HAL_MspInit                              0x0800b42d   Thumb Code    86  stm32l4xx_hal_msp.o(i.HAL_MspInit)
    HAL_NVIC_DisableIRQ                      0x0800b489   Thumb Code    22  stm32l4xx_hal_cortex.o(i.HAL_NVIC_DisableIRQ)
    HAL_NVIC_EnableIRQ                       0x0800b49f   Thumb Code    22  stm32l4xx_hal_cortex.o(i.HAL_NVIC_EnableIRQ)
    HAL_NVIC_SetPriority                     0x0800b4b5   Thumb Code    60  stm32l4xx_hal_cortex.o(i.HAL_NVIC_SetPriority)
    HAL_NVIC_SetPriorityGrouping             0x0800b4f5   Thumb Code    26  stm32l4xx_hal_cortex.o(i.HAL_NVIC_SetPriorityGrouping)
    HAL_PWREx_GetVoltageRange                0x0800b519   Thumb Code    10  stm32l4xx_hal_pwr_ex.o(i.HAL_PWREx_GetVoltageRange)
    HAL_RCCEx_PeriphCLKConfig                0x0800b529   Thumb Code   954  stm32l4xx_hal_rcc_ex.o(i.HAL_RCCEx_PeriphCLKConfig)
    HAL_RCC_ClockConfig                      0x0800b8f5   Thumb Code   266  stm32l4xx_hal_rcc.o(i.HAL_RCC_ClockConfig)
    HAL_RCC_GetPCLK1Freq                     0x0800ba15   Thumb Code    24  stm32l4xx_hal_rcc.o(i.HAL_RCC_GetPCLK1Freq)
    HAL_RCC_GetPCLK2Freq                     0x0800ba39   Thumb Code    24  stm32l4xx_hal_rcc.o(i.HAL_RCC_GetPCLK2Freq)
    HAL_RCC_GetSysClockFreq                  0x0800ba5d   Thumb Code   150  stm32l4xx_hal_rcc.o(i.HAL_RCC_GetSysClockFreq)
    HAL_RCC_OscConfig                        0x0800bb01   Thumb Code  1312  stm32l4xx_hal_rcc.o(i.HAL_RCC_OscConfig)
    HAL_SYSTICK_Callback                     0x0800c029   Thumb Code     2  stm32l4xx_hal_cortex.o(i.HAL_SYSTICK_Callback)
    HAL_SYSTICK_Config                       0x0800c02b   Thumb Code    40  stm32l4xx_hal_cortex.o(i.HAL_SYSTICK_Config)
    HAL_SYSTICK_IRQHandler                   0x0800c053   Thumb Code     8  stm32l4xx_hal_cortex.o(i.HAL_SYSTICK_IRQHandler)
    HAL_UART_Init                            0x0800c05b   Thumb Code   102  stm32l4xx_hal_uart.o(i.HAL_UART_Init)
    HAL_UART_MspInit                         0x0800c0c1   Thumb Code     4  stm32l4xx_hal_msp.o(i.HAL_UART_MspInit)
    HAL_UART_Receive                         0x0800c0c5   Thumb Code   236  stm32l4xx_hal_uart.o(i.HAL_UART_Receive)
    HAL_UART_Transmit                        0x0800c1b7   Thumb Code   180  stm32l4xx_hal_uart.o(i.HAL_UART_Transmit)
    HardFault_Handler                        0x0800c26b   Thumb Code     6  sfu_boot.o(i.HardFault_Handler)
    I2C2_DeInit                              0x0800c271   Thumb Code    30  stm32l496g_discovery.o(i.I2C2_DeInit)
    I2C2_Init                                0x0800c295   Thumb Code    58  stm32l496g_discovery.o(i.I2C2_Init)
    MFX_IO_DeInit                            0x0800c709   Thumb Code    84  stm32l496g_discovery.o(i.MFX_IO_DeInit)
    MFX_IO_Delay                             0x0800c769   Thumb Code     4  stm32l496g_discovery.o(i.MFX_IO_Delay)
    MFX_IO_EnableWakeupPin                   0x0800c76d   Thumb Code    50  stm32l496g_discovery.o(i.MFX_IO_EnableWakeupPin)
    MFX_IO_ITConfig                          0x0800c7a9   Thumb Code    64  stm32l496g_discovery.o(i.MFX_IO_ITConfig)
    MFX_IO_Init                              0x0800c7f5   Thumb Code    32  stm32l496g_discovery.o(i.MFX_IO_Init)
    MFX_IO_Read                              0x0800c819   Thumb Code     6  stm32l496g_discovery.o(i.MFX_IO_Read)
    MFX_IO_ReadMultiple                      0x0800c81f   Thumb Code    14  stm32l496g_discovery.o(i.MFX_IO_ReadMultiple)
    MFX_IO_Wakeup                            0x0800c82d   Thumb Code    34  stm32l496g_discovery.o(i.MFX_IO_Wakeup)
    MFX_IO_Write                             0x0800c855   Thumb Code    46  stm32l496g_discovery.o(i.MFX_IO_Write)
    MemManage_Handler                        0x0800c88d   Thumb Code     6  sfu_boot.o(i.MemManage_Handler)
    NMI_Handler                              0x0800c895   Thumb Code    54  sfu_low_level_flash.o(i.NMI_Handler)
    SFU_BOOT_ForceReboot                     0x0800d001   Thumb Code    38  sfu_boot.o(i.SFU_BOOT_ForceReboot)
    SFU_BOOT_IrqExceptionHandler             0x0800d17d   Thumb Code    22  sfu_error.o(i.SFU_BOOT_IrqExceptionHandler)
    SFU_BOOT_RunSecureBootService            0x0800d601   Thumb Code   120  sfu_boot.o(i.SFU_BOOT_RunSecureBootService)
    SFU_BOOT_SetLastExecError                0x0800dd55   Thumb Code    42  sfu_error.o(i.SFU_BOOT_SetLastExecError)
    SFU_BOOT_StateExceptionHandler           0x0800dde5   Thumb Code   132  sfu_error.o(i.SFU_BOOT_StateExceptionHandler)
    SFU_COM_DeInit                           0x0800de71   Thumb Code     4  sfu_com_trace.o(i.SFU_COM_DeInit)
    SFU_COM_Init                             0x0800de75   Thumb Code     4  sfu_com_trace.o(i.SFU_COM_Init)
    SFU_COM_Serial_PutByte                   0x0800de79   Thumb Code    14  sfu_com_loader.o(i.SFU_COM_Serial_PutByte)
    SFU_COM_Serial_PutString                 0x0800de87   Thumb Code    26  sfu_com_trace.o(i.SFU_COM_Serial_PutString)
    SFU_COM_Transmit                         0x0800dea1   Thumb Code     4  sfu_com_loader.o(i.SFU_COM_Transmit)
    SFU_COM_YMODEM_DataPktRxCpltCallback     0x0800dea5   Thumb Code   188  sfu_loader.o(i.SFU_COM_YMODEM_DataPktRxCpltCallback)
    SFU_COM_YMODEM_HeaderPktRxCpltCallback   0x0800df69   Thumb Code    30  sfu_loader.o(i.SFU_COM_YMODEM_HeaderPktRxCpltCallback)
    SFU_COM_YMODEM_Receive                   0x0800df8d   Thumb Code   408  sfu_com_loader.o(i.SFU_COM_YMODEM_Receive)
    SFU_EXCPT_Check_Code                     0x0800e137   Thumb Code     4  sfu_error.o(i.SFU_EXCPT_Check_Code)
    SFU_EXCPT_DeInit                         0x0800e13b   Thumb Code     4  sfu_error.o(i.SFU_EXCPT_DeInit)
    SFU_EXCPT_Init                           0x0800e13f   Thumb Code     4  sfu_error.o(i.SFU_EXCPT_Init)
    SFU_EXCPT_ResetExceptionHandler          0x0800e145   Thumb Code    22  sfu_error.o(i.SFU_EXCPT_ResetExceptionHandler)
    SFU_IMG_CheckCandidateImage              0x0800e7a1   Thumb Code    96  sfu_fwimg_services.o(i.SFU_IMG_CheckCandidateImage)
    SFU_IMG_CheckCandidateMetadata           0x0800e8c1   Thumb Code    98  sfu_fwimg_services.o(i.SFU_IMG_CheckCandidateMetadata)
    SFU_IMG_CheckPendingInstallation         0x0800e999   Thumb Code    34  sfu_fwimg_services.o(i.SFU_IMG_CheckPendingInstallation)
    SFU_IMG_CheckRollbackConditions          0x0800e9c1   Thumb Code    56  sfu_fwimg_services.o(i.SFU_IMG_CheckRollbackConditions)
    SFU_IMG_CheckSlot0FwValid                0x0800ea25   Thumb Code    94  sfu_fwimg_core.o(i.SFU_IMG_CheckSlot0FwValid)
    SFU_IMG_CheckTrailerValid                0x0800eae9   Thumb Code   476  sfu_fwimg_core.o(i.SFU_IMG_CheckTrailerValid)
    SFU_IMG_CoreDeInit                       0x0800ed39   Thumb Code     4  sfu_fwimg_core.o(i.SFU_IMG_CoreDeInit)
    SFU_IMG_CoreInit                         0x0800ed3d   Thumb Code    30  sfu_fwimg_core.o(i.SFU_IMG_CoreInit)
    SFU_IMG_FirmwareToInstall                0x0800eda5   Thumb Code   196  sfu_fwimg_core.o(i.SFU_IMG_FirmwareToInstall)
    SFU_IMG_GetActiveFwVersion               0x0800eec9   Thumb Code    30  sfu_fwimg_services.o(i.SFU_IMG_GetActiveFwVersion)
    SFU_IMG_GetDownloadAreaInfo              0x0800eee9   Thumb Code    24  sfu_new_image.o(i.SFU_IMG_GetDownloadAreaInfo)
    SFU_IMG_GetFWInfoMAC                     0x0800ef05   Thumb Code    68  sfu_fwimg_core.o(i.SFU_IMG_GetFWInfoMAC)
    SFU_IMG_HasValidActiveFirmware           0x0800ef4d   Thumb Code    28  sfu_fwimg_services.o(i.SFU_IMG_HasValidActiveFirmware)
    SFU_IMG_InitImageHandling                0x0800ef69   Thumb Code     4  sfu_fwimg_services.o(i.SFU_IMG_InitImageHandling)
    SFU_IMG_InstallAtNextReset               0x0800ef6d   Thumb Code    80  sfu_new_image.o(i.SFU_IMG_InstallAtNextReset)
    SFU_IMG_InstallNewVersion                0x0800efc1   Thumb Code   188  sfu_fwimg_core.o(i.SFU_IMG_InstallNewVersion)
    SFU_IMG_InvalidateCurrentFirmware        0x0800f085   Thumb Code    18  sfu_fwimg_services.o(i.SFU_IMG_InvalidateCurrentFirmware)
    SFU_IMG_LaunchActiveImg                  0x0800f09d   Thumb Code    24  sfu_fwimg_services.o(i.SFU_IMG_LaunchActiveImg)
    SFU_IMG_PrepareCandidateImageForInstall  0x0800f0b9   Thumb Code    80  sfu_fwimg_core.o(i.SFU_IMG_PrepareCandidateImageForInstall)
    SFU_IMG_Recover                          0x0800f165   Thumb Code    40  sfu_fwimg_core.o(i.SFU_IMG_Recover)
    SFU_IMG_RollBack                         0x0800f1f5   Thumb Code    22  sfu_fwimg_core.o(i.SFU_IMG_RollBack)
    SFU_IMG_ShutdownImageHandling            0x0800f211   Thumb Code     4  sfu_fwimg_services.o(i.SFU_IMG_ShutdownImageHandling)
    SFU_IMG_TriggerImageInstallation         0x0800f215   Thumb Code    20  sfu_fwimg_services.o(i.SFU_IMG_TriggerImageInstallation)
    SFU_IMG_TriggerRecoveryProcedure         0x0800f229   Thumb Code     4  sfu_fwimg_services.o(i.SFU_IMG_TriggerRecoveryProcedure)
    SFU_IMG_TriggerRollbackProcedure         0x0800f22d   Thumb Code     4  sfu_fwimg_services.o(i.SFU_IMG_TriggerRollbackProcedure)
    SFU_IMG_ValidFwInSlot1                   0x0800f231   Thumb Code    86  sfu_fwimg_core.o(i.SFU_IMG_ValidFwInSlot1)
    SFU_IMG_Validation                       0x0800f2f1   Thumb Code     4  sfu_fwimg_services.o(i.SFU_IMG_Validation)
    SFU_IMG_VerifyActiveImg                  0x0800f2f5   Thumb Code    36  sfu_fwimg_services.o(i.SFU_IMG_VerifyActiveImg)
    SFU_IMG_VerifyActiveImgMetadata          0x0800f35d   Thumb Code     8  sfu_fwimg_services.o(i.SFU_IMG_VerifyActiveImgMetadata)
    SFU_IMG_VerifyFwSignature                0x0800f369   Thumb Code    46  sfu_fwimg_core.o(i.SFU_IMG_VerifyFwSignature)
    SFU_IMG_WriteHeaderValidated             0x0800f39d   Thumb Code   116  sfu_fwimg_core.o(i.SFU_IMG_WriteHeaderValidated)
    SFU_LL_CRC_Calculate                     0x0800f471   Thumb Code    10  sfu_low_level.o(i.SFU_LL_CRC_Calculate)
    SFU_LL_CRC_Config                        0x0800f481   Thumb Code    68  sfu_low_level.o(i.SFU_LL_CRC_Config)
    SFU_LL_CRC_Init                          0x0800f4cd   Thumb Code    28  sfu_low_level.o(i.SFU_LL_CRC_Init)
    SFU_LL_DeInit                            0x0800f4ed   Thumb Code     4  sfu_low_level.o(i.SFU_LL_DeInit)
    SFU_LL_FLASH_Erase_Size                  0x0800f4f1   Thumb Code   264  sfu_low_level_flash.o(i.SFU_LL_FLASH_Erase_Size)
    SFU_LL_FLASH_GetBank                     0x0800f605   Thumb Code    66  sfu_low_level_flash.o(i.SFU_LL_FLASH_GetBank)
    SFU_LL_FLASH_GetPage                     0x0800f651   Thumb Code    64  sfu_low_level_flash.o(i.SFU_LL_FLASH_GetPage)
    SFU_LL_FLASH_Read                        0x0800f6c1   Thumb Code    68  sfu_low_level_flash.o(i.SFU_LL_FLASH_Read)
    SFU_LL_FLASH_Write                       0x0800f711   Thumb Code   186  sfu_low_level_flash.o(i.SFU_LL_FLASH_Write)
    SFU_LL_Init                              0x0800f7db   Thumb Code     4  sfu_low_level.o(i.SFU_LL_Init)
    SFU_LL_SB_SRAM_Erase                     0x0800f7e1   Thumb Code    14  sfu_low_level.o(i.SFU_LL_SB_SRAM_Erase)
    SFU_LL_SECU_CheckApplyRuntimeProtections 0x0800f7f9   Thumb Code    16  sfu_low_level_security.o(i.SFU_LL_SECU_CheckApplyRuntimeProtections)
    SFU_LL_SECU_CheckApplyStaticProtections  0x0800f82d   Thumb Code   118  sfu_low_level_security.o(i.SFU_LL_SECU_CheckApplyStaticProtections)
    SFU_LL_SECU_ClearResetSources            0x0800f8f5   Thumb Code    14  sfu_low_level_security.o(i.SFU_LL_SECU_ClearResetSources)
    SFU_LL_SECU_ExitSecureBootExecution      0x0800f909   Thumb Code    12  sfu_low_level_security.o(i.SFU_LL_SECU_ExitSecureBootExecution)
    SFU_LL_SECU_GetResetSources              0x0800f915   Thumb Code    76  sfu_low_level_security.o(i.SFU_LL_SECU_GetResetSources)
    SFU_LL_SECU_IWDG_Refresh                 0x0800f965   Thumb Code     4  sfu_low_level_security.o(i.SFU_LL_SECU_IWDG_Refresh)
    SFU_LL_UART_DeInit                       0x0800f969   Thumb Code     4  sfu_low_level.o(i.SFU_LL_UART_DeInit)
    SFU_LL_UART_Flush                        0x0800f96d   Thumb Code    26  sfu_low_level.o(i.SFU_LL_UART_Flush)
    SFU_LL_UART_Init                         0x0800f98d   Thumb Code    50  sfu_low_level.o(i.SFU_LL_UART_Init)
    SFU_LL_UART_MspInit                      0x0800f9c9   Thumb Code   104  sfu_low_level.o(i.SFU_LL_UART_MspInit)
    SFU_LL_UART_Receive                      0x0800fa3d   Thumb Code    28  sfu_low_level.o(i.SFU_LL_UART_Receive)
    SFU_LL_UART_Transmit                     0x0800fa5d   Thumb Code    28  sfu_low_level.o(i.SFU_LL_UART_Transmit)
    SFU_LOADER_CheckLocalDownloadReq         0x0800fa7d   Thumb Code    16  sfu_loader.o(i.SFU_LOADER_CheckLocalDownloadReq)
    SFU_LOADER_DeInit                        0x0800fa8d   Thumb Code     4  sfu_loader.o(i.SFU_LOADER_DeInit)
    SFU_LOADER_DownloadNewUserFw             0x0800fa91   Thumb Code    80  sfu_loader.o(i.SFU_LOADER_DownloadNewUserFw)
    SFU_LOADER_Init                          0x0800fb09   Thumb Code     4  sfu_loader.o(i.SFU_LOADER_Init)
    SysTick_Handler                          0x0800fe6f   Thumb Code    14  stm32l4xx_it.o(i.SysTick_Handler)
    SystemClock_Config                       0x0800fe7d   Thumb Code   100  main.o(i.SystemClock_Config)
    SystemInit                               0x0800fee1   Thumb Code    56  system_stm32l4xx.o(i.SystemInit)
    UART_AdvFeatureConfig                    0x0800ff25   Thumb Code   200  stm32l4xx_hal_uart.o(i.UART_AdvFeatureConfig)
    UART_CheckIdleState                      0x0800ffed   Thumb Code    88  stm32l4xx_hal_uart.o(i.UART_CheckIdleState)
    UART_SetConfig                           0x08010045   Thumb Code   622  stm32l4xx_hal_uart.o(i.UART_SetConfig)
    UART_WaitOnFlagUntilTimeout              0x080102e5   Thumb Code    96  stm32l4xx_hal_uart.o(i.UART_WaitOnFlagUntilTimeout)
    __0printf$5                              0x08010565   Thumb Code    22  printf5.o(i.__0printf$5)
    __1printf$5                              0x08010565   Thumb Code     0  printf5.o(i.__0printf$5)
    __2printf                                0x08010565   Thumb Code     0  printf5.o(i.__0printf$5)
    __scatterload_copy                       0x08010585   Thumb Code    14  handlers.o(i.__scatterload_copy)
    __scatterload_null                       0x08010593   Thumb Code     2  handlers.o(i.__scatterload_null)
    __scatterload_zeroinit                   0x08010595   Thumb Code    14  handlers.o(i.__scatterload_zeroinit)
    fputc                                    0x0801086b   Thumb Code    18  sfu_com_trace.o(i.fputc)
    main                                     0x0801087d   Thumb Code    22  main.o(i.main)
    mfxstm32l152_ClearGlobalIT               0x08010893   Thumb Code     8  mfxstm32l152.o(i.mfxstm32l152_ClearGlobalIT)
    mfxstm32l152_DeInit                      0x0801089d   Thumb Code    32  mfxstm32l152.o(i.mfxstm32l152_DeInit)
    mfxstm32l152_DisableITSource             0x080108c1   Thumb Code    28  mfxstm32l152.o(i.mfxstm32l152_DisableITSource)
    mfxstm32l152_EnableITSource              0x080108dd   Thumb Code    28  mfxstm32l152.o(i.mfxstm32l152_EnableITSource)
    mfxstm32l152_Error_ClearIT               0x080108f9   Thumb Code     6  mfxstm32l152.o(i.mfxstm32l152_Error_ClearIT)
    mfxstm32l152_Error_DisableIT             0x080108ff   Thumb Code     6  mfxstm32l152.o(i.mfxstm32l152_Error_DisableIT)
    mfxstm32l152_Error_EnableIT              0x08010905   Thumb Code    20  mfxstm32l152.o(i.mfxstm32l152_Error_EnableIT)
    mfxstm32l152_Error_GetITStatus           0x08010919   Thumb Code    14  mfxstm32l152.o(i.mfxstm32l152_Error_GetITStatus)
    mfxstm32l152_Error_ReadMsg               0x08010927   Thumb Code     8  mfxstm32l152.o(i.mfxstm32l152_Error_ReadMsg)
    mfxstm32l152_Error_ReadSrc               0x0801092f   Thumb Code     8  mfxstm32l152.o(i.mfxstm32l152_Error_ReadSrc)
    mfxstm32l152_IDD_ClearIT                 0x08010955   Thumb Code     6  mfxstm32l152.o(i.mfxstm32l152_IDD_ClearIT)
    mfxstm32l152_IDD_Config                  0x0801095b   Thumb Code   374  mfxstm32l152.o(i.mfxstm32l152_IDD_Config)
    mfxstm32l152_IDD_DisableIT               0x08010adb   Thumb Code     6  mfxstm32l152.o(i.mfxstm32l152_IDD_DisableIT)
    mfxstm32l152_IDD_EnableIT                0x08010ae1   Thumb Code    20  mfxstm32l152.o(i.mfxstm32l152_IDD_EnableIT)
    mfxstm32l152_IDD_GetITStatus             0x08010af5   Thumb Code    14  mfxstm32l152.o(i.mfxstm32l152_IDD_GetITStatus)
    mfxstm32l152_IDD_GetValue                0x08010b03   Thumb Code    40  mfxstm32l152.o(i.mfxstm32l152_IDD_GetValue)
    mfxstm32l152_IDD_Start                   0x08010b2b   Thumb Code    28  mfxstm32l152.o(i.mfxstm32l152_IDD_Start)
    mfxstm32l152_IO_ClearIT                  0x08010b47   Thumb Code    56  mfxstm32l152.o(i.mfxstm32l152_IO_ClearIT)
    mfxstm32l152_IO_Config                   0x08010b7f   Thumb Code   632  mfxstm32l152.o(i.mfxstm32l152_IO_Config)
    mfxstm32l152_IO_DisableIT                0x08010df7   Thumb Code     6  mfxstm32l152.o(i.mfxstm32l152_IO_DisableIT)
    mfxstm32l152_IO_DisablePinIT             0x08010dfd   Thumb Code    10  mfxstm32l152.o(i.mfxstm32l152_IO_DisablePinIT)
    mfxstm32l152_IO_EnableIT                 0x08010e07   Thumb Code    20  mfxstm32l152.o(i.mfxstm32l152_IO_EnableIT)
    mfxstm32l152_IO_EnablePinIT              0x08010e1b   Thumb Code    10  mfxstm32l152.o(i.mfxstm32l152_IO_EnablePinIT)
    mfxstm32l152_IO_ITStatus                 0x08010e25   Thumb Code    74  mfxstm32l152.o(i.mfxstm32l152_IO_ITStatus)
    mfxstm32l152_IO_InitPin                  0x08010e75   Thumb Code    10  mfxstm32l152.o(i.mfxstm32l152_IO_InitPin)
    mfxstm32l152_IO_ReadPin                  0x08010e7f   Thumb Code    76  mfxstm32l152.o(i.mfxstm32l152_IO_ReadPin)
    mfxstm32l152_IO_SetIrqEvtMode            0x08010ecb   Thumb Code    22  mfxstm32l152.o(i.mfxstm32l152_IO_SetIrqEvtMode)
    mfxstm32l152_IO_SetIrqTypeMode           0x08010ee1   Thumb Code    22  mfxstm32l152.o(i.mfxstm32l152_IO_SetIrqTypeMode)
    mfxstm32l152_IO_Start                    0x08010ef7   Thumb Code    50  mfxstm32l152.o(i.mfxstm32l152_IO_Start)
    mfxstm32l152_IO_WritePin                 0x08010f29   Thumb Code    20  mfxstm32l152.o(i.mfxstm32l152_IO_WritePin)
    mfxstm32l152_Init                        0x08010f3d   Thumb Code    50  mfxstm32l152.o(i.mfxstm32l152_Init)
    mfxstm32l152_LowPower                    0x08010f75   Thumb Code    18  mfxstm32l152.o(i.mfxstm32l152_LowPower)
    mfxstm32l152_ReadID                      0x08010f87   Thumb Code    26  mfxstm32l152.o(i.mfxstm32l152_ReadID)
    mfxstm32l152_Reset                       0x08010fa1   Thumb Code    20  mfxstm32l152.o(i.mfxstm32l152_Reset)
    mfxstm32l152_SetIrqOutPinPolarity        0x08010fb5   Thumb Code    36  mfxstm32l152.o(i.mfxstm32l152_SetIrqOutPinPolarity)
    mfxstm32l152_SetIrqOutPinType            0x08010fd9   Thumb Code    36  mfxstm32l152.o(i.mfxstm32l152_SetIrqOutPinType)
    mfxstm32l152_WakeUp                      0x08010ffd   Thumb Code    22  mfxstm32l152.o(i.mfxstm32l152_WakeUp)
    SWAPPED                                  0x0801108c   Data           8  sfu_fwimg_core.o(.constdata)
    NOT_SWAPPED                              0x08011094   Data           8  sfu_fwimg_core.o(.constdata)
    MAGIC_NULL                               0x080110b4   Data          32  sfu_fwimg_core.o(.constdata)
    SlotHeaderAddress                        0x080110d4   Data          12  sfu_fwimg_core.o(.constdata)
    COM_TX_PIN                               0x080110e0   Data           2  stm32l496g_discovery.o(.constdata)
    COM_RX_PIN                               0x080110e2   Data           2  stm32l496g_discovery.o(.constdata)
    COM_TX_AF                                0x080110e4   Data           2  stm32l496g_discovery.o(.constdata)
    COM_RX_AF                                0x080110e6   Data           2  stm32l496g_discovery.o(.constdata)
    LED_PIN                                  0x080110e8   Data           4  stm32l496g_discovery.o(.constdata)
    JOY_IRQn                                 0x080110ec   Data           5  stm32l496g_discovery.o(.constdata)
    JOY_PIN                                  0x080110f2   Data          10  stm32l496g_discovery.o(.constdata)
    AHBPrescTable                            0x080110fc   Data          16  system_stm32l4xx.o(.constdata)
    MSIRangeTable                            0x0801110c   Data          48  system_stm32l4xx.o(.constdata)
    APBPrescTable                            0x0801113c   Data           8  system_stm32l4xx.o(.constdata)
    Region$$Table$$Base                      0x08011c98   Number         0  anon$$obj.o(Region$$Table)
    Region$$Table$$Limit                     0x08011cb8   Number         0  anon$$obj.o(Region$$Table)
    SFU_IMG_Status                           0x20002800   Data           1  sfu_fwimg_core.o(.data)
    SFU_IMG_Line                             0x20002804   Data           4  sfu_fwimg_core.o(.data)
    initialDeviceStatusCheck                 0x20002808   Data           1  sfu_boot.o(.data)
    m_aStateMachineStrings                   0x2000280c   Data          40  sfu_boot.o(.data)
    m_aErrorStrings                          0x20002834   Data         124  sfu_boot.o(.data)
    fnStateMachineTable                      0x200028b0   Data          40  sfu_boot.o(.data)
    COM_USART                                0x200028fc   Data           4  stm32l496g_discovery.o(.data)
    COM_TX_PORT                              0x20002900   Data           4  stm32l496g_discovery.o(.data)
    COM_RX_PORT                              0x20002904   Data           4  stm32l496g_discovery.o(.data)
    I2c2Timeout                              0x20002908   Data           4  stm32l496g_discovery.o(.data)
    ts_io_init                               0x2000290c   Data           4  stm32l496g_discovery.o(.data)
    JOY_PORT                                 0x20002910   Data          20  stm32l496g_discovery.o(.data)
    pFlash                                   0x20002924   Data          32  stm32l4xx_hal_flash.o(.data)
    uwTickPrio                               0x20002944   Data           4  stm32l4xx_hal.o(.data)
    uwTickFreq                               0x20002948   Data           4  stm32l4xx_hal.o(.data)
    uwTick                                   0x2000294c   Data           4  stm32l4xx_hal.o(.data)
    SystemCoreClock                          0x20002950   Data           4  system_stm32l4xx.o(.data)
    mfxstm32l152_io_drv                      0x2000295c   Data          44  mfxstm32l152.o(.data)
    mfxstm32l152_idd_drv                     0x20002988   Data          76  mfxstm32l152.o(.data)
    mfxstm32l152                             0x200029d4   Data           3  mfxstm32l152.o(.data)
    __stdout                                 0x200029d8   Data           4  stdout.o(.data)
    fw_image_header_validated                0x200029e0   Data         128  sfu_fwimg_core.o(.bss)
    fw_image_header_to_test                  0x20002a60   Data         128  sfu_fwimg_core.o(.bss)
    fw_desc_to_recover                       0x20002ae0   Data          16  sfu_fwimg_core.o(.bss)
    m_aFileName                              0x200030f6   Data          65  sfu_com_loader.o(.bss)
    __initial_sp                             0x20004390   Data           0  startup_stm32l496xx.o(STACK)



==============================================================================

Memory Map of the image

  Image Entry point : 0x08009901

  Load Region LR_ROM_Vector (Base: 0x08000000, Size: 0x000001ac, Max: 0x00000200, ABSOLUTE)

    Execution Region vector_start (Base: 0x08000000, Size: 0x000001ac, Max: 0x00000200, ABSOLUTE)

    Base Addr    Size         Type   Attr      Idx    E Section Name        Object

    0x08000000   0x000001ac   Data   RO          971    RESET               startup_stm32l496xx.o



  Load Region LR_ROM1 (Base: 0x08000200, Size: 0x00007c1c, Max: 0xffffffff, ABSOLUTE)

    Execution Region SE_CallGate_region_ROM (Base: 0x08000200, Size: 0x00007c1c, Max: 0xffffffff, ABSOLUTE, FIXED)

    Base Addr    Size         Type   Attr      Idx    E Section Name        Object

    0x08000200   0x00007c1c   Code   RO          976    SE_CORE_Bin         se_corebin.o



  Load Region LR_IF (Base: 0x08009400, Size: 0x00008a94, Max: 0xffffffff, ABSOLUTE, COMPRESSED[0x000089dc])

    Execution Region SE_IF_region_ROM (Base: 0x08009400, Size: 0x000003d0, Max: 0x00000500, ABSOLUTE, FIXED)

    Base Addr    Size         Type   Attr      Idx    E Section Name        Object

    0x08009400   0x00000008   Code   RO          982    .SE_IF_Code         se_interface_common.o
    0x08009408   0x000003a2   Code   RO         1016    .SE_IF_Code         se_interface_bootloader.o
    0x080097aa   0x00000002   PAD
    0x080097ac   0x00000024   Code   RO         1044    .SE_IF_Code         se_interface_application.o


    Execution Region SB_region_ROM (Base: 0x08009900, Size: 0x000083b8, Max: 0x00009300, ABSOLUTE, FIXED)

    Base Addr    Size         Type   Attr      Idx    E Section Name        Object

    0x08009900   0x00000000   Code   RO         7119  * .ARM.Collect$$$$00000000  mc_w.l(entry.o)
    0x08009900   0x00000004   Code   RO         7393    .ARM.Collect$$$$00000001  mc_w.l(entry2.o)
    0x08009904   0x00000004   Code   RO         7396    .ARM.Collect$$$$00000004  mc_w.l(entry5.o)
    0x08009908   0x00000000   Code   RO         7398    .ARM.Collect$$$$00000008  mc_w.l(entry7b.o)
    0x08009908   0x00000000   Code   RO         7400    .ARM.Collect$$$$0000000A  mc_w.l(entry8b.o)
    0x08009908   0x00000008   Code   RO         7401    .ARM.Collect$$$$0000000B  mc_w.l(entry9a.o)
    0x08009910   0x00000000   Code   RO         7403    .ARM.Collect$$$$0000000D  mc_w.l(entry10a.o)
    0x08009910   0x00000000   Code   RO         7405    .ARM.Collect$$$$0000000F  mc_w.l(entry11a.o)
    0x08009910   0x00000004   Code   RO         7394    .ARM.Collect$$$$00002712  mc_w.l(entry2.o)
    0x08009914   0x00000024   Code   RO          972    .text               startup_stm32l496xx.o
    0x08009938   0x00000068   Code   RO         7122    .text               mc_w.l(uldiv.o)
    0x080099a0   0x00000024   Code   RO         7124    .text               mc_w.l(memcpya.o)
    0x080099c4   0x00000024   Code   RO         7126    .text               mc_w.l(memseta.o)
    0x080099e8   0x0000001a   Code   RO         7128    .text               mc_w.l(memcmp.o)
    0x08009a02   0x0000001e   Code   RO         7410    .text               mc_w.l(llshl.o)
    0x08009a20   0x00000020   Code   RO         7412    .text               mc_w.l(llushr.o)
    0x08009a40   0x00000024   Code   RO         7425    .text               mc_w.l(init.o)
    0x08009a64   0x00000056   Code   RO         7439    .text               mc_w.l(__dczerorl2.o)
    0x08009aba   0x00000002   Code   RO         1159    i.BSP_ErrorHandler  stm32l496g_discovery.o
    0x08009abc   0x00000020   Code   RO         1074    i.BSP_IO_ConfigPin  stm32l496g_discovery_io.o
    0x08009adc   0x0000005c   Code   RO         1077    i.BSP_IO_Init       stm32l496g_discovery_io.o
    0x08009b38   0x00000030   Code   RO         1079    i.BSP_IO_TogglePin  stm32l496g_discovery_io.o
    0x08009b68   0x00000018   Code   RO         1080    i.BSP_IO_WritePin   stm32l496g_discovery_io.o
    0x08009b80   0x00000030   Code   RO         1162    i.BSP_JOY_GetState  stm32l496g_discovery.o
    0x08009bb0   0x000000d2   Code   RO         1163    i.BSP_JOY_Init      stm32l496g_discovery.o
    0x08009c82   0x00000002   PAD
    0x08009c84   0x00000078   Code   RO         1166    i.BSP_LED_Init      stm32l496g_discovery.o
    0x08009cfc   0x00000024   Code   RO         1167    i.BSP_LED_Off       stm32l496g_discovery.o
    0x08009d20   0x00000020   Code   RO         1169    i.BSP_LED_Toggle    stm32l496g_discovery.o
    0x08009d40   0x00000030   Code   RO         2208    i.CRC_Handle_16     stm32l4xx_hal_crc.o
    0x08009d70   0x00000066   Code   RO         2209    i.CRC_Handle_8      stm32l4xx_hal_crc.o
    0x08009dd6   0x0000002c   Code   RO          455    i.CheckHeaderValidated  sfu_fwimg_core.o
    0x08009e02   0x00000002   PAD
    0x08009e04   0x00000014   Code   RO          456    i.CleanMagicValue   sfu_fwimg_core.o
    0x08009e18   0x000002ea   Code   RO          457    i.DecryptImageInSlot1  sfu_fwimg_core.o
    0x0800a102   0x00000002   PAD
    0x0800a104   0x00000098   Code   RO          458    i.EraseSlotIndex    sfu_fwimg_core.o
    0x0800a19c   0x00000054   Code   RO         2332    i.FLASH_FlushCaches  stm32l4xx_hal_flash_ex.o
    0x0800a1f0   0x00000028   Code   RO         2333    i.FLASH_MassErase   stm32l4xx_hal_flash_ex.o
    0x0800a218   0x0000008c   Code   RO         2334    i.FLASH_OB_GetPCROP  stm32l4xx_hal_flash_ex.o
    0x0800a2a4   0x000000c4   Code   RO         2335    i.FLASH_OB_PCROPConfig  stm32l4xx_hal_flash_ex.o
    0x0800a368   0x00000114   Code   RO         2336    i.FLASH_OB_UserConfig  stm32l4xx_hal_flash_ex.o
    0x0800a47c   0x0000007c   Code   RO         2337    i.FLASH_OB_WRPConfig  stm32l4xx_hal_flash_ex.o
    0x0800a4f8   0x00000034   Code   RO         2338    i.FLASH_PageErase   stm32l4xx_hal_flash_ex.o
    0x0800a52c   0x0000001c   Code   RO         1570    i.FLASH_Program_DoubleWord  stm32l4xx_hal_flash.o
    0x0800a548   0x0000002c   Code   RO         1571    i.FLASH_Program_Fast  stm32l4xx_hal_flash.o
    0x0800a574   0x00000074   Code   RO         1572    i.FLASH_WaitForLastOperation  stm32l4xx_hal_flash.o
    0x0800a5e8   0x000000c8   Code   RO          459    i.GetTrailerInfo    sfu_fwimg_core.o
    0x0800a6b0   0x0000004e   Code   RO         5673    i.HAL_CRCEx_Polynomial_Set  stm32l4xx_hal_crc_ex.o
    0x0800a6fe   0x0000004c   Code   RO         2211    i.HAL_CRC_Calculate  stm32l4xx_hal_crc.o
    0x0800a74a   0x00000002   PAD
    0x0800a74c   0x00000074   Code   RO         2214    i.HAL_CRC_Init      stm32l4xx_hal_crc.o
    0x0800a7c0   0x00000002   Code   RO         2216    i.HAL_CRC_MspInit   stm32l4xx_hal_crc.o
    0x0800a7c2   0x00000002   PAD
    0x0800a7c4   0x00000024   Code   RO         4050    i.HAL_Delay         stm32l4xx_hal.o
    0x0800a7e8   0x000000ea   Code   RO         2339    i.HAL_FLASHEx_Erase  stm32l4xx_hal_flash_ex.o
    0x0800a8d2   0x00000002   PAD
    0x0800a8d4   0x00000098   Code   RO         2341    i.HAL_FLASHEx_OBGetConfig  stm32l4xx_hal_flash_ex.o
    0x0800a96c   0x000000ac   Code   RO         2342    i.HAL_FLASHEx_OBProgram  stm32l4xx_hal_flash_ex.o
    0x0800aa18   0x00000014   Code   RO         1576    i.HAL_FLASH_Lock    stm32l4xx_hal_flash.o
    0x0800aa2c   0x00000018   Code   RO         1577    i.HAL_FLASH_OB_Launch  stm32l4xx_hal_flash.o
    0x0800aa44   0x00000014   Code   RO         1578    i.HAL_FLASH_OB_Lock  stm32l4xx_hal_flash.o
    0x0800aa58   0x00000024   Code   RO         1579    i.HAL_FLASH_OB_Unlock  stm32l4xx_hal_flash.o
    0x0800aa7c   0x000000aa   Code   RO         1581    i.HAL_FLASH_Program  stm32l4xx_hal_flash.o
    0x0800ab26   0x00000002   PAD
    0x0800ab28   0x00000028   Code   RO         1583    i.HAL_FLASH_Unlock  stm32l4xx_hal_flash.o
    0x0800ab50   0x00000172   Code   RO         2411    i.HAL_GPIO_DeInit   stm32l4xx_hal_gpio.o
    0x0800acc2   0x00000002   PAD
    0x0800acc4   0x000001be   Code   RO         2414    i.HAL_GPIO_Init     stm32l4xx_hal_gpio.o
    0x0800ae82   0x0000000a   Code   RO         2416    i.HAL_GPIO_ReadPin  stm32l4xx_hal_gpio.o
    0x0800ae8c   0x0000000e   Code   RO         2417    i.HAL_GPIO_TogglePin  stm32l4xx_hal_gpio.o
    0x0800ae9a   0x0000000a   Code   RO         2418    i.HAL_GPIO_WritePin  stm32l4xx_hal_gpio.o
    0x0800aea4   0x0000000c   Code   RO         4054    i.HAL_GetTick       stm32l4xx_hal.o
    0x0800aeb0   0x00000032   Code   RO         2479    i.HAL_I2C_DeInit    stm32l4xx_hal_i2c.o
    0x0800aee2   0x00000006   Code   RO         2487    i.HAL_I2C_GetState  stm32l4xx_hal_i2c.o
    0x0800aee8   0x000000b8   Code   RO         2488    i.HAL_I2C_Init      stm32l4xx_hal_i2c.o
    0x0800afa0   0x0000012a   Code   RO         2489    i.HAL_I2C_IsDeviceReady  stm32l4xx_hal_i2c.o
    0x0800b0ca   0x00000002   PAD
    0x0800b0cc   0x0000016a   Code   RO         2506    i.HAL_I2C_Mem_Read  stm32l4xx_hal_i2c.o
    0x0800b236   0x00000002   PAD
    0x0800b238   0x0000015e   Code   RO         2509    i.HAL_I2C_Mem_Write  stm32l4xx_hal_i2c.o
    0x0800b396   0x00000002   Code   RO         2512    i.HAL_I2C_MspDeInit  stm32l4xx_hal_i2c.o
    0x0800b398   0x00000002   Code   RO         2513    i.HAL_I2C_MspInit   stm32l4xx_hal_i2c.o
    0x0800b39a   0x00000002   PAD
    0x0800b39c   0x00000010   Code   RO         4060    i.HAL_IncTick       stm32l4xx_hal.o
    0x0800b3ac   0x0000001e   Code   RO         4061    i.HAL_Init          stm32l4xx_hal.o
    0x0800b3ca   0x00000002   PAD
    0x0800b3cc   0x00000044   Code   RO         4062    i.HAL_InitTick      stm32l4xx_hal.o
    0x0800b410   0x0000001c   Code   RO         1680    i.HAL_MPU_Disable   stm32l4xx_hal_cortex.o
    0x0800b42c   0x0000005c   Code   RO         6683    i.HAL_MspInit       stm32l4xx_hal_msp.o
    0x0800b488   0x00000016   Code   RO         1683    i.HAL_NVIC_DisableIRQ  stm32l4xx_hal_cortex.o
    0x0800b49e   0x00000016   Code   RO         1684    i.HAL_NVIC_EnableIRQ  stm32l4xx_hal_cortex.o
    0x0800b4b4   0x00000040   Code   RO         1690    i.HAL_NVIC_SetPriority  stm32l4xx_hal_cortex.o
    0x0800b4f4   0x00000024   Code   RO         1691    i.HAL_NVIC_SetPriorityGrouping  stm32l4xx_hal_cortex.o
    0x0800b518   0x00000010   Code   RO         4779    i.HAL_PWREx_GetVoltageRange  stm32l4xx_hal_pwr_ex.o
    0x0800b528   0x000003ca   Code   RO         3555    i.HAL_RCCEx_PeriphCLKConfig  stm32l4xx_hal_rcc_ex.o
    0x0800b8f2   0x00000002   PAD
    0x0800b8f4   0x00000120   Code   RO         3727    i.HAL_RCC_ClockConfig  stm32l4xx_hal_rcc.o
    0x0800ba14   0x00000024   Code   RO         3733    i.HAL_RCC_GetPCLK1Freq  stm32l4xx_hal_rcc.o
    0x0800ba38   0x00000024   Code   RO         3734    i.HAL_RCC_GetPCLK2Freq  stm32l4xx_hal_rcc.o
    0x0800ba5c   0x000000a4   Code   RO         3735    i.HAL_RCC_GetSysClockFreq  stm32l4xx_hal_rcc.o
    0x0800bb00   0x00000528   Code   RO         3738    i.HAL_RCC_OscConfig  stm32l4xx_hal_rcc.o
    0x0800c028   0x00000002   Code   RO         1694    i.HAL_SYSTICK_Callback  stm32l4xx_hal_cortex.o
    0x0800c02a   0x00000028   Code   RO         1695    i.HAL_SYSTICK_Config  stm32l4xx_hal_cortex.o
    0x0800c052   0x00000008   Code   RO         1696    i.HAL_SYSTICK_IRQHandler  stm32l4xx_hal_cortex.o
    0x0800c05a   0x00000066   Code   RO         4303    i.HAL_UART_Init     stm32l4xx_hal_uart.o
    0x0800c0c0   0x00000004   Code   RO         6687    i.HAL_UART_MspInit  stm32l4xx_hal_msp.o
    0x0800c0c4   0x000000f2   Code   RO         4306    i.HAL_UART_Receive  stm32l4xx_hal_uart.o
    0x0800c1b6   0x000000b4   Code   RO         4311    i.HAL_UART_Transmit  stm32l4xx_hal_uart.o
    0x0800c26a   0x00000006   Code   RO          764    i.HardFault_Handler  sfu_boot.o
    0x0800c270   0x00000024   Code   RO         1177    i.I2C2_DeInit       stm32l496g_discovery.o
    0x0800c294   0x00000048   Code   RO         1178    i.I2C2_Init         stm32l496g_discovery.o
    0x0800c2dc   0x00000078   Code   RO         1179    i.I2C2_MspDeInit    stm32l496g_discovery.o
    0x0800c354   0x000000b8   Code   RO         1180    i.I2C2_MspInit      stm32l496g_discovery.o
    0x0800c40c   0x00000030   Code   RO         1181    i.I2C2_ReadBuffer   stm32l496g_discovery.o
    0x0800c43c   0x0000003c   Code   RO         1182    i.I2C2_ReadData     stm32l496g_discovery.o
    0x0800c478   0x00000022   Code   RO         2535    i.I2C_Flush_TXDR    stm32l4xx_hal_i2c.o
    0x0800c49a   0x00000002   PAD
    0x0800c49c   0x00000084   Code   RO         2543    i.I2C_IsAcknowledgeFailed  stm32l4xx_hal_i2c.o
    0x0800c520   0x00000064   Code   RO         2546    i.I2C_RequestMemoryRead  stm32l4xx_hal_i2c.o
    0x0800c584   0x00000064   Code   RO         2547    i.I2C_RequestMemoryWrite  stm32l4xx_hal_i2c.o
    0x0800c5e8   0x0000002c   Code   RO         2550    i.I2C_TransferConfig  stm32l4xx_hal_i2c.o
    0x0800c614   0x00000058   Code   RO         2551    i.I2C_WaitOnFlagUntilTimeout  stm32l4xx_hal_i2c.o
    0x0800c66c   0x0000004c   Code   RO         2553    i.I2C_WaitOnSTOPFlagUntilTimeout  stm32l4xx_hal_i2c.o
    0x0800c6b8   0x00000050   Code   RO         2554    i.I2C_WaitOnTXISFlagUntilTimeout  stm32l4xx_hal_i2c.o
    0x0800c708   0x00000060   Code   RO         1193    i.MFX_IO_DeInit     stm32l496g_discovery.o
    0x0800c768   0x00000004   Code   RO         1194    i.MFX_IO_Delay      stm32l496g_discovery.o
    0x0800c76c   0x0000003c   Code   RO         1195    i.MFX_IO_EnableWakeupPin  stm32l496g_discovery.o
    0x0800c7a8   0x0000004c   Code   RO         1196    i.MFX_IO_ITConfig   stm32l496g_discovery.o
    0x0800c7f4   0x00000024   Code   RO         1197    i.MFX_IO_Init       stm32l496g_discovery.o
    0x0800c818   0x00000006   Code   RO         1198    i.MFX_IO_Read       stm32l496g_discovery.o
    0x0800c81e   0x0000000e   Code   RO         1199    i.MFX_IO_ReadMultiple  stm32l496g_discovery.o
    0x0800c82c   0x00000028   Code   RO         1200    i.MFX_IO_Wakeup     stm32l496g_discovery.o
    0x0800c854   0x00000038   Code   RO         1201    i.MFX_IO_Write      stm32l496g_discovery.o
    0x0800c88c   0x00000006   Code   RO          765    i.MemManage_Handler  sfu_boot.o
    0x0800c892   0x00000002   PAD
    0x0800c894   0x00000040   Code   RO         6619    i.NMI_Handler       sfu_low_level_flash.o
    0x0800c8d4   0x00000020   Code   RO         1697    i.NVIC_SetPriority  stm32l4xx_hal_cortex.o
    0x0800c8f4   0x00000014   Code   RO          460    i.ParseFWInfo       sfu_fwimg_core.o
    0x0800c908   0x0000012c   Code   RO         3559    i.RCCEx_PLLSAI1_Config  stm32l4xx_hal_rcc_ex.o
    0x0800ca34   0x00000108   Code   RO         3560    i.RCCEx_PLLSAI2_Config  stm32l4xx_hal_rcc_ex.o
    0x0800cb3c   0x0000007c   Code   RO         3739    i.RCC_SetFlashLatencyFromMSIRange  stm32l4xx_hal_rcc.o
    0x0800cbb8   0x000000dc   Code   RO          646    i.ReceivePacket     sfu_com_loader.o
    0x0800cc94   0x0000016a   Code   RO          461    i.RecopyFlash       sfu_fwimg_core.o
    0x0800cdfe   0x00000002   PAD
    0x0800ce00   0x00000084   Code   RO          462    i.RecoverBinary     sfu_fwimg_core.o
    0x0800ce84   0x0000014c   Code   RO          463    i.RollbackFlash     sfu_fwimg_core.o
    0x0800cfd0   0x0000002e   Code   RO          766    i.SFU_BOOT_DeInit   sfu_boot.o
    0x0800cffe   0x00000002   PAD
    0x0800d000   0x00000060   Code   RO          767    i.SFU_BOOT_ForceReboot  sfu_boot.o
    0x0800d060   0x0000011c   Code   RO          768    i.SFU_BOOT_Init     sfu_boot.o
    0x0800d17c   0x00000016   Code   RO          371    i.SFU_BOOT_IrqExceptionHandler  sfu_error.o
    0x0800d192   0x00000002   PAD
    0x0800d194   0x00000128   Code   RO          769    i.SFU_BOOT_ManageLastExecStatus  sfu_boot.o
    0x0800d2bc   0x00000344   Code   RO          770    i.SFU_BOOT_ManageResetSources  sfu_boot.o
    0x0800d600   0x000000b8   Code   RO          771    i.SFU_BOOT_RunSecureBootService  sfu_boot.o
    0x0800d6b8   0x00000064   Code   RO          772    i.SFU_BOOT_SM_CheckNewFwToDownload  sfu_boot.o
    0x0800d71c   0x000000ac   Code   RO          773    i.SFU_BOOT_SM_CheckStatusOnReset  sfu_boot.o
    0x0800d7c8   0x00000190   Code   RO          774    i.SFU_BOOT_SM_CheckUserFwStatus  sfu_boot.o
    0x0800d958   0x00000120   Code   RO          775    i.SFU_BOOT_SM_DownloadNewUserFw  sfu_boot.o
    0x0800da78   0x000000d4   Code   RO          776    i.SFU_BOOT_SM_ExecuteUserFw  sfu_boot.o
    0x0800db4c   0x0000004c   Code   RO          777    i.SFU_BOOT_SM_HandleCriticalFailure  sfu_boot.o
    0x0800db98   0x000000c4   Code   RO          778    i.SFU_BOOT_SM_InstallNewUserFw  sfu_boot.o
    0x0800dc5c   0x00000038   Code   RO          779    i.SFU_BOOT_SM_RebootStateMachine  sfu_boot.o
    0x0800dc94   0x00000058   Code   RO          780    i.SFU_BOOT_SM_RollbackPrevUserFw  sfu_boot.o
    0x0800dcec   0x00000068   Code   RO          781    i.SFU_BOOT_SM_VerifyUserFwSignature  sfu_boot.o
    0x0800dd54   0x0000002a   Code   RO          372    i.SFU_BOOT_SetLastExecError  sfu_error.o
    0x0800dd7e   0x00000064   Code   RO          782    i.SFU_BOOT_SetLastExecStatus  sfu_boot.o
    0x0800dde2   0x00000002   PAD
    0x0800dde4   0x0000008c   Code   RO          373    i.SFU_BOOT_StateExceptionHandler  sfu_error.o
    0x0800de70   0x00000004   Code   RO          721    i.SFU_COM_DeInit    sfu_com_trace.o
    0x0800de74   0x00000004   Code   RO          722    i.SFU_COM_Init      sfu_com_trace.o
    0x0800de78   0x0000000e   Code   RO          649    i.SFU_COM_Serial_PutByte  sfu_com_loader.o
    0x0800de86   0x0000001a   Code   RO          723    i.SFU_COM_Serial_PutString  sfu_com_trace.o
    0x0800dea0   0x00000004   Code   RO          650    i.SFU_COM_Transmit  sfu_com_loader.o
    0x0800dea4   0x000000c4   Code   RO          909    i.SFU_COM_YMODEM_DataPktRxCpltCallback  sfu_loader.o
    0x0800df68   0x00000024   Code   RO          910    i.SFU_COM_YMODEM_HeaderPktRxCpltCallback  sfu_loader.o
    0x0800df8c   0x000001aa   Code   RO          653    i.SFU_COM_YMODEM_Receive  sfu_com_loader.o
    0x0800e136   0x00000004   Code   RO          374    i.SFU_EXCPT_Check_Code  sfu_error.o
    0x0800e13a   0x00000004   Code   RO          375    i.SFU_EXCPT_DeInit  sfu_error.o
    0x0800e13e   0x00000004   Code   RO          376    i.SFU_EXCPT_Init    sfu_error.o
    0x0800e142   0x00000002   PAD
    0x0800e144   0x00000060   Code   RO          377    i.SFU_EXCPT_ResetExceptionHandler  sfu_error.o
    0x0800e1a4   0x000005fc   Code   RO          378    i.SFU_EXCPT_RuntimeExceptionHandler  sfu_error.o
    0x0800e7a0   0x00000120   Code   RO            4    i.SFU_IMG_CheckCandidateImage  sfu_fwimg_services.o
    0x0800e8c0   0x000000d8   Code   RO            5    i.SFU_IMG_CheckCandidateMetadata  sfu_fwimg_services.o
    0x0800e998   0x00000028   Code   RO            6    i.SFU_IMG_CheckPendingInstallation  sfu_fwimg_services.o
    0x0800e9c0   0x00000064   Code   RO            7    i.SFU_IMG_CheckRollbackConditions  sfu_fwimg_services.o
    0x0800ea24   0x000000c4   Code   RO          464    i.SFU_IMG_CheckSlot0FwValid  sfu_fwimg_core.o
    0x0800eae8   0x00000250   Code   RO          465    i.SFU_IMG_CheckTrailerValid  sfu_fwimg_core.o
    0x0800ed38   0x00000004   Code   RO          466    i.SFU_IMG_CoreDeInit  sfu_fwimg_core.o
    0x0800ed3c   0x00000068   Code   RO          467    i.SFU_IMG_CoreInit  sfu_fwimg_core.o
    0x0800eda4   0x00000124   Code   RO          468    i.SFU_IMG_FirmwareToInstall  sfu_fwimg_core.o
    0x0800eec8   0x0000001e   Code   RO            8    i.SFU_IMG_GetActiveFwVersion  sfu_fwimg_services.o
    0x0800eee6   0x00000002   PAD
    0x0800eee8   0x0000001c   Code   RO          329    i.SFU_IMG_GetDownloadAreaInfo  sfu_new_image.o
    0x0800ef04   0x00000048   Code   RO          469    i.SFU_IMG_GetFWInfoMAC  sfu_fwimg_core.o
    0x0800ef4c   0x0000001c   Code   RO            9    i.SFU_IMG_HasValidActiveFirmware  sfu_fwimg_services.o
    0x0800ef68   0x00000004   Code   RO           10    i.SFU_IMG_InitImageHandling  sfu_fwimg_services.o
    0x0800ef6c   0x00000054   Code   RO          330    i.SFU_IMG_InstallAtNextReset  sfu_new_image.o
    0x0800efc0   0x000000c4   Code   RO          470    i.SFU_IMG_InstallNewVersion  sfu_fwimg_core.o
    0x0800f084   0x00000018   Code   RO           11    i.SFU_IMG_InvalidateCurrentFirmware  sfu_fwimg_services.o
    0x0800f09c   0x0000001c   Code   RO           12    i.SFU_IMG_LaunchActiveImg  sfu_fwimg_services.o
    0x0800f0b8   0x000000ac   Code   RO          471    i.SFU_IMG_PrepareCandidateImageForInstall  sfu_fwimg_core.o
    0x0800f164   0x00000090   Code   RO          472    i.SFU_IMG_Recover   sfu_fwimg_core.o
    0x0800f1f4   0x0000001c   Code   RO          473    i.SFU_IMG_RollBack  sfu_fwimg_core.o
    0x0800f210   0x00000004   Code   RO           13    i.SFU_IMG_ShutdownImageHandling  sfu_fwimg_services.o
    0x0800f214   0x00000014   Code   RO           14    i.SFU_IMG_TriggerImageInstallation  sfu_fwimg_services.o
    0x0800f228   0x00000004   Code   RO           15    i.SFU_IMG_TriggerRecoveryProcedure  sfu_fwimg_services.o
    0x0800f22c   0x00000004   Code   RO           16    i.SFU_IMG_TriggerRollbackProcedure  sfu_fwimg_services.o
    0x0800f230   0x000000c0   Code   RO          474    i.SFU_IMG_ValidFwInSlot1  sfu_fwimg_core.o
    0x0800f2f0   0x00000004   Code   RO           17    i.SFU_IMG_Validation  sfu_fwimg_services.o
    0x0800f2f4   0x00000068   Code   RO           18    i.SFU_IMG_VerifyActiveImg  sfu_fwimg_services.o
    0x0800f35c   0x0000000c   Code   RO           19    i.SFU_IMG_VerifyActiveImgMetadata  sfu_fwimg_services.o
    0x0800f368   0x00000034   Code   RO          475    i.SFU_IMG_VerifyFwSignature  sfu_fwimg_core.o
    0x0800f39c   0x000000d4   Code   RO          476    i.SFU_IMG_WriteHeaderValidated  sfu_fwimg_core.o
    0x0800f470   0x00000010   Code   RO         6494    i.SFU_LL_CRC_Calculate  sfu_low_level.o
    0x0800f480   0x0000004c   Code   RO         6495    i.SFU_LL_CRC_Config  sfu_low_level.o
    0x0800f4cc   0x00000020   Code   RO         6496    i.SFU_LL_CRC_Init   sfu_low_level.o
    0x0800f4ec   0x00000004   Code   RO         6497    i.SFU_LL_DeInit     sfu_low_level.o
    0x0800f4f0   0x00000112   Code   RO         6620    i.SFU_LL_FLASH_Erase_Size  sfu_low_level_flash.o
    0x0800f602   0x00000002   PAD
    0x0800f604   0x0000004c   Code   RO         6621    i.SFU_LL_FLASH_GetBank  sfu_low_level_flash.o
    0x0800f650   0x00000044   Code   RO         6622    i.SFU_LL_FLASH_GetPage  sfu_low_level_flash.o
    0x0800f694   0x0000002c   Code   RO         6623    i.SFU_LL_FLASH_Init  sfu_low_level_flash.o
    0x0800f6c0   0x00000050   Code   RO         6624    i.SFU_LL_FLASH_Read  sfu_low_level_flash.o
    0x0800f710   0x000000ca   Code   RO         6625    i.SFU_LL_FLASH_Write  sfu_low_level_flash.o
    0x0800f7da   0x00000004   Code   RO         6498    i.SFU_LL_Init       sfu_low_level.o
    0x0800f7de   0x00000002   PAD
    0x0800f7e0   0x00000018   Code   RO         6503    i.SFU_LL_SB_SRAM_Erase  sfu_low_level.o
    0x0800f7f8   0x00000034   Code   RO         6432    i.SFU_LL_SECU_CheckApplyRuntimeProtections  sfu_low_level_security.o
    0x0800f82c   0x000000b8   Code   RO         6433    i.SFU_LL_SECU_CheckApplyStaticProtections  sfu_low_level_security.o
    0x0800f8e4   0x0000000e   Code   RO         6434    i.SFU_LL_SECU_CheckFlashConfiguration  sfu_low_level_security.o
    0x0800f8f2   0x00000002   PAD
    0x0800f8f4   0x00000014   Code   RO         6435    i.SFU_LL_SECU_ClearResetSources  sfu_low_level_security.o
    0x0800f908   0x0000000c   Code   RO         6436    i.SFU_LL_SECU_ExitSecureBootExecution  sfu_low_level_security.o
    0x0800f914   0x00000050   Code   RO         6437    i.SFU_LL_SECU_GetResetSources  sfu_low_level_security.o
    0x0800f964   0x00000004   Code   RO         6438    i.SFU_LL_SECU_IWDG_Refresh  sfu_low_level_security.o
    0x0800f968   0x00000004   Code   RO         6504    i.SFU_LL_UART_DeInit  sfu_low_level.o
    0x0800f96c   0x00000020   Code   RO         6505    i.SFU_LL_UART_Flush  sfu_low_level.o
    0x0800f98c   0x0000003c   Code   RO         6506    i.SFU_LL_UART_Init  sfu_low_level.o
    0x0800f9c8   0x00000074   Code   RO         6508    i.SFU_LL_UART_MspInit  sfu_low_level.o
    0x0800fa3c   0x00000020   Code   RO         6509    i.SFU_LL_UART_Receive  sfu_low_level.o
    0x0800fa5c   0x00000020   Code   RO         6510    i.SFU_LL_UART_Transmit  sfu_low_level.o
    0x0800fa7c   0x00000010   Code   RO          911    i.SFU_LOADER_CheckLocalDownloadReq  sfu_loader.o
    0x0800fa8c   0x00000004   Code   RO          912    i.SFU_LOADER_DeInit  sfu_loader.o
    0x0800fa90   0x00000078   Code   RO          913    i.SFU_LOADER_DownloadNewUserFw  sfu_loader.o
    0x0800fb08   0x00000004   Code   RO          914    i.SFU_LOADER_Init   sfu_loader.o
    0x0800fb0c   0x000000a4   Code   RO          915    i.SFU_LOADER_VerifyFwHeader  sfu_loader.o
    0x0800fbb0   0x000000b8   Code   RO          654    i.Str2Int           sfu_com_loader.o
    0x0800fc68   0x00000206   Code   RO          477    i.SwapFirmwareImages  sfu_fwimg_core.o
    0x0800fe6e   0x0000000e   Code   RO         6731    i.SysTick_Handler   stm32l4xx_it.o
    0x0800fe7c   0x00000064   Code   RO         6756    i.SystemClock_Config  main.o
    0x0800fee0   0x00000044   Code   RO         6395    i.SystemInit        system_stm32l4xx.o
    0x0800ff24   0x000000c8   Code   RO         4316    i.UART_AdvFeatureConfig  stm32l4xx_hal_uart.o
    0x0800ffec   0x00000058   Code   RO         4317    i.UART_CheckIdleState  stm32l4xx_hal_uart.o
    0x08010044   0x000002a0   Code   RO         4332    i.UART_SetConfig    stm32l4xx_hal_uart.o
    0x080102e4   0x00000060   Code   RO         4335    i.UART_WaitOnFlagUntilTimeout  stm32l4xx_hal_uart.o
    0x08010344   0x00000016   Code   RO          478    i.VerifyFwRawHeaderTag  sfu_fwimg_core.o
    0x0801035a   0x0000004a   Code   RO          479    i.VerifyFwSignatureScatter  sfu_fwimg_core.o
    0x080103a4   0x000001be   Code   RO          480    i.VerifyTagScatter  sfu_fwimg_core.o
    0x08010562   0x00000002   PAD
    0x08010564   0x00000020   Code   RO         7265    i.__0printf$5       mc_w.l(printf5.o)
    0x08010584   0x0000000e   Code   RO         7433    i.__scatterload_copy  mc_w.l(handlers.o)
    0x08010592   0x00000002   Code   RO         7434    i.__scatterload_null  mc_w.l(handlers.o)
    0x08010594   0x0000000e   Code   RO         7435    i.__scatterload_zeroinit  mc_w.l(handlers.o)
    0x080105a2   0x00000002   PAD
    0x080105a4   0x000002c6   Code   RO         7272    i._printf_core      mc_w.l(printf5.o)
    0x0801086a   0x00000012   Code   RO          724    i.fputc             sfu_com_trace.o
    0x0801087c   0x00000016   Code   RO         6757    i.main              main.o
    0x08010892   0x00000008   Code   RO         6783    i.mfxstm32l152_ClearGlobalIT  mfxstm32l152.o
    0x0801089a   0x00000002   PAD
    0x0801089c   0x00000024   Code   RO         6784    i.mfxstm32l152_DeInit  mfxstm32l152.o
    0x080108c0   0x0000001c   Code   RO         6785    i.mfxstm32l152_DisableITSource  mfxstm32l152.o
    0x080108dc   0x0000001c   Code   RO         6786    i.mfxstm32l152_EnableITSource  mfxstm32l152.o
    0x080108f8   0x00000006   Code   RO         6787    i.mfxstm32l152_Error_ClearIT  mfxstm32l152.o
    0x080108fe   0x00000006   Code   RO         6788    i.mfxstm32l152_Error_DisableIT  mfxstm32l152.o
    0x08010904   0x00000014   Code   RO         6789    i.mfxstm32l152_Error_EnableIT  mfxstm32l152.o
    0x08010918   0x0000000e   Code   RO         6790    i.mfxstm32l152_Error_GetITStatus  mfxstm32l152.o
    0x08010926   0x00000008   Code   RO         6791    i.mfxstm32l152_Error_ReadMsg  mfxstm32l152.o
    0x0801092e   0x00000008   Code   RO         6792    i.mfxstm32l152_Error_ReadSrc  mfxstm32l152.o
    0x08010936   0x00000002   PAD
    0x08010938   0x0000001c   Code   RO         6793    i.mfxstm32l152_GetInstance  mfxstm32l152.o
    0x08010954   0x00000006   Code   RO         6795    i.mfxstm32l152_IDD_ClearIT  mfxstm32l152.o
    0x0801095a   0x00000180   Code   RO         6796    i.mfxstm32l152_IDD_Config  mfxstm32l152.o
    0x08010ada   0x00000006   Code   RO         6798    i.mfxstm32l152_IDD_DisableIT  mfxstm32l152.o
    0x08010ae0   0x00000014   Code   RO         6799    i.mfxstm32l152_IDD_EnableIT  mfxstm32l152.o
    0x08010af4   0x0000000e   Code   RO         6800    i.mfxstm32l152_IDD_GetITStatus  mfxstm32l152.o
    0x08010b02   0x00000028   Code   RO         6802    i.mfxstm32l152_IDD_GetValue  mfxstm32l152.o
    0x08010b2a   0x0000001c   Code   RO         6803    i.mfxstm32l152_IDD_Start  mfxstm32l152.o
    0x08010b46   0x00000038   Code   RO         6804    i.mfxstm32l152_IO_ClearIT  mfxstm32l152.o
    0x08010b7e   0x00000278   Code   RO         6805    i.mfxstm32l152_IO_Config  mfxstm32l152.o
    0x08010df6   0x00000006   Code   RO         6807    i.mfxstm32l152_IO_DisableIT  mfxstm32l152.o
    0x08010dfc   0x0000000a   Code   RO         6808    i.mfxstm32l152_IO_DisablePinIT  mfxstm32l152.o
    0x08010e06   0x00000014   Code   RO         6810    i.mfxstm32l152_IO_EnableIT  mfxstm32l152.o
    0x08010e1a   0x0000000a   Code   RO         6811    i.mfxstm32l152_IO_EnablePinIT  mfxstm32l152.o
    0x08010e24   0x00000050   Code   RO         6812    i.mfxstm32l152_IO_ITStatus  mfxstm32l152.o
    0x08010e74   0x0000000a   Code   RO         6813    i.mfxstm32l152_IO_InitPin  mfxstm32l152.o
    0x08010e7e   0x0000004c   Code   RO         6814    i.mfxstm32l152_IO_ReadPin  mfxstm32l152.o
    0x08010eca   0x00000016   Code   RO         6815    i.mfxstm32l152_IO_SetIrqEvtMode  mfxstm32l152.o
    0x08010ee0   0x00000016   Code   RO         6816    i.mfxstm32l152_IO_SetIrqTypeMode  mfxstm32l152.o
    0x08010ef6   0x00000032   Code   RO         6817    i.mfxstm32l152_IO_Start  mfxstm32l152.o
    0x08010f28   0x00000014   Code   RO         6818    i.mfxstm32l152_IO_WritePin  mfxstm32l152.o
    0x08010f3c   0x00000038   Code   RO         6819    i.mfxstm32l152_Init  mfxstm32l152.o
    0x08010f74   0x00000012   Code   RO         6820    i.mfxstm32l152_LowPower  mfxstm32l152.o
    0x08010f86   0x0000001a   Code   RO         6822    i.mfxstm32l152_ReadID  mfxstm32l152.o
    0x08010fa0   0x00000014   Code   RO         6824    i.mfxstm32l152_Reset  mfxstm32l152.o
    0x08010fb4   0x00000024   Code   RO         6825    i.mfxstm32l152_SetIrqOutPinPolarity  mfxstm32l152.o
    0x08010fd8   0x00000024   Code   RO         6826    i.mfxstm32l152_SetIrqOutPinType  mfxstm32l152.o
    0x08010ffc   0x00000016   Code   RO         6834    i.mfxstm32l152_WakeUp  mfxstm32l152.o
    0x08011012   0x00000078   Code   RO         6836    i.mfxstm32l152_reg24_setPinValue  mfxstm32l152.o
    0x0801108a   0x00000002   PAD
    0x0801108c   0x00000054   Data   RO          482    .constdata          sfu_fwimg_core.o
    0x080110e0   0x0000001c   Data   RO         1210    .constdata          stm32l496g_discovery.o
    0x080110fc   0x00000040   Data   RO         6396    .constdata          system_stm32l4xx.o
    0x0801113c   0x00000008   Data   RO         6397    .constdata          system_stm32l4xx.o
    0x08011144   0x00000119   Data   RO           20    .conststring        sfu_fwimg_services.o
    0x0801125d   0x00000003   PAD
    0x08011260   0x0000005f   Data   RO          379    .conststring        sfu_error.o
    0x080112bf   0x00000001   PAD
    0x080112c0   0x0000006d   Data   RO          483    .conststring        sfu_fwimg_core.o
    0x0801132d   0x00000003   PAD
    0x08011330   0x0000089c   Data   RO          783    .conststring        sfu_boot.o
    0x08011bcc   0x000000cc   Data   RO          917    .conststring        sfu_loader.o
    0x08011c98   0x00000020   Data   RO         7431    Region$$Table       anon$$obj.o


    Execution Region SB_SRAM1_region (Base: 0x20002800, Size: 0x00001b90, Max: 0x0003d7ff, ABSOLUTE, COMPRESSED[0x00000124])

    Base Addr    Size         Type   Attr      Idx    E Section Name        Object

    0x20002800   0x00000008   Data   RW          484    .data               sfu_fwimg_core.o
    0x20002808   0x000000d0   Data   RW          784    .data               sfu_boot.o
    0x200028d8   0x00000018   Data   RW          918    .data               sfu_loader.o
    0x200028f0   0x00000008   Data   RW         1017    .data               se_interface_bootloader.o
    0x200028f8   0x00000004   Data   RW         1081    .data               stm32l496g_discovery_io.o
    0x200028fc   0x00000028   Data   RW         1211    .data               stm32l496g_discovery.o
    0x20002924   0x00000020   Data   RW         1584    .data               stm32l4xx_hal_flash.o
    0x20002944   0x0000000c   Data   RW         4078    .data               stm32l4xx_hal.o
    0x20002950   0x00000004   Data   RW         6398    .data               system_stm32l4xx.o
    0x20002954   0x00000008   Data   RW         6626    .data               sfu_low_level_flash.o
    0x2000295c   0x0000002c   Data   RW         6838    .data               mfxstm32l152.o
    0x20002988   0x0000004c   Data   RW         6839    .data               mfxstm32l152.o
    0x200029d4   0x00000003   Data   RW         6840    .data               mfxstm32l152.o
    0x200029d7   0x00000001   PAD
    0x200029d8   0x00000004   Data   RW         7407    .data               mc_w.l(stdout.o)
    0x200029dc   0x00000004   PAD
    0x200029e0   0x00000310   Zero   RW          481    .bss                sfu_fwimg_core.o
    0x20002cf0   0x00000447   Zero   RW          655    .bss                sfu_com_loader.o
    0x20003137   0x00000080   Zero   RW          916    .bss                sfu_loader.o
    0x200031b7   0x00000001   PAD
    0x200031b8   0x00000130   Zero   RW         1209    .bss                stm32l496g_discovery.o
    0x200032e8   0x000000a4   Zero   RW         6511    .bss                sfu_low_level.o
    0x2000338c   0x00000004   PAD
    0x20003390   0x00001000   Zero   RW          969    STACK               startup_stm32l496xx.o


==============================================================================

Image component sizes


      Code (inc. data)   RO Data    RW Data    ZI Data      Debug   Object Name

       122          0          0          0          0       1304   main.o
      2036         44          0        123          0      37074   mfxstm32l152.o
     31772      31772          0          0          0        280   se_corebin.o
        36          6          0          0          0       2185   se_interface_application.o
       930         22          0          8          0      10278   se_interface_bootloader.o
         8          0          0          0          0        771   se_interface_common.o
      3546       2056       2204        208          0      46528   sfu_boot.o
       848         12          0          0       1095       8309   sfu_com_loader.o
        52          0          0          0          0       3035   sfu_com_trace.o
      1844       1424         95          0          0       9007   sfu_error.o
      5324       1524        193          8        784      32954   sfu_fwimg_core.o
       910        442        281          0          0     940899   sfu_fwimg_services.o
       540         74        204         24        128       7148   sfu_loader.o
       432         64          0          0        164       9325   sfu_low_level.o
       808         56          0          8          0      12503   sfu_low_level_flash.o
       366        112          0          0          0       5964   sfu_low_level_security.o
       112          8          0          0          0       2767   sfu_new_image.o
        36          8        428          0       4096        892   startup_stm32l496xx.o
      1356        188         28         40        304      20048   stm32l496g_discovery.o
       196         46          0          4          0       5694   stm32l496g_discovery_io.o
       162         24          0         12          0       5117   stm32l4xx_hal.o
       254         18          0          0          0      33943   stm32l4xx_hal_cortex.o
       344          4          0          0          0       4837   stm32l4xx_hal_crc.o
        78          0          0          0          0       1519   stm32l4xx_hal_crc_ex.o
       498         74          0         32          0      25806   stm32l4xx_hal_flash.o
      1470         78          0          0          0      10764   stm32l4xx_hal_flash_ex.o
       850         80          0          0          0       5350   stm32l4xx_hal_gpio.o
      1908         50          0          0          0      17388   stm32l4xx_hal_i2c.o
        96          6          0          0          0       1681   stm32l4xx_hal_msp.o
        16          6          0          0          0        696   stm32l4xx_hal_pwr_ex.o
      1968         96          0          0          0       7756   stm32l4xx_hal_rcc.o
      1534         46          0          0          0       4496   stm32l4xx_hal_rcc_ex.o
      1580         70          0          0          0       8756   stm32l4xx_hal_uart.o
        14          0          0          0          0        598   stm32l4xx_it.o
        68         12         72          4          0       1805   system_stm32l4xx.o

    ----------------------------------------------------------------------
     62172      38422       3544        472       6576    1287477   Object Totals
         0          0         32          0          0          0   (incl. Generated)
        58          0          7          1          5          0   (incl. Padding)

    ----------------------------------------------------------------------

      Code (inc. data)   RO Data    RW Data    ZI Data      Debug   Library Member Name

        86          0          0          0          0          0   __dczerorl2.o
         0          0          0          0          0          0   entry.o
         0          0          0          0          0          0   entry10a.o
         0          0          0          0          0          0   entry11a.o
         8          4          0          0          0          0   entry2.o
         4          0          0          0          0          0   entry5.o
         0          0          0          0          0          0   entry7b.o
         0          0          0          0          0          0   entry8b.o
         8          4          0          0          0          0   entry9a.o
        30          0          0          0          0          0   handlers.o
        36          8          0          0          0         68   init.o
        30          0          0          0          0         68   llshl.o
        32          0          0          0          0         68   llushr.o
        26          0          0          0          0         80   memcmp.o
        36          0          0          0          0         68   memcpya.o
        36          0          0          0          0        108   memseta.o
       742         56          0          0          0        184   printf5.o
         0          0          0          4          0          0   stdout.o
       104          0          0          0          0         92   uldiv.o

    ----------------------------------------------------------------------
      1180         72          0          4          4        736   Library Totals
         2          0          0          0          4          0   (incl. Padding)

    ----------------------------------------------------------------------

      Code (inc. data)   RO Data    RW Data    ZI Data      Debug   Library Name

      1178         72          0          4          0        736   mc_w.l

    ----------------------------------------------------------------------
      1180         72          0          4          4        736   Library Totals

    ----------------------------------------------------------------------

==============================================================================


      Code (inc. data)   RO Data    RW Data    ZI Data      Debug   

     63352      38494       3544        476       6580    1262585   Grand Totals
     63352      38494       3544        292       6580    1262585   ELF Image Totals (compressed)
     63352      38494       3544        292          0          0   ROM Totals

==============================================================================

    Total RO  Size (Code + RO Data)                66896 (  65.33kB)
    Total RW  Size (RW Data + ZI Data)              7056 (   6.89kB)
    Total ROM Size (Code + RO Data + RW Data)      67188 (  65.61kB)

==============================================================================

