<html>
<body>
<pre>
<h1>µVision Build Log</h1>
<h2>Tool Versions:</h2>
IDE-Version: •ÏVision V5.21.1.0
Copyright (C) 2016 ARM Ltd and ARM Germany GmbH. All rights reserved.
License Information: tom tom, tom, LIC=ZB48T-R4JR5-EU94R-KINFD-XMR32-JI9L0
 
Tool Versions:
Toolchain:       MDK-ARM Plus  Version: 5.21a
Toolchain Path:  D:\Keil_v5\ARM\ARMCC\Bin
C Compiler:      Armcc.exe V5.06 update 3 (build 300)
Assembler:       Armasm.exe V5.06 update 3 (build 300)
Linker/Locator:  ArmLink.exe V5.06 update 3 (build 300)
Library Manager: ArmAr.exe V5.06 update 3 (build 300)
Hex Converter:   FromElf.exe V5.06 update 3 (build 300)
CPU DLL:         SARMCM3.DLL V5.21a
Dialog DLL:      DCM.DLL V1.13.8.0
Target DLL:      STLink\ST-LINKIII-KEIL_SWO.dll V2.0.18.0
Dialog DLL:      TCM.DLL V1.14.14.0
 
<h2>Project:</h2>
D:\en.x-cube-azure3\STM32CubeExpansion_Cloud_AZURE_V1.2.0\Projects\32L496GDISCOVERY\Applications\BootLoader_OSC\2_Images_SBSFU\MDK-ARM\Project.uvprojx
Project File Date:  05/02/2019

<h2>Output:</h2>
*** Using Compiler 'V5.06 update 3 (build 300)', folder: 'D:\Keil_v5\ARM\ARMCC\Bin'
Rebuild target 'STM32L496G-Discovery_2_Images_SBSFU'
compiling sfu_new_image.c...
../SBSFU/App/app_sfu.h(146): warning:  #9-D: nested comment is not allowed
  #define SFU_DAP_PROTECT_ENABLE     /*!< WARNING: Be Careful if enabling this protection. Debugger will be disconnected. It might be difficult to reconnect the Debugger.*/
../SBSFU/App/sfu_new_image.c: 1 warning, 0 errors
compiling sfu_error.c...
../SBSFU/App/app_sfu.h(146): warning:  #9-D: nested comment is not allowed
  #define SFU_DAP_PROTECT_ENABLE     /*!< WARNING: Be Careful if enabling this protection. Debugger will be disconnected. It might be difficult to reconnect the Debugger.*/
../SBSFU/App/sfu_error.c: 1 warning, 0 errors
compiling sfu_fwimg_services.c...
../SBSFU/App/app_sfu.h(146): warning:  #9-D: nested comment is not allowed
  #define SFU_DAP_PROTECT_ENABLE     /*!< WARNING: Be Careful if enabling this protection. Debugger will be disconnected. It might be difficult to reconnect the Debugger.*/
../SBSFU/App/sfu_fwimg_services.c: 1 warning, 0 errors
compiling sfu_test.c...
../SBSFU/App/app_sfu.h(146): warning:  #9-D: nested comment is not allowed
  #define SFU_DAP_PROTECT_ENABLE     /*!< WARNING: Be Careful if enabling this protection. Debugger will be disconnected. It might be difficult to reconnect the Debugger.*/
../SBSFU/App/sfu_test.c: 1 warning, 0 errors
compiling sfu_com_loader.c...
../SBSFU/App/app_sfu.h(146): warning:  #9-D: nested comment is not allowed
  #define SFU_DAP_PROTECT_ENABLE     /*!< WARNING: Be Careful if enabling this protection. Debugger will be disconnected. It might be difficult to reconnect the Debugger.*/
../SBSFU/App/sfu_com_loader.c: 1 warning, 0 errors
compiling sfu_fwimg_core.c...
../SBSFU/App/app_sfu.h(146): warning:  #9-D: nested comment is not allowed
  #define SFU_DAP_PROTECT_ENABLE     /*!< WARNING: Be Careful if enabling this protection. Debugger will be disconnected. It might be difficult to reconnect the Debugger.*/
../SBSFU/App/sfu_fwimg_core.c: 1 warning, 0 errors
compiling sfu_com_trace.c...
../SBSFU/App/app_sfu.h(146): warning:  #9-D: nested comment is not allowed
  #define SFU_DAP_PROTECT_ENABLE     /*!< WARNING: Be Careful if enabling this protection. Debugger will be disconnected. It might be difficult to reconnect the Debugger.*/
../SBSFU/App/sfu_com_trace.c: 1 warning, 0 errors
compiling sfu_boot.c...
../SBSFU/App/app_sfu.h(146): warning:  #9-D: nested comment is not allowed
  #define SFU_DAP_PROTECT_ENABLE     /*!< WARNING: Be Careful if enabling this protection. Debugger will be disconnected. It might be difficult to reconnect the Debugger.*/
../SBSFU/App/sfu_boot.c: 1 warning, 0 errors
assembling startup_stm32l496xx.s...
compiling sfu_loader.c...
../SBSFU/App/app_sfu.h(146): warning:  #9-D: nested comment is not allowed
  #define SFU_DAP_PROTECT_ENABLE     /*!< WARNING: Be Careful if enabling this protection. Debugger will be disconnected. It might be difficult to reconnect the Debugger.*/
../SBSFU/App/sfu_loader.c: 1 warning, 0 errors
assembling SE_CoreBin.s...
compiling se_interface_common.c...
../SBSFU/App/app_sfu.h(146): warning:  #9-D: nested comment is not allowed
  #define SFU_DAP_PROTECT_ENABLE     /*!< WARNING: Be Careful if enabling this protection. Debugger will be disconnected. It might be difficult to reconnect the Debugger.*/
../../../../../../Middlewares/ST/STM32_Secure_Engine/Core/se_interface_common.c: 1 warning, 0 errors
compiling se_interface_application.c...
../SBSFU/App/app_sfu.h(146): warning:  #9-D: nested comment is not allowed
  #define SFU_DAP_PROTECT_ENABLE     /*!< WARNING: Be Careful if enabling this protection. Debugger will be disconnected. It might be difficult to reconnect the Debugger.*/
../../../../../../Middlewares/ST/STM32_Secure_Engine/Core/se_interface_application.c: 1 warning, 0 errors
compiling se_interface_bootloader.c...
../SBSFU/App/app_sfu.h(146): warning:  #9-D: nested comment is not allowed
  #define SFU_DAP_PROTECT_ENABLE     /*!< WARNING: Be Careful if enabling this protection. Debugger will be disconnected. It might be difficult to reconnect the Debugger.*/
../../../../../../Middlewares/ST/STM32_Secure_Engine/Core/se_interface_bootloader.c: 1 warning, 0 errors
compiling stm32l496g_discovery_io.c...
compiling stm32l4xx_hal_firewall.c...
compiling stm32l496g_discovery.c...
compiling stm32l4xx_hal_flash.c...
compiling stm32l4xx_hal_cortex.c...
compiling stm32l4xx_hal_dma.c...
compiling stm32l4xx_hal_iwdg.c...
compiling stm32l4xx_hal_tim_ex.c...
compiling stm32l4xx_hal_crc.c...
compiling stm32l4xx_hal_i2c_ex.c...
compiling stm32l4xx_hal_flash_ex.c...
compiling stm32l4xx_hal_gpio.c...
compiling stm32l4xx_hal_dma_ex.c...
compiling stm32l4xx_hal_adc_ex.c...
compiling stm32l4xx_hal_i2c.c...
compiling stm32l4xx_hal_spi_ex.c...
compiling stm32l4xx_hal_spi.c...
compiling stm32l4xx_hal_rcc_ex.c...
compiling stm32l4xx_hal_rcc.c...
compiling stm32l4xx_hal_sram.c...
compiling stm32l4xx_ll_fmc.c...
compiling stm32l4xx_hal.c...
compiling stm32l4xx_hal_pwr.c...
compiling stm32l4xx_hal_uart.c...
compiling stm32l4xx_hal_pwr_ex.c...
compiling stm32l4xx_hal_uart_ex.c...
compiling stm32l4xx_hal_adc.c...
compiling stm32l4xx_hal_rtc.c...
compiling stm32l4xx_hal_rtc_ex.c...
compiling stm32l4xx_hal_crc_ex.c...
compiling system_stm32l4xx.c...
compiling stm32l4xx_hal_tim.c...
compiling sfu_low_level_security.c...
../SBSFU/App/app_sfu.h(146): warning:  #9-D: nested comment is not allowed
  #define SFU_DAP_PROTECT_ENABLE     /*!< WARNING: Be Careful if enabling this protection. Debugger will be disconnected. It might be difficult to reconnect the Debugger.*/
../SBSFU/Target/sfu_low_level_security.c(30): warning:  #1215-D: #warning directive: "SFU_WRP_PROTECT_DISABLED"
  #warning "SFU_WRP_PROTECT_DISABLED"
../SBSFU/Target/sfu_low_level_security.c(34): warning:  #1215-D: #warning directive: "SFU_RDP_PROTECT_DISABLED"
  #warning "SFU_RDP_PROTECT_DISABLED"
../SBSFU/Target/sfu_low_level_security.c(38): warning:  #1215-D: #warning directive: "SFU_PCROP_PROTECT_DISABLE"
  #warning "SFU_PCROP_PROTECT_DISABLE"
../SBSFU/Target/sfu_low_level_security.c(42): warning:  #1215-D: #warning directive: "SFU_MPU_PROTECT_DISABLE"
  #warning "SFU_MPU_PROTECT_DISABLE"
../SBSFU/Target/sfu_low_level_security.c(46): warning:  #1215-D: #warning directive: "SFU_FWALL_PROTECT_DISABLE"
  #warning "SFU_FWALL_PROTECT_DISABLE"
../SBSFU/Target/sfu_low_level_security.c(50): warning:  #1215-D: #warning directive: "SFU_TAMPER_PROTECT_DISABLE"
  #warning "SFU_TAMPER_PROTECT_DISABLE"
../SBSFU/Target/sfu_low_level_security.c(54): warning:  #1215-D: #warning directive: "SFU_DAP_PROTECT_DISABLE"
  #warning "SFU_DAP_PROTECT_DISABLE"
../SBSFU/Target/sfu_low_level_security.c(58): warning:  #1215-D: #warning directive: "SFU_DMA_PROTECT_DISABLE"
  #warning "SFU_DMA_PROTECT_DISABLE"
../SBSFU/Target/sfu_low_level_security.c(62): warning:  #1215-D: #warning directive: "SFU_IWDG_PROTECT_DISABLE"
  #warning "SFU_IWDG_PROTECT_DISABLE"
../SBSFU/Target/sfu_low_level_security.c(82): warning:  #177-D: variable "IwdgHandle" was declared but never referenced
  static IWDG_HandleTypeDef   IwdgHandle;
../SBSFU/Target/sfu_low_level_security.c: 11 warnings, 0 errors
compiling sfu_low_level.c...
../SBSFU/App/app_sfu.h(146): warning:  #9-D: nested comment is not allowed
  #define SFU_DAP_PROTECT_ENABLE     /*!< WARNING: Be Careful if enabling this protection. Debugger will be disconnected. It might be difficult to reconnect the Debugger.*/
../SBSFU/Target/sfu_low_level.c: 1 warning, 0 errors
compiling sfu_low_level_flash.c...
../SBSFU/App/app_sfu.h(146): warning:  #9-D: nested comment is not allowed
  #define SFU_DAP_PROTECT_ENABLE     /*!< WARNING: Be Careful if enabling this protection. Debugger will be disconnected. It might be difficult to reconnect the Debugger.*/
../SBSFU/Target/sfu_low_level_flash.c: 1 warning, 0 errors
compiling stm32l4xx_hal_msp.c...
../SBSFU/App/app_sfu.h(146): warning:  #9-D: nested comment is not allowed
  #define SFU_DAP_PROTECT_ENABLE     /*!< WARNING: Be Careful if enabling this protection. Debugger will be disconnected. It might be difficult to reconnect the Debugger.*/
../Core/Src/stm32l4xx_hal_msp.c: 1 warning, 0 errors
compiling stm32l4xx_it.c...
../SBSFU/App/app_sfu.h(146): warning:  #9-D: nested comment is not allowed
  #define SFU_DAP_PROTECT_ENABLE     /*!< WARNING: Be Careful if enabling this protection. Debugger will be disconnected. It might be difficult to reconnect the Debugger.*/
../Core/Src/stm32l4xx_it.c: 1 warning, 0 errors
compiling mfxstm32l152.c...
compiling main.c...
../SBSFU/App/app_sfu.h(146): warning:  #9-D: nested comment is not allowed
  #define SFU_DAP_PROTECT_ENABLE     /*!< WARNING: Be Careful if enabling this protection. Debugger will be disconnected. It might be difficult to reconnect the Debugger.*/
../Core/Src/main.c: 1 warning, 0 errors
linking...
Program Size: Code=63352 RO-data=3544 RW-data=476 ZI-data=6580  
After Build - User command #1: fromelf STM32L496G-Discovery_2_Images_SBSFU\SBSFU.axf --bincombined --output=STM32L496G-Discovery_2_Images_SBSFU\SBSFU.bin
"STM32L496G-Discovery_2_Images_SBSFU\SBSFU.axf" - 0 Error(s), 28 Warning(s).

<h2>Software Packages used:</h2>

Package Vendor: ARM
                http://www.keil.com/pack/ARM.CMSIS.4.5.0.pack
                ARM::CMSIS:CORE:4.3.0
                CMSIS (Cortex Microcontroller Software Interface Standard)
   * Component: CORE Version: 4.3.0

<h2>Collection of Component include folders:</h2>
  D:\en.x-cube-azure3\STM32CubeExpansion_Cloud_AZURE_V1.2.0\Projects\32L496GDISCOVERY\Applications\BootLoader_OSC\2_Images_SBSFU\MDK-ARM\RTE
  D:\Keil_v5\ARM\PACK\ARM\CMSIS\4.5.0\CMSIS\Include
  D:\Keil_v5\ARM\PACK\Keil\STM32L4xx_DFP\2.2.0\Drivers\CMSIS\Device\ST\STM32L4xx\Include

<h2>Collection of Component Files used:</h2>

   * Component: ARM::CMSIS:CORE:4.3.0
Build Time Elapsed:  00:00:13
</pre>
</body>
</html>
