<html>
<body>
<pre>
<h1>킮ision Build Log</h1>
<h2>Tool Versions:</h2>
IDE-Version: μVision V5.21.1.0
Copyright (C) 2016 ARM Ltd and ARM Germany GmbH. All rights reserved.
License Information: tom tom, tom, LIC=ZB48T-R4JR5-EU94R-KINFD-XMR32-JI9L0
 
Tool Versions:
Toolchain:       MDK-ARM Plus  Version: 5.21a
Toolchain Path:  D:\Keil_v5\ARM\ARMCC\Bin
C Compiler:      Armcc.exe V5.06 update 3 (build 300)
Assembler:       Armasm.exe V5.06 update 3 (build 300)
Linker/Locator:  ArmLink.exe V5.06 update 3 (build 300)
Library Manager: ArmAr.exe V5.06 update 3 (build 300)
Hex Converter:   FromElf.exe V5.06 update 3 (build 300)
CPU DLL:         SARMCM3.DLL V5.21a
Dialog DLL:      DCM.DLL V1.13.8.0
Target DLL:      STLink\ST-LINKIII-KEIL_SWO.dll V2.0.18.0
Dialog DLL:      TCM.DLL V1.14.14.0
 
<h2>Project:</h2>
D:\en.x-cube-azure3\STM32CubeExpansion_Cloud_AZURE_V1.2.0\Projects\32L496GDISCOVERY\Applications\BootLoader_OSC\2_Images_SECoreBin\MDK-ARM\Project.uvprojx
Project File Date:  05/02/2019

<h2>Output:</h2>
*** Using Compiler 'V5.06 update 3 (build 300)', folder: 'D:\Keil_v5\ARM\ARMCC\Bin'
Rebuild target 'STM32L496G-Discovery_2_Images_SECoreBin'
Before Build - User command #1: prebuild.bat .
Prebuild with windows executable
        1개 파일이 복사되었습니다.
compiling asn1parse.c...
compiling asn1write.c...
compiling aes.c...
compiling camellia.c...
compiling cipher.c...
compiling cipher_wrap.c...
compiling ecdsa.c...
compiling bignum.c...
compiling ecp_curves.c...
compiling ecp.c...
compiling gcm.c...
compiling hmac_drbg.c...
compiling md_wrap.c...
compiling md.c...
compiling platform.c...
compiling platform_util.c...
compiling sha256.c...
assembling startup_stm32l496xx.s...
compiling data_init.c...
assembling se_key.s...
compiling stm32l4xx_hal_firewall.c...
compiling se_crypto_bootloader.c...
compiling se_low_level.c...
compiling stm32l4xx_hal_crc_ex.c...
compiling stm32l4xx_hal_flash_ex.c...
compiling stm32l4xx_hal_flash.c...
compiling se_exception.c...
compiling stm32l4xx_hal_crc.c...
compiling se_startup.c...
assembling se_stack_smuggler_ARM.s...
compiling se_callgate.c...
compiling se_fwimg.c...
compiling se_user_application.c...
compiling se_bootinfo.c...
compiling se_utils.c...
linking...
Program Size: Code=27280 RO-data=3672 RW-data=112 ZI-data=6984  
After Build - User command #1: fromelf STM32L496G-Discovery_2_Images_SECoreBin\SECoreBin.axf --bincombined --output=STM32L496G-Discovery_2_Images_SECoreBin\SECoreBin.bin
"STM32L496G-Discovery_2_Images_SECoreBin\SECoreBin.axf" - 0 Error(s), 0 Warning(s).

<h2>Software Packages used:</h2>

Package Vendor: ARM
                http://www.keil.com/pack/ARM.CMSIS.4.5.0.pack
                ARM::CMSIS:CORE:4.3.0
                CMSIS (Cortex Microcontroller Software Interface Standard)
   * Component: CORE Version: 4.3.0

<h2>Collection of Component include folders:</h2>
  D:\en.x-cube-azure3\STM32CubeExpansion_Cloud_AZURE_V1.2.0\Projects\32L496GDISCOVERY\Applications\BootLoader_OSC\2_Images_SECoreBin\MDK-ARM\RTE
  D:\Keil_v5\ARM\PACK\ARM\CMSIS\4.5.0\CMSIS\Include
  D:\Keil_v5\ARM\PACK\Keil\STM32L4xx_DFP\2.2.0\Drivers\CMSIS\Device\ST\STM32L4xx\Include

<h2>Collection of Component Files used:</h2>

   * Component: ARM::CMSIS:CORE:4.3.0
Build Time Elapsed:  00:00:40
</pre>
</body>
</html>
