Component: ARM Compiler 5.06 update 3 (build 300) Tool: armlink [4d35c9]

==============================================================================

Section Cross References

    aes.o(i.aes_gen_tables) refers to aes.o(.bss) for .bss
    aes.o(i.mbedtls_aes_crypt_cbc) refers to memcpya.o(.text) for __aeabi_memcpy
    aes.o(i.mbedtls_aes_crypt_cbc) refers to aes.o(i.mbedtls_aes_crypt_ecb) for mbedtls_aes_crypt_ecb
    aes.o(i.mbedtls_aes_crypt_cfb128) refers to aes.o(i.mbedtls_aes_crypt_ecb) for mbedtls_aes_crypt_ecb
    aes.o(i.mbedtls_aes_crypt_cfb8) refers to memcpya.o(.text) for __aeabi_memcpy
    aes.o(i.mbedtls_aes_crypt_cfb8) refers to aes.o(i.mbedtls_aes_crypt_ecb) for mbedtls_aes_crypt_ecb
    aes.o(i.mbedtls_aes_crypt_ecb) refers to aes.o(i.mbedtls_internal_aes_decrypt) for mbedtls_internal_aes_decrypt
    aes.o(i.mbedtls_aes_crypt_ecb) refers to aes.o(i.mbedtls_internal_aes_encrypt) for mbedtls_internal_aes_encrypt
    aes.o(i.mbedtls_aes_decrypt) refers to aes.o(i.mbedtls_internal_aes_decrypt) for mbedtls_internal_aes_decrypt
    aes.o(i.mbedtls_aes_encrypt) refers to aes.o(i.mbedtls_internal_aes_encrypt) for mbedtls_internal_aes_encrypt
    aes.o(i.mbedtls_aes_free) refers to platform_util.o(i.mbedtls_platform_zeroize) for mbedtls_platform_zeroize
    aes.o(i.mbedtls_aes_init) refers to memseta.o(.text) for __aeabi_memclr4
    aes.o(i.mbedtls_aes_setkey_dec) refers to aes.o(i.mbedtls_aes_init) for mbedtls_aes_init
    aes.o(i.mbedtls_aes_setkey_dec) refers to aes.o(i.mbedtls_aes_setkey_enc) for mbedtls_aes_setkey_enc
    aes.o(i.mbedtls_aes_setkey_dec) refers to aes.o(i.mbedtls_aes_free) for mbedtls_aes_free
    aes.o(i.mbedtls_aes_setkey_dec) refers to aes.o(.bss) for .bss
    aes.o(i.mbedtls_aes_setkey_enc) refers to aes.o(i.aes_gen_tables) for aes_gen_tables
    aes.o(i.mbedtls_aes_setkey_enc) refers to aes.o(.data) for .data
    aes.o(i.mbedtls_aes_setkey_enc) refers to aes.o(.bss) for .bss
    aes.o(i.mbedtls_internal_aes_decrypt) refers to aes.o(.bss) for .bss
    aes.o(i.mbedtls_internal_aes_encrypt) refers to aes.o(.bss) for .bss
    asn1parse.o(i.mbedtls_asn1_find_named_data) refers to memcmp.o(.text) for memcmp
    asn1parse.o(i.mbedtls_asn1_free_named_data) refers to malloc.o(i.free) for free
    asn1parse.o(i.mbedtls_asn1_free_named_data) refers to platform_util.o(i.mbedtls_platform_zeroize) for mbedtls_platform_zeroize
    asn1parse.o(i.mbedtls_asn1_free_named_data_list) refers to asn1parse.o(i.mbedtls_asn1_free_named_data) for mbedtls_asn1_free_named_data
    asn1parse.o(i.mbedtls_asn1_free_named_data_list) refers to malloc.o(i.free) for free
    asn1parse.o(i.mbedtls_asn1_get_alg) refers to asn1parse.o(i.mbedtls_asn1_get_tag) for mbedtls_asn1_get_tag
    asn1parse.o(i.mbedtls_asn1_get_alg) refers to platform_util.o(i.mbedtls_platform_zeroize) for mbedtls_platform_zeroize
    asn1parse.o(i.mbedtls_asn1_get_alg) refers to asn1parse.o(i.mbedtls_asn1_get_len) for mbedtls_asn1_get_len
    asn1parse.o(i.mbedtls_asn1_get_alg_null) refers to asn1parse.o(i.mbedtls_asn1_get_alg) for mbedtls_asn1_get_alg
    asn1parse.o(i.mbedtls_asn1_get_bitstring) refers to asn1parse.o(i.mbedtls_asn1_get_tag) for mbedtls_asn1_get_tag
    asn1parse.o(i.mbedtls_asn1_get_bitstring_null) refers to asn1parse.o(i.mbedtls_asn1_get_tag) for mbedtls_asn1_get_tag
    asn1parse.o(i.mbedtls_asn1_get_bool) refers to asn1parse.o(i.mbedtls_asn1_get_tag) for mbedtls_asn1_get_tag
    asn1parse.o(i.mbedtls_asn1_get_int) refers to asn1parse.o(i.mbedtls_asn1_get_tag) for mbedtls_asn1_get_tag
    asn1parse.o(i.mbedtls_asn1_get_mpi) refers to asn1parse.o(i.mbedtls_asn1_get_tag) for mbedtls_asn1_get_tag
    asn1parse.o(i.mbedtls_asn1_get_mpi) refers to bignum.o(i.mbedtls_mpi_read_binary) for mbedtls_mpi_read_binary
    asn1parse.o(i.mbedtls_asn1_get_sequence_of) refers to asn1parse.o(i.mbedtls_asn1_get_tag) for mbedtls_asn1_get_tag
    asn1parse.o(i.mbedtls_asn1_get_sequence_of) refers to calloc.o(.text) for calloc
    asn1parse.o(i.mbedtls_asn1_get_tag) refers to asn1parse.o(i.mbedtls_asn1_get_len) for mbedtls_asn1_get_len
    asn1write.o(i.mbedtls_asn1_store_named_data) refers to asn1parse.o(i.mbedtls_asn1_find_named_data) for mbedtls_asn1_find_named_data
    asn1write.o(i.mbedtls_asn1_store_named_data) refers to calloc.o(.text) for calloc
    asn1write.o(i.mbedtls_asn1_store_named_data) refers to malloc.o(i.free) for free
    asn1write.o(i.mbedtls_asn1_store_named_data) refers to memcpya.o(.text) for __aeabi_memcpy
    asn1write.o(i.mbedtls_asn1_write_algorithm_identifier) refers to asn1write.o(i.mbedtls_asn1_write_null) for mbedtls_asn1_write_null
    asn1write.o(i.mbedtls_asn1_write_algorithm_identifier) refers to asn1write.o(i.mbedtls_asn1_write_oid) for mbedtls_asn1_write_oid
    asn1write.o(i.mbedtls_asn1_write_algorithm_identifier) refers to asn1write.o(i.mbedtls_asn1_write_len) for mbedtls_asn1_write_len
[...]
    i.SE_NMI_ExceptionHandler                0x0800165c   Section        0  se_exception.o(i.SE_NMI_ExceptionHandler)
    i.SE_SetSystemCoreClock                  0x08001680   Section        0  se_utils.o(i.SE_SetSystemCoreClock)
    i.__arm_data_init                        0x0800168c   Section        0  data_init.o(i.__arm_data_init)
    i.add32                                  0x0800169a   Section        0  ecp_curves.o(i.add32)
    add32                                    0x0800169b   Thumb Code    26  ecp_curves.o(i.add32)
    i.aes_crypt_cbc_wrap                     0x080016b4   Section        0  cipher_wrap.o(i.aes_crypt_cbc_wrap)
    aes_crypt_cbc_wrap                       0x080016b5   Thumb Code    16  cipher_wrap.o(i.aes_crypt_cbc_wrap)
    i.aes_crypt_cfb128_wrap                  0x080016c4   Section        0  cipher_wrap.o(i.aes_crypt_cfb128_wrap)
    aes_crypt_cfb128_wrap                    0x080016c5   Thumb Code    18  cipher_wrap.o(i.aes_crypt_cfb128_wrap)
    i.aes_crypt_ecb_wrap                     0x080016d6   Section        0  cipher_wrap.o(i.aes_crypt_ecb_wrap)
    aes_crypt_ecb_wrap                       0x080016d7   Thumb Code     4  cipher_wrap.o(i.aes_crypt_ecb_wrap)
    i.aes_ctx_alloc                          0x080016da   Section        0  cipher_wrap.o(i.aes_ctx_alloc)
    aes_ctx_alloc                            0x080016db   Thumb Code    28  cipher_wrap.o(i.aes_ctx_alloc)
    i.aes_ctx_free                           0x080016f6   Section        0  cipher_wrap.o(i.aes_ctx_free)
    aes_ctx_free                             0x080016f7   Thumb Code    18  cipher_wrap.o(i.aes_ctx_free)
    i.aes_gen_tables                         0x08001708   Section        0  aes.o(i.aes_gen_tables)
    aes_gen_tables                           0x08001709   Thumb Code   346  aes.o(i.aes_gen_tables)
    i.aes_setkey_dec_wrap                    0x08001876   Section        0  cipher_wrap.o(i.aes_setkey_dec_wrap)
    aes_setkey_dec_wrap                      0x08001877   Thumb Code     4  cipher_wrap.o(i.aes_setkey_dec_wrap)
    i.aes_setkey_enc_wrap                    0x0800187a   Section        0  cipher_wrap.o(i.aes_setkey_enc_wrap)
    aes_setkey_enc_wrap                      0x0800187b   Thumb Code     4  cipher_wrap.o(i.aes_setkey_enc_wrap)
    i.camellia_crypt_cbc_wrap                0x0800187e   Section        0  cipher_wrap.o(i.camellia_crypt_cbc_wrap)
    camellia_crypt_cbc_wrap                  0x0800187f   Thumb Code    16  cipher_wrap.o(i.camellia_crypt_cbc_wrap)
    i.camellia_crypt_cfb128_wrap             0x0800188e   Section        0  cipher_wrap.o(i.camellia_crypt_cfb128_wrap)
    camellia_crypt_cfb128_wrap               0x0800188f   Thumb Code    18  cipher_wrap.o(i.camellia_crypt_cfb128_wrap)
    i.camellia_crypt_ecb_wrap                0x080018a0   Section        0  cipher_wrap.o(i.camellia_crypt_ecb_wrap)
    camellia_crypt_ecb_wrap                  0x080018a1   Thumb Code     4  cipher_wrap.o(i.camellia_crypt_ecb_wrap)
    i.camellia_ctx_alloc                     0x080018a4   Section        0  cipher_wrap.o(i.camellia_ctx_alloc)
    camellia_ctx_alloc                       0x080018a5   Thumb Code    28  cipher_wrap.o(i.camellia_ctx_alloc)
    i.camellia_ctx_free                      0x080018c0   Section        0  cipher_wrap.o(i.camellia_ctx_free)
    camellia_ctx_free                        0x080018c1   Thumb Code    18  cipher_wrap.o(i.camellia_ctx_free)
    i.camellia_feistel                       0x080018d4   Section        0  camellia.o(i.camellia_feistel)
    camellia_feistel                         0x080018d5   Thumb Code   132  camellia.o(i.camellia_feistel)
    i.camellia_setkey_dec_wrap               0x0800195c   Section        0  cipher_wrap.o(i.camellia_setkey_dec_wrap)
    camellia_setkey_dec_wrap                 0x0800195d   Thumb Code     4  cipher_wrap.o(i.camellia_setkey_dec_wrap)
    i.camellia_setkey_enc_wrap               0x08001960   Section        0  cipher_wrap.o(i.camellia_setkey_enc_wrap)
    camellia_setkey_enc_wrap                 0x08001961   Thumb Code     4  cipher_wrap.o(i.camellia_setkey_enc_wrap)
    i.derive_mpi                             0x08001964   Section        0  ecdsa.o(i.derive_mpi)
    derive_mpi                               0x08001965   Thumb Code    92  ecdsa.o(i.derive_mpi)
    i.ecdsa_verify_restartable               0x080019c0   Section        0  ecdsa.o(i.ecdsa_verify_restartable)
    ecdsa_verify_restartable                 0x080019c1   Thumb Code   302  ecdsa.o(i.ecdsa_verify_restartable)
    i.ecp_add_mixed                          0x08001b00   Section        0  ecp.o(i.ecp_add_mixed)
    ecp_add_mixed                            0x08001b01   Thumb Code   850  ecp.o(i.ecp_add_mixed)
    i.ecp_check_pubkey_sw                    0x08001e58   Section        0  ecp.o(i.ecp_check_pubkey_sw)
    ecp_check_pubkey_sw                      0x08001e59   Thumb Code   316  ecp.o(i.ecp_check_pubkey_sw)
    i.ecp_comb_recode_core                   0x08001f98   Section        0  ecp.o(i.ecp_comb_recode_core)
    ecp_comb_recode_core                     0x08001f99   Thumb Code   120  ecp.o(i.ecp_comb_recode_core)
    i.ecp_comb_recode_scalar                 0x08002010   Section        0  ecp.o(i.ecp_comb_recode_scalar)
    ecp_comb_recode_scalar                   0x08002011   Thumb Code   142  ecp.o(i.ecp_comb_recode_scalar)
    i.ecp_double_jac                         0x080020a4   Section        0  ecp.o(i.ecp_double_jac)
    ecp_double_jac                           0x080020a5   Thumb Code   976  ecp.o(i.ecp_double_jac)
    i.ecp_get_type                           0x08002474   Section        0  ecp.o(i.ecp_get_type)
    ecp_get_type                             0x08002475   Thumb Code    20  ecp.o(i.ecp_get_type)
    i.ecp_group_load                         0x08002488   Section        0  ecp_curves.o(i.ecp_group_load)
    ecp_group_load                           0x08002489   Thumb Code   128  ecp_curves.o(i.ecp_group_load)
    i.ecp_mod_p256                           0x08002512   Section        0  ecp_curves.o(i.ecp_mod_p256)
    ecp_mod_p256                             0x08002513   Thumb Code  1092  ecp_curves.o(i.ecp_mod_p256)
    i.ecp_modp                               0x08002958   Section        0  ecp.o(i.ecp_modp)
    ecp_modp                                 0x08002959   Thumb Code   132  ecp.o(i.ecp_modp)
    i.ecp_mpi_load                           0x080029e0   Section        0  ecp_curves.o(i.ecp_mpi_load)
    ecp_mpi_load                             0x080029e1   Thumb Code    12  ecp_curves.o(i.ecp_mpi_load)
    i.ecp_mul_comb                           0x080029ec   Section        0  ecp.o(i.ecp_mul_comb)
    ecp_mul_comb                             0x080029ed   Thumb Code   318  ecp.o(i.ecp_mul_comb)
    i.ecp_mul_comb_core                      0x08002b36   Section        0  ecp.o(i.ecp_mul_comb_core)
    ecp_mul_comb_core                        0x08002b37   Thumb Code   150  ecp.o(i.ecp_mul_comb_core)
    i.ecp_normalize_jac                      0x08002bd2   Section        0  ecp.o(i.ecp_normalize_jac)
    ecp_normalize_jac                        0x08002bd3   Thumb Code   186  ecp.o(i.ecp_normalize_jac)
    i.ecp_normalize_jac_many                 0x08002c8c   Section        0  ecp.o(i.ecp_normalize_jac_many)
    ecp_normalize_jac_many                   0x08002c8d   Thumb Code   488  ecp.o(i.ecp_normalize_jac_many)
    i.ecp_precompute_comb                    0x08002e78   Section        0  ecp.o(i.ecp_precompute_comb)
    ecp_precompute_comb                      0x08002e79   Thumb Code   264  ecp.o(i.ecp_precompute_comb)
    i.ecp_randomize_jac                      0x08002f88   Section        0  ecp.o(i.ecp_randomize_jac)
    ecp_randomize_jac                        0x08002f89   Thumb Code   254  ecp.o(i.ecp_randomize_jac)
    i.ecp_safe_invert_jac                    0x0800308c   Section        0  ecp.o(i.ecp_safe_invert_jac)
    ecp_safe_invert_jac                      0x0800308d   Thumb Code    68  ecp.o(i.ecp_safe_invert_jac)
    i.ecp_select_comb                        0x080030d0   Section        0  ecp.o(i.ecp_select_comb)
    ecp_select_comb                          0x080030d1   Thumb Code   104  ecp.o(i.ecp_select_comb)
    i.free                                   0x08003148   Section        0  malloc.o(i.free)
    i.gcm_aes_setkey_wrap                    0x08003198   Section        0  cipher_wrap.o(i.gcm_aes_setkey_wrap)
    gcm_aes_setkey_wrap                      0x08003199   Thumb Code    10  cipher_wrap.o(i.gcm_aes_setkey_wrap)
    i.gcm_camellia_setkey_wrap               0x080031a2   Section        0  cipher_wrap.o(i.gcm_camellia_setkey_wrap)
    gcm_camellia_setkey_wrap                 0x080031a3   Thumb Code    10  cipher_wrap.o(i.gcm_camellia_setkey_wrap)
    i.gcm_ctx_alloc                          0x080031ac   Section        0  cipher_wrap.o(i.gcm_ctx_alloc)
    gcm_ctx_alloc                            0x080031ad   Thumb Code    24  cipher_wrap.o(i.gcm_ctx_alloc)
    i.gcm_ctx_free                           0x080031c4   Section        0  cipher_wrap.o(i.gcm_ctx_free)
    gcm_ctx_free                             0x080031c5   Thumb Code    18  cipher_wrap.o(i.gcm_ctx_free)
    i.gcm_gen_table                          0x080031d8   Section        0  gcm.o(i.gcm_gen_table)
    gcm_gen_table                            0x080031d9   Thumb Code   260  gcm.o(i.gcm_gen_table)
    i.gcm_mult                               0x080032e4   Section        0  gcm.o(i.gcm_mult)
    gcm_mult                                 0x080032e5   Thumb Code   248  gcm.o(i.gcm_mult)
    i.get_no_padding                         0x080033e8   Section        0  cipher.o(i.get_no_padding)
    get_no_padding                           0x080033e9   Thumb Code    14  cipher.o(i.get_no_padding)
    i.malloc                                 0x080033fc   Section        0  malloc.o(i.malloc)
    i.mbedtls_aes_crypt_cbc                  0x08003468   Section        0  aes.o(i.mbedtls_aes_crypt_cbc)
    i.mbedtls_aes_crypt_cfb128               0x080034fe   Section        0  aes.o(i.mbedtls_aes_crypt_cfb128)
    i.mbedtls_aes_crypt_ecb                  0x08003576   Section        0  aes.o(i.mbedtls_aes_crypt_ecb)
    i.mbedtls_aes_free                       0x0800358e   Section        0  aes.o(i.mbedtls_aes_free)
    i.mbedtls_aes_init                       0x0800359c   Section        0  aes.o(i.mbedtls_aes_init)
    i.mbedtls_aes_setkey_dec                 0x080035a4   Section        0  aes.o(i.mbedtls_aes_setkey_dec)
    i.mbedtls_aes_setkey_enc                 0x08003668   Section        0  aes.o(i.mbedtls_aes_setkey_enc)
    i.mbedtls_camellia_crypt_cbc             0x08003820   Section        0  camellia.o(i.mbedtls_camellia_crypt_cbc)
    i.mbedtls_camellia_crypt_cfb128          0x080038b6   Section        0  camellia.o(i.mbedtls_camellia_crypt_cfb128)
    i.mbedtls_camellia_crypt_ecb             0x0800392e   Section        0  camellia.o(i.mbedtls_camellia_crypt_ecb)
    i.mbedtls_camellia_free                  0x08003a9c   Section        0  camellia.o(i.mbedtls_camellia_free)
    i.mbedtls_camellia_init                  0x08003aaa   Section        0  camellia.o(i.mbedtls_camellia_init)
    i.mbedtls_camellia_setkey_dec            0x08003ab2   Section        0  camellia.o(i.mbedtls_camellia_setkey_dec)
    i.mbedtls_camellia_setkey_enc            0x08003b30   Section        0  camellia.o(i.mbedtls_camellia_setkey_enc)
    i.mbedtls_cipher_finish                  0x08003f84   Section        0  cipher.o(i.mbedtls_cipher_finish)
    i.mbedtls_cipher_free                    0x0800406c   Section        0  cipher.o(i.mbedtls_cipher_free)
    i.mbedtls_cipher_get_block_size          0x0800408c   Section        0  cipher.o(i.mbedtls_cipher_get_block_size)
    mbedtls_cipher_get_block_size            0x0800408d   Thumb Code    14  cipher.o(i.mbedtls_cipher_get_block_size)
    i.mbedtls_cipher_info_from_values        0x0800409c   Section        0  cipher.o(i.mbedtls_cipher_info_from_values)
    i.mbedtls_cipher_init                    0x080040cc   Section        0  cipher.o(i.mbedtls_cipher_init)
    i.mbedtls_cipher_reset                   0x080040d4   Section        0  cipher.o(i.mbedtls_cipher_reset)
    i.mbedtls_cipher_set_iv                  0x080040ec   Section        0  cipher.o(i.mbedtls_cipher_set_iv)
    i.mbedtls_cipher_set_padding_mode        0x08004138   Section        0  cipher.o(i.mbedtls_cipher_set_padding_mode)
    i.mbedtls_cipher_setkey                  0x08004164   Section        0  cipher.o(i.mbedtls_cipher_setkey)
    i.mbedtls_cipher_setup                   0x080041b0   Section        0  cipher.o(i.mbedtls_cipher_setup)
    i.mbedtls_cipher_update                  0x080041e8   Section        0  cipher.o(i.mbedtls_cipher_update)
    i.mbedtls_ecdsa_verify                   0x08004394   Section        0  ecdsa.o(i.mbedtls_ecdsa_verify)
    i.mbedtls_ecp_check_privkey              0x080043a8   Section        0  ecp.o(i.mbedtls_ecp_check_privkey)
    i.mbedtls_ecp_check_pubkey               0x080043e4   Section        0  ecp.o(i.mbedtls_ecp_check_pubkey)
    i.mbedtls_ecp_copy                       0x0800441c   Section        0  ecp.o(i.mbedtls_ecp_copy)
    i.mbedtls_ecp_group_free                 0x0800444c   Section        0  ecp.o(i.mbedtls_ecp_group_free)
    i.mbedtls_ecp_group_init                 0x080044b0   Section        0  ecp.o(i.mbedtls_ecp_group_init)
    i.mbedtls_ecp_group_load                 0x080044f4   Section        0  ecp_curves.o(i.mbedtls_ecp_group_load)
    i.mbedtls_ecp_is_zero                    0x08004554   Section        0  ecp.o(i.mbedtls_ecp_is_zero)
    i.mbedtls_ecp_mul_restartable            0x08004568   Section        0  ecp.o(i.mbedtls_ecp_mul_restartable)
    i.mbedtls_ecp_mul_shortcuts              0x080045ca   Section        0  ecp.o(i.mbedtls_ecp_mul_shortcuts)
    mbedtls_ecp_mul_shortcuts                0x080045cb   Thumb Code   112  ecp.o(i.mbedtls_ecp_mul_shortcuts)
    i.mbedtls_ecp_muladd_restartable         0x08004640   Section        0  ecp.o(i.mbedtls_ecp_muladd_restartable)
    i.mbedtls_ecp_point_free                 0x080046c2   Section        0  ecp.o(i.mbedtls_ecp_point_free)
    i.mbedtls_ecp_point_init                 0x080046e2   Section        0  ecp.o(i.mbedtls_ecp_point_init)
    i.mbedtls_ecp_point_read_binary          0x08004704   Section        0  ecp.o(i.mbedtls_ecp_point_read_binary)
    i.mbedtls_ecp_set_zero                   0x08004780   Section        0  ecp.o(i.mbedtls_ecp_set_zero)
    i.mbedtls_gcm_free                       0x080047ac   Section        0  gcm.o(i.mbedtls_gcm_free)
    i.mbedtls_gcm_init                       0x080047c2   Section        0  gcm.o(i.mbedtls_gcm_init)
    i.mbedtls_gcm_setkey                     0x080047ca   Section        0  gcm.o(i.mbedtls_gcm_setkey)
    i.mbedtls_gcm_update                     0x0800481e   Section        0  gcm.o(i.mbedtls_gcm_update)
    i.mbedtls_internal_aes_decrypt           0x08004908   Section        0  aes.o(i.mbedtls_internal_aes_decrypt)
    i.mbedtls_internal_aes_encrypt           0x08004cb4   Section        0  aes.o(i.mbedtls_internal_aes_encrypt)
    i.mbedtls_internal_sha256_process        0x0800505c   Section        0  sha256.o(i.mbedtls_internal_sha256_process)
    i.mbedtls_mpi_add_abs                    0x080058a0   Section        0  bignum.o(i.mbedtls_mpi_add_abs)
    i.mbedtls_mpi_add_mpi                    0x08005956   Section        0  bignum.o(i.mbedtls_mpi_add_mpi)
    i.mbedtls_mpi_bitlen                     0x080059a4   Section        0  bignum.o(i.mbedtls_mpi_bitlen)
    i.mbedtls_mpi_cmp_abs                    0x080059e4   Section        0  bignum.o(i.mbedtls_mpi_cmp_abs)
    i.mbedtls_mpi_cmp_int                    0x08005a48   Section        0  bignum.o(i.mbedtls_mpi_cmp_int)
    i.mbedtls_mpi_cmp_mpi                    0x08005a78   Section        0  bignum.o(i.mbedtls_mpi_cmp_mpi)
    i.mbedtls_mpi_copy                       0x08005b04   Section        0  bignum.o(i.mbedtls_mpi_copy)
    i.mbedtls_mpi_div_mpi                    0x08005b68   Section        0  bignum.o(i.mbedtls_mpi_div_mpi)
    i.mbedtls_mpi_fill_random                0x08005e8c   Section        0  bignum.o(i.mbedtls_mpi_fill_random)
    i.mbedtls_mpi_free                       0x08005ece   Section        0  bignum.o(i.mbedtls_mpi_free)
    i.mbedtls_mpi_gcd                        0x08005ef0   Section        0  bignum.o(i.mbedtls_mpi_gcd)
    i.mbedtls_mpi_get_bit                    0x08005ff0   Section        0  bignum.o(i.mbedtls_mpi_get_bit)
    i.mbedtls_mpi_grow                       0x08006010   Section        0  bignum.o(i.mbedtls_mpi_grow)
    i.mbedtls_mpi_init                       0x08006060   Section        0  bignum.o(i.mbedtls_mpi_init)
    i.mbedtls_mpi_inv_mod                    0x08006070   Section        0  bignum.o(i.mbedtls_mpi_inv_mod)
    i.mbedtls_mpi_lsb                        0x080062d8   Section        0  bignum.o(i.mbedtls_mpi_lsb)
    i.mbedtls_mpi_lset                       0x08006308   Section        0  bignum.o(i.mbedtls_mpi_lset)
    i.mbedtls_mpi_mod_mpi                    0x08006342   Section        0  bignum.o(i.mbedtls_mpi_mod_mpi)
    i.mbedtls_mpi_mul_int                    0x080063a4   Section        0  bignum.o(i.mbedtls_mpi_mul_int)
    i.mbedtls_mpi_mul_mpi                    0x080063bc   Section        0  bignum.o(i.mbedtls_mpi_mul_mpi)
    i.mbedtls_mpi_read_binary                0x0800647e   Section        0  bignum.o(i.mbedtls_mpi_read_binary)
    i.mbedtls_mpi_safe_cond_assign           0x080064ee   Section        0  bignum.o(i.mbedtls_mpi_safe_cond_assign)
    i.mbedtls_mpi_shift_l                    0x0800655a   Section        0  bignum.o(i.mbedtls_mpi_shift_l)
    i.mbedtls_mpi_shift_r                    0x080065f8   Section        0  bignum.o(i.mbedtls_mpi_shift_r)
    i.mbedtls_mpi_shrink                     0x0800667a   Section        0  bignum.o(i.mbedtls_mpi_shrink)
    i.mbedtls_mpi_size                       0x080066d6   Section        0  bignum.o(i.mbedtls_mpi_size)
    i.mbedtls_mpi_sub_abs                    0x080066e2   Section        0  bignum.o(i.mbedtls_mpi_sub_abs)
    i.mbedtls_mpi_sub_int                    0x08006750   Section        0  bignum.o(i.mbedtls_mpi_sub_int)
    i.mbedtls_mpi_sub_mpi                    0x08006780   Section        0  bignum.o(i.mbedtls_mpi_sub_mpi)
    i.mbedtls_mpi_zeroize                    0x080067d0   Section        0  bignum.o(i.mbedtls_mpi_zeroize)
    mbedtls_mpi_zeroize                      0x080067d1   Thumb Code     6  bignum.o(i.mbedtls_mpi_zeroize)
    i.mbedtls_platform_zeroize               0x080067d8   Section        0  platform_util.o(i.mbedtls_platform_zeroize)
    i.mbedtls_sha256_finish_ret              0x080067e8   Section        0  sha256.o(i.mbedtls_sha256_finish_ret)
    i.mbedtls_sha256_free                    0x0800692e   Section        0  sha256.o(i.mbedtls_sha256_free)
    i.mbedtls_sha256_init                    0x0800693a   Section        0  sha256.o(i.mbedtls_sha256_init)
    i.mbedtls_sha256_starts_ret              0x08006940   Section        0  sha256.o(i.mbedtls_sha256_starts_ret)
    i.mbedtls_sha256_update_ret              0x080069d0   Section        0  sha256.o(i.mbedtls_sha256_update_ret)
    i.mpi_mul_hlp                            0x08006a44   Section        0  bignum.o(i.mpi_mul_hlp)
    mpi_mul_hlp                              0x08006a45   Thumb Code   898  bignum.o(i.mpi_mul_hlp)
    i.mpi_sub_hlp                            0x08006dc6   Section        0  bignum.o(i.mpi_sub_hlp)
    mpi_sub_hlp                              0x08006dc7   Thumb Code    76  bignum.o(i.mpi_sub_hlp)
    i.sub32                                  0x08006e12   Section        0  ecp_curves.o(i.sub32)
    sub32                                    0x08006e13   Thumb Code    30  ecp_curves.o(i.sub32)
    .constdata                               0x08006e30   Section     1304  camellia.o(.constdata)
    SIGMA_CHARS                              0x08006e30   Data          48  camellia.o(.constdata)
    FSb                                      0x08006e60   Data         256  camellia.o(.constdata)
    FSb2                                     0x08006f60   Data         256  camellia.o(.constdata)
    FSb3                                     0x08007060   Data         256  camellia.o(.constdata)
    FSb4                                     0x08007160   Data         256  camellia.o(.constdata)
    shifts                                   0x08007260   Data          32  camellia.o(.constdata)
    indexes                                  0x08007280   Data         160  camellia.o(.constdata)
    transposes                               0x08007320   Data          40  camellia.o(.constdata)
    .constdata                               0x08007348   Section       32  cipher_wrap.o(.constdata)
    aes_info                                 0x08007348   Data          32  cipher_wrap.o(.constdata)
    .constdata                               0x08007368   Section       28  cipher_wrap.o(.constdata)
    aes_128_ecb_info                         0x08007368   Data          28  cipher_wrap.o(.constdata)
    .constdata                               0x08007384   Section       28  cipher_wrap.o(.constdata)
    aes_192_ecb_info                         0x08007384   Data          28  cipher_wrap.o(.constdata)
    .constdata                               0x080073a0   Section       28  cipher_wrap.o(.constdata)
    aes_256_ecb_info                         0x080073a0   Data          28  cipher_wrap.o(.constdata)
    .constdata                               0x080073bc   Section       28  cipher_wrap.o(.constdata)
    aes_128_cbc_info                         0x080073bc   Data          28  cipher_wrap.o(.constdata)
    .constdata                               0x080073d8   Section       28  cipher_wrap.o(.constdata)
    aes_192_cbc_info                         0x080073d8   Data          28  cipher_wrap.o(.constdata)
    .constdata                               0x080073f4   Section       28  cipher_wrap.o(.constdata)
    aes_256_cbc_info                         0x080073f4   Data          28  cipher_wrap.o(.constdata)
    .constdata                               0x08007410   Section       28  cipher_wrap.o(.constdata)
    aes_128_cfb128_info                      0x08007410   Data          28  cipher_wrap.o(.constdata)
    .constdata                               0x0800742c   Section       28  cipher_wrap.o(.constdata)
    aes_192_cfb128_info                      0x0800742c   Data          28  cipher_wrap.o(.constdata)
    .constdata                               0x08007448   Section       28  cipher_wrap.o(.constdata)
    aes_256_cfb128_info                      0x08007448   Data          28  cipher_wrap.o(.constdata)
    .constdata                               0x08007464   Section       32  cipher_wrap.o(.constdata)
    gcm_aes_info                             0x08007464   Data          32  cipher_wrap.o(.constdata)
    .constdata                               0x08007484   Section       28  cipher_wrap.o(.constdata)
    aes_128_gcm_info                         0x08007484   Data          28  cipher_wrap.o(.constdata)
    .constdata                               0x080074a0   Section       28  cipher_wrap.o(.constdata)
    aes_192_gcm_info                         0x080074a0   Data          28  cipher_wrap.o(.constdata)
    .constdata                               0x080074bc   Section       28  cipher_wrap.o(.constdata)
    aes_256_gcm_info                         0x080074bc   Data          28  cipher_wrap.o(.constdata)
    .constdata                               0x080074d8   Section       32  cipher_wrap.o(.constdata)
    camellia_info                            0x080074d8   Data          32  cipher_wrap.o(.constdata)
    .constdata                               0x080074f8   Section       28  cipher_wrap.o(.constdata)
    camellia_128_ecb_info                    0x080074f8   Data          28  cipher_wrap.o(.constdata)
    .constdata                               0x08007514   Section       28  cipher_wrap.o(.constdata)
    camellia_192_ecb_info                    0x08007514   Data          28  cipher_wrap.o(.constdata)
    .constdata                               0x08007530   Section       28  cipher_wrap.o(.constdata)
    camellia_256_ecb_info                    0x08007530   Data          28  cipher_wrap.o(.constdata)
    .constdata                               0x0800754c   Section       28  cipher_wrap.o(.constdata)
    camellia_128_cbc_info                    0x0800754c   Data          28  cipher_wrap.o(.constdata)
    .constdata                               0x08007568   Section       28  cipher_wrap.o(.constdata)
    camellia_192_cbc_info                    0x08007568   Data          28  cipher_wrap.o(.constdata)
    .constdata                               0x08007584   Section       28  cipher_wrap.o(.constdata)
    camellia_256_cbc_info                    0x08007584   Data          28  cipher_wrap.o(.constdata)
    .constdata                               0x080075a0   Section       28  cipher_wrap.o(.constdata)
    camellia_128_cfb128_info                 0x080075a0   Data          28  cipher_wrap.o(.constdata)
    .constdata                               0x080075bc   Section       28  cipher_wrap.o(.constdata)
    camellia_192_cfb128_info                 0x080075bc   Data          28  cipher_wrap.o(.constdata)
    .constdata                               0x080075d8   Section       28  cipher_wrap.o(.constdata)
    camellia_256_cfb128_info                 0x080075d8   Data          28  cipher_wrap.o(.constdata)
    .constdata                               0x080075f4   Section       32  cipher_wrap.o(.constdata)
    gcm_camellia_info                        0x080075f4   Data          32  cipher_wrap.o(.constdata)
    .constdata                               0x08007614   Section       28  cipher_wrap.o(.constdata)
    camellia_128_gcm_info                    0x08007614   Data          28  cipher_wrap.o(.constdata)
    .constdata                               0x08007630   Section       28  cipher_wrap.o(.constdata)
    camellia_192_gcm_info                    0x08007630   Data          28  cipher_wrap.o(.constdata)
    .constdata                               0x0800764c   Section       28  cipher_wrap.o(.constdata)
    camellia_256_gcm_info                    0x0800764c   Data          28  cipher_wrap.o(.constdata)
    .constdata                               0x08007668   Section      200  cipher_wrap.o(.constdata)
    .constdata                               0x08007730   Section      160  ecp_curves.o(.constdata)
    secp256r1_p                              0x08007730   Data          32  ecp_curves.o(.constdata)
    secp256r1_b                              0x08007750   Data          32  ecp_curves.o(.constdata)
    secp256r1_gx                             0x08007770   Data          32  ecp_curves.o(.constdata)
    secp256r1_gy                             0x08007790   Data          32  ecp_curves.o(.constdata)
    secp256r1_n                              0x080077b0   Data          32  ecp_curves.o(.constdata)
    .constdata                               0x080077d0   Section      128  gcm.o(.constdata)
    last4                                    0x080077d0   Data         128  gcm.o(.constdata)
    .constdata                               0x08007850   Section      256  sha256.o(.constdata)
    K                                        0x08007850   Data         256  sha256.o(.constdata)
    .conststring                             0x08007950   Section       12  cipher_wrap.o(.conststring)
    .conststring                             0x0800795c   Section       12  cipher_wrap.o(.conststring)
    .conststring                             0x08007968   Section       12  cipher_wrap.o(.conststring)
    .conststring                             0x08007974   Section       12  cipher_wrap.o(.conststring)
    .conststring                             0x08007980   Section       12  cipher_wrap.o(.conststring)
    .conststring                             0x0800798c   Section       12  cipher_wrap.o(.conststring)
    .conststring                             0x08007998   Section       15  cipher_wrap.o(.conststring)
    .conststring                             0x080079a8   Section       15  cipher_wrap.o(.conststring)
    .conststring                             0x080079b8   Section       15  cipher_wrap.o(.conststring)
    .conststring                             0x080079c8   Section       12  cipher_wrap.o(.conststring)
    .conststring                             0x080079d4   Section       12  cipher_wrap.o(.conststring)
    .conststring                             0x080079e0   Section       12  cipher_wrap.o(.conststring)
    .conststring                             0x080079ec   Section       17  cipher_wrap.o(.conststring)
    .conststring                             0x08007a00   Section       17  cipher_wrap.o(.conststring)
    .conststring                             0x08007a14   Section       17  cipher_wrap.o(.conststring)
    .conststring                             0x08007a28   Section       17  cipher_wrap.o(.conststring)
    .conststring                             0x08007a3c   Section       17  cipher_wrap.o(.conststring)
    .conststring                             0x08007a50   Section       17  cipher_wrap.o(.conststring)
    .conststring                             0x08007a64   Section       20  cipher_wrap.o(.conststring)
    .conststring                             0x08007a78   Section       20  cipher_wrap.o(.conststring)
    .conststring                             0x08007a8c   Section       20  cipher_wrap.o(.conststring)
    .conststring                             0x08007aa0   Section       17  cipher_wrap.o(.conststring)
    .conststring                             0x08007ab4   Section       17  cipher_wrap.o(.conststring)
    .conststring                             0x08007ac8   Section       17  cipher_wrap.o(.conststring)
    RESET                                    0x08007c00   Section      428  startup_stm32l496xx.o(RESET)
    .data                                    0x20000a00   Section        4  aes.o(.data)
    aes_init_done                            0x20000a00   Data           4  aes.o(.data)
    .data                                    0x20000a04   Section        4  ecp_curves.o(.data)
    one                                      0x20000a04   Data           4  ecp_curves.o(.data)
    .data                                    0x20000a08   Section        4  platform_util.o(.data)
    memset_func                              0x20000a08   Data           4  platform_util.o(.data)
    .data                                    0x20000a0c   Section        8  se_low_level.o(.data)
    SE_DoubleECC_Error_Counter               0x20000a0c   Data           4  se_low_level.o(.data)
    SE_DoubleECC_Check                       0x20000a10   Data           4  se_low_level.o(.data)
    .data                                    0x20000a14   Section       32  stm32l4xx_hal_flash.o(.data)
    .data                                    0x20000a34   Section        1  se_callgate.o(.data)
    SE_LockRestrictedServices                0x20000a34   Data           1  se_callgate.o(.data)
    .data                                    0x20000a35   Section        1  se_bootinfo.o(.data)
    eBootInfoStatus                          0x20000a35   Data           1  se_bootinfo.o(.data)
    .data                                    0x20000a38   Section       16  se_utils.o(.data)
    m_uTick                                  0x20000a38   Data           4  se_utils.o(.data)
    t1                                       0x20000a3c   Data           4  se_utils.o(.data)
    tdelta                                   0x20000a40   Data           4  se_utils.o(.data)
    m_uSE_SystemCoreClock                    0x20000a44   Data           4  se_utils.o(.data)
    .data                                    0x20000a48   Section        4  mvars.o(.data)
    .data                                    0x20000a4c   Section        4  mvars.o(.data)
    .bss                                     0x20000a50   Section     2600  aes.o(.bss)
    FSb                                      0x20000a50   Data         256  aes.o(.bss)
    FT0                                      0x20000b50   Data        1024  aes.o(.bss)
    RSb                                      0x20000f50   Data         256  aes.o(.bss)
    RT0                                      0x20001050   Data        1024  aes.o(.bss)
    RCON                                     0x20001450   Data          40  aes.o(.bss)
    .bss                                     0x20001478   Section      252  se_crypto_bootloader.o(.bss)
    m_aSE_PubKey                             0x20001478   Data          64  se_crypto_bootloader.o(.bss)
    m_aSE_FirmwareKey                        0x200014b8   Data          16  se_crypto_bootloader.o(.bss)
    m_AESCBCctx                              0x200014c8   Data          64  se_crypto_bootloader.o(.bss)
    m_SHA256ctx                              0x20001508   Data         108  se_crypto_bootloader.o(.bss)
    .bss                                     0x20001574   Section       36  se_low_level.o(.bss)
    CrcHandle                                0x20001574   Data          36  se_low_level.o(.bss)
    HEAP                                     0x20001598   Section     4096  startup_stm32l496xx.o(HEAP)
    BOOTINFO_DATA                            0x20002598   Section       32  se_bootinfo.o(BOOTINFO_DATA)
    xBootInfo                                0x20002598   Data          16  se_bootinfo.o(BOOTINFO_DATA)
    xBootInfoBackUp                          0x200025a8   Data          16  se_bootinfo.o(BOOTINFO_DATA)

    Global Symbols

    Symbol Name                              Value     Ov Type        Size  Object(Section)

    BuildAttributes$$THM_ISAv4$E$P$D$K$B$S$7EM$VFPi3$EXTD16$VFPS$VFMA$PE$A:L22UL41UL21$X:L11$S22US41US21$IEEE1$IW$USESV6$~STKCKD$USESV7$~SHL$OSPACE$EBA8$MICROLIB$REQ8$EABIv2 0x00000000   Number         0  anon$$obj.o ABSOLUTE
    Image$$SE_region_SRAM1$$RW$$Length       0x00000050   Number         0  anon$$obj.o ABSOLUTE
    __Vectors_Size                           0x000001ac   Number         0  startup_stm32l496xx.o ABSOLUTE
    Image$$SE_region_SRAM1$$ZI$$Length       0x00001b48   Number         0  anon$$obj.o ABSOLUTE
    SE_CallGate                              0x08000205   Thumb Code   110  se_callgate.o(.SE_CallGate_Code)
    SE_ReadKey                               0x08000301   Thumb Code     0  se_key.o(.SE_Key_Data)
    SE_ReadKey_Pub                           0x0800032b   Thumb Code     0  se_key.o(.SE_Key_Data)
    SE_CORE_Startup                          0x08000401   Thumb Code    10  se_startup.o(.SE_Startup_Code)
    SE_LL_CRC_Config                         0x08000501   Thumb Code    36  se_low_level.o(.SE_IF_Code)
    SE_LL_CRC_Init                           0x08000525   Thumb Code    24  se_low_level.o(.SE_IF_Code)
    SE_LL_CRC_DeInit                         0x0800053d   Thumb Code    18  se_low_level.o(.SE_IF_Code)
    SE_LL_CRC_Calculate                      0x0800054f   Thumb Code    10  se_low_level.o(.SE_IF_Code)
    SE_LL_FLASH_Erase                        0x08000599   Thumb Code   136  se_low_level.o(.SE_IF_Code)
    SE_LL_FLASH_Write                        0x08000621   Thumb Code    88  se_low_level.o(.SE_IF_Code)
    SE_LL_FLASH_Read                         0x08000679   Thumb Code    50  se_low_level.o(.SE_IF_Code)
    NMI_Handler                              0x080006ab   Thumb Code    64  se_low_level.o(.SE_IF_Code)
    SE_LL_Buffer_in_ram                      0x080006eb   Thumb Code    38  se_low_level.o(.SE_IF_Code)
    SE_BufferCheck_SBSFU                     0x08000711   Thumb Code    26  se_low_level.o(.SE_IF_Code)
    SE_BufferCheck_in_se_ram                 0x0800072b   Thumb Code    28  se_low_level.o(.SE_IF_Code)
    SE_LL_CORE_Cleanup                       0x08000747   Thumb Code     2  se_low_level.o(.SE_IF_Code)
    Reset_Handler                            0x0800077d   Thumb Code     0  startup_stm32l496xx.o(.text)
    UsageFault_Handler                       0x08000785   Thumb Code     2  startup_stm32l496xx.o(.text)
    SVC_Handler                              0x08000787   Thumb Code     2  startup_stm32l496xx.o(.text)
    DebugMon_Handler                         0x08000789   Thumb Code     2  startup_stm32l496xx.o(.text)
    PendSV_Handler                           0x0800078b   Thumb Code     2  startup_stm32l496xx.o(.text)
    SysTick_Handler                          0x0800078d   Thumb Code     2  startup_stm32l496xx.o(.text)
    ADC1_2_IRQHandler                        0x0800078f   Thumb Code     0  startup_stm32l496xx.o(.text)
    ADC3_IRQHandler                          0x0800078f   Thumb Code     0  startup_stm32l496xx.o(.text)
    CAN1_RX0_IRQHandler                      0x0800078f   Thumb Code     0  startup_stm32l496xx.o(.text)
    CAN1_RX1_IRQHandler                      0x0800078f   Thumb Code     0  startup_stm32l496xx.o(.text)
    CAN1_SCE_IRQHandler                      0x0800078f   Thumb Code     0  startup_stm32l496xx.o(.text)
    CAN1_TX_IRQHandler                       0x0800078f   Thumb Code     0  startup_stm32l496xx.o(.text)
    CAN2_RX0_IRQHandler                      0x0800078f   Thumb Code     0  startup_stm32l496xx.o(.text)
    CAN2_RX1_IRQHandler                      0x0800078f   Thumb Code     0  startup_stm32l496xx.o(.text)
    CAN2_SCE_IRQHandler                      0x0800078f   Thumb Code     0  startup_stm32l496xx.o(.text)
    CAN2_TX_IRQHandler                       0x0800078f   Thumb Code     0  startup_stm32l496xx.o(.text)
    COMP_IRQHandler                          0x0800078f   Thumb Code     0  startup_stm32l496xx.o(.text)
    CRS_IRQHandler                           0x0800078f   Thumb Code     0  startup_stm32l496xx.o(.text)
    DCMI_IRQHandler                          0x0800078f   Thumb Code     0  startup_stm32l496xx.o(.text)
    DFSDM1_FLT0_IRQHandler                   0x0800078f   Thumb Code     0  startup_stm32l496xx.o(.text)
    DFSDM1_FLT1_IRQHandler                   0x0800078f   Thumb Code     0  startup_stm32l496xx.o(.text)
    DFSDM1_FLT2_IRQHandler                   0x0800078f   Thumb Code     0  startup_stm32l496xx.o(.text)
    DFSDM1_FLT3_IRQHandler                   0x0800078f   Thumb Code     0  startup_stm32l496xx.o(.text)
    DMA1_Channel1_IRQHandler                 0x0800078f   Thumb Code     0  startup_stm32l496xx.o(.text)
    DMA1_Channel2_IRQHandler                 0x0800078f   Thumb Code     0  startup_stm32l496xx.o(.text)
    DMA1_Channel3_IRQHandler                 0x0800078f   Thumb Code     0  startup_stm32l496xx.o(.text)
    DMA1_Channel4_IRQHandler                 0x0800078f   Thumb Code     0  startup_stm32l496xx.o(.text)
    DMA1_Channel5_IRQHandler                 0x0800078f   Thumb Code     0  startup_stm32l496xx.o(.text)
    DMA1_Channel6_IRQHandler                 0x0800078f   Thumb Code     0  startup_stm32l496xx.o(.text)
    DMA1_Channel7_IRQHandler                 0x0800078f   Thumb Code     0  startup_stm32l496xx.o(.text)
    DMA2D_IRQHandler                         0x0800078f   Thumb Code     0  startup_stm32l496xx.o(.text)
    DMA2_Channel1_IRQHandler                 0x0800078f   Thumb Code     0  startup_stm32l496xx.o(.text)
    DMA2_Channel2_IRQHandler                 0x0800078f   Thumb Code     0  startup_stm32l496xx.o(.text)
    DMA2_Channel3_IRQHandler                 0x0800078f   Thumb Code     0  startup_stm32l496xx.o(.text)
    DMA2_Channel4_IRQHandler                 0x0800078f   Thumb Code     0  startup_stm32l496xx.o(.text)
    DMA2_Channel5_IRQHandler                 0x0800078f   Thumb Code     0  startup_stm32l496xx.o(.text)
    DMA2_Channel6_IRQHandler                 0x0800078f   Thumb Code     0  startup_stm32l496xx.o(.text)
    DMA2_Channel7_IRQHandler                 0x0800078f   Thumb Code     0  startup_stm32l496xx.o(.text)
    EXTI0_IRQHandler                         0x0800078f   Thumb Code     0  startup_stm32l496xx.o(.text)
    EXTI15_10_IRQHandler                     0x0800078f   Thumb Code     0  startup_stm32l496xx.o(.text)
    EXTI1_IRQHandler                         0x0800078f   Thumb Code     0  startup_stm32l496xx.o(.text)
    EXTI2_IRQHandler                         0x0800078f   Thumb Code     0  startup_stm32l496xx.o(.text)
    EXTI3_IRQHandler                         0x0800078f   Thumb Code     0  startup_stm32l496xx.o(.text)
    EXTI4_IRQHandler                         0x0800078f   Thumb Code     0  startup_stm32l496xx.o(.text)
    EXTI9_5_IRQHandler                       0x0800078f   Thumb Code     0  startup_stm32l496xx.o(.text)
    FLASH_IRQHandler                         0x0800078f   Thumb Code     0  startup_stm32l496xx.o(.text)
    FMC_IRQHandler                           0x0800078f   Thumb Code     0  startup_stm32l496xx.o(.text)
    FPU_IRQHandler                           0x0800078f   Thumb Code     0  startup_stm32l496xx.o(.text)
    I2C1_ER_IRQHandler                       0x0800078f   Thumb Code     0  startup_stm32l496xx.o(.text)
    I2C1_EV_IRQHandler                       0x0800078f   Thumb Code     0  startup_stm32l496xx.o(.text)
    I2C2_ER_IRQHandler                       0x0800078f   Thumb Code     0  startup_stm32l496xx.o(.text)
    I2C2_EV_IRQHandler                       0x0800078f   Thumb Code     0  startup_stm32l496xx.o(.text)
    I2C3_ER_IRQHandler                       0x0800078f   Thumb Code     0  startup_stm32l496xx.o(.text)
    I2C3_EV_IRQHandler                       0x0800078f   Thumb Code     0  startup_stm32l496xx.o(.text)
    I2C4_ER_IRQHandler                       0x0800078f   Thumb Code     0  startup_stm32l496xx.o(.text)
    I2C4_EV_IRQHandler                       0x0800078f   Thumb Code     0  startup_stm32l496xx.o(.text)
    LCD_IRQHandler                           0x0800078f   Thumb Code     0  startup_stm32l496xx.o(.text)
    LPTIM1_IRQHandler                        0x0800078f   Thumb Code     0  startup_stm32l496xx.o(.text)
    LPTIM2_IRQHandler                        0x0800078f   Thumb Code     0  startup_stm32l496xx.o(.text)
    LPUART1_IRQHandler                       0x0800078f   Thumb Code     0  startup_stm32l496xx.o(.text)
    OTG_FS_IRQHandler                        0x0800078f   Thumb Code     0  startup_stm32l496xx.o(.text)
    PVD_PVM_IRQHandler                       0x0800078f   Thumb Code     0  startup_stm32l496xx.o(.text)
    QUADSPI_IRQHandler                       0x0800078f   Thumb Code     0  startup_stm32l496xx.o(.text)
    RCC_IRQHandler                           0x0800078f   Thumb Code     0  startup_stm32l496xx.o(.text)
    RNG_IRQHandler                           0x0800078f   Thumb Code     0  startup_stm32l496xx.o(.text)
    RTC_Alarm_IRQHandler                     0x0800078f   Thumb Code     0  startup_stm32l496xx.o(.text)
    RTC_WKUP_IRQHandler                      0x0800078f   Thumb Code     0  startup_stm32l496xx.o(.text)
    SAI1_IRQHandler                          0x0800078f   Thumb Code     0  startup_stm32l496xx.o(.text)
    SAI2_IRQHandler                          0x0800078f   Thumb Code     0  startup_stm32l496xx.o(.text)
    SDMMC1_IRQHandler                        0x0800078f   Thumb Code     0  startup_stm32l496xx.o(.text)
    SPI1_IRQHandler                          0x0800078f   Thumb Code     0  startup_stm32l496xx.o(.text)
    SPI2_IRQHandler                          0x0800078f   Thumb Code     0  startup_stm32l496xx.o(.text)
    SPI3_IRQHandler                          0x0800078f   Thumb Code     0  startup_stm32l496xx.o(.text)
    SWPMI1_IRQHandler                        0x0800078f   Thumb Code     0  startup_stm32l496xx.o(.text)
    TAMP_STAMP_IRQHandler                    0x0800078f   Thumb Code     0  startup_stm32l496xx.o(.text)
    TIM1_BRK_TIM15_IRQHandler                0x0800078f   Thumb Code     0  startup_stm32l496xx.o(.text)
    TIM1_CC_IRQHandler                       0x0800078f   Thumb Code     0  startup_stm32l496xx.o(.text)
    TIM1_TRG_COM_TIM17_IRQHandler            0x0800078f   Thumb Code     0  startup_stm32l496xx.o(.text)
    TIM1_UP_TIM16_IRQHandler                 0x0800078f   Thumb Code     0  startup_stm32l496xx.o(.text)
    TIM2_IRQHandler                          0x0800078f   Thumb Code     0  startup_stm32l496xx.o(.text)
    TIM3_IRQHandler                          0x0800078f   Thumb Code     0  startup_stm32l496xx.o(.text)
    TIM4_IRQHandler                          0x0800078f   Thumb Code     0  startup_stm32l496xx.o(.text)
    TIM5_IRQHandler                          0x0800078f   Thumb Code     0  startup_stm32l496xx.o(.text)
    TIM6_DAC_IRQHandler                      0x0800078f   Thumb Code     0  startup_stm32l496xx.o(.text)
    TIM7_IRQHandler                          0x0800078f   Thumb Code     0  startup_stm32l496xx.o(.text)
    TIM8_BRK_IRQHandler                      0x0800078f   Thumb Code     0  startup_stm32l496xx.o(.text)
    TIM8_CC_IRQHandler                       0x0800078f   Thumb Code     0  startup_stm32l496xx.o(.text)
    TIM8_TRG_COM_IRQHandler                  0x0800078f   Thumb Code     0  startup_stm32l496xx.o(.text)
    TIM8_UP_IRQHandler                       0x0800078f   Thumb Code     0  startup_stm32l496xx.o(.text)
    TSC_IRQHandler                           0x0800078f   Thumb Code     0  startup_stm32l496xx.o(.text)
    UART4_IRQHandler                         0x0800078f   Thumb Code     0  startup_stm32l496xx.o(.text)
    UART5_IRQHandler                         0x0800078f   Thumb Code     0  startup_stm32l496xx.o(.text)
    USART1_IRQHandler                        0x0800078f   Thumb Code     0  startup_stm32l496xx.o(.text)
    USART2_IRQHandler                        0x0800078f   Thumb Code     0  startup_stm32l496xx.o(.text)
    USART3_IRQHandler                        0x0800078f   Thumb Code     0  startup_stm32l496xx.o(.text)
    WWDG_IRQHandler                          0x0800078f   Thumb Code     0  startup_stm32l496xx.o(.text)
    SE_SP_SMUGGLE                            0x08000791   Thumb Code     0  se_stack_smuggler_arm.o(.text)
    __aeabi_uldivmod                         0x080007b5   Thumb Code    98  uldiv.o(.text)
    __aeabi_memcpy                           0x0800081d   Thumb Code    36  memcpya.o(.text)
    __aeabi_memcpy4                          0x0800081d   Thumb Code     0  memcpya.o(.text)
    __aeabi_memcpy8                          0x0800081d   Thumb Code     0  memcpya.o(.text)
    __aeabi_memset                           0x08000841   Thumb Code    14  memseta.o(.text)
    __aeabi_memset4                          0x08000841   Thumb Code     0  memseta.o(.text)
    __aeabi_memset8                          0x08000841   Thumb Code     0  memseta.o(.text)
    __aeabi_memclr                           0x0800084f   Thumb Code     4  memseta.o(.text)
    __aeabi_memclr4                          0x0800084f   Thumb Code     0  memseta.o(.text)
    __aeabi_memclr8                          0x0800084f   Thumb Code     0  memseta.o(.text)
    memset                                   0x08000853   Thumb Code    18  memseta.o(.text)
    calloc                                   0x08000865   Thumb Code    28  calloc.o(.text)
    __aeabi_llsl                             0x08000881   Thumb Code    30  llshl.o(.text)
    _ll_shift_l                              0x08000881   Thumb Code     0  llshl.o(.text)
    __aeabi_llsr                             0x0800089f   Thumb Code    32  llushr.o(.text)
    _ll_ushift_r                             0x0800089f   Thumb Code     0  llushr.o(.text)
    BusFault_Handler                         0x080008bf   Thumb Code     4  se_exception.o(i.BusFault_Handler)
    FLASH_FlushCaches                        0x0800095d   Thumb Code    76  stm32l4xx_hal_flash_ex.o(i.FLASH_FlushCaches)
    FLASH_PageErase                          0x080009d9   Thumb Code    46  stm32l4xx_hal_flash_ex.o(i.FLASH_PageErase)
    FLASH_WaitForLastOperation               0x08000a55   Thumb Code   104  stm32l4xx_hal_flash.o(i.FLASH_WaitForLastOperation)
    HAL_CRCEx_Polynomial_Set                 0x08000ac9   Thumb Code    78  stm32l4xx_hal_crc_ex.o(i.HAL_CRCEx_Polynomial_Set)
    HAL_CRC_Calculate                        0x08000b17   Thumb Code    76  stm32l4xx_hal_crc.o(i.HAL_CRC_Calculate)
    HAL_CRC_DeInit                           0x08000b63   Thumb Code    52  stm32l4xx_hal_crc.o(i.HAL_CRC_DeInit)
    HAL_CRC_Init                             0x08000b99   Thumb Code   112  stm32l4xx_hal_crc.o(i.HAL_CRC_Init)
    HAL_CRC_MspDeInit                        0x08000c0d   Thumb Code     2  stm32l4xx_hal_crc.o(i.HAL_CRC_MspDeInit)
    HAL_CRC_MspInit                          0x08000c0f   Thumb Code     2  stm32l4xx_hal_crc.o(i.HAL_CRC_MspInit)
    HAL_FLASHEx_Erase                        0x08000c11   Thumb Code   218  stm32l4xx_hal_flash_ex.o(i.HAL_FLASHEx_Erase)
    HAL_FLASH_Lock                           0x08000cfd   Thumb Code    14  stm32l4xx_hal_flash.o(i.HAL_FLASH_Lock)
    HAL_FLASH_Program                        0x08000d11   Thumb Code   156  stm32l4xx_hal_flash.o(i.HAL_FLASH_Program)
    HAL_FLASH_Unlock                         0x08000dbd   Thumb Code    28  stm32l4xx_hal_flash.o(i.HAL_FLASH_Unlock)
    HAL_GetTick                              0x08000de5   Thumb Code    62  se_utils.o(i.HAL_GetTick)
    HardFault_Handler                        0x08000e29   Thumb Code     4  se_exception.o(i.HardFault_Handler)
    LoopCopyDataInit                         0x08000e2d   Thumb Code    24  data_init.o(i.LoopCopyDataInit)
    LoopFillZerobss                          0x08000e51   Thumb Code    20  data_init.o(i.LoopFillZerobss)
    MemManage_Handler                        0x08000e6d   Thumb Code     4  se_exception.o(i.MemManage_Handler)
    SE_APPLI_GetActiveFwInfo                 0x08000e71   Thumb Code    52  se_user_application.o(i.SE_APPLI_GetActiveFwInfo)
    SE_CRYPTO_AuthenticateFW_Append          0x08000ea9   Thumb Code    30  se_crypto_bootloader.o(i.SE_CRYPTO_AuthenticateFW_Append)
    SE_CRYPTO_AuthenticateFW_Finish          0x08000ecd   Thumb Code    36  se_crypto_bootloader.o(i.SE_CRYPTO_AuthenticateFW_Finish)
    SE_CRYPTO_AuthenticateFW_Init            0x08000ef5   Thumb Code    34  se_crypto_bootloader.o(i.SE_CRYPTO_AuthenticateFW_Init)
    SE_CRYPTO_Authenticate_Metadata          0x08000f1d   Thumb Code   254  se_crypto_bootloader.o(i.SE_CRYPTO_Authenticate_Metadata)
    SE_CRYPTO_Decrypt_Append                 0x08001021   Thumb Code    50  se_crypto_bootloader.o(i.SE_CRYPTO_Decrypt_Append)
    SE_CRYPTO_Decrypt_Finish                 0x08001059   Thumb Code    90  se_crypto_bootloader.o(i.SE_CRYPTO_Decrypt_Finish)
    SE_CRYPTO_Decrypt_Init                   0x080010b9   Thumb Code   120  se_crypto_bootloader.o(i.SE_CRYPTO_Decrypt_Init)
    SE_CRYPTO_Encrypt_Append                 0x08001135   Thumb Code     4  se_crypto_bootloader.o(i.SE_CRYPTO_Encrypt_Append)
    SE_CRYPTO_Encrypt_Finish                 0x08001139   Thumb Code    14  se_crypto_bootloader.o(i.SE_CRYPTO_Encrypt_Finish)
    SE_CRYPTO_Encrypt_Init                   0x0800114d   Thumb Code     4  se_crypto_bootloader.o(i.SE_CRYPTO_Encrypt_Init)
    SE_CallGateService                       0x08001151   Thumb Code   912  se_callgate.o(i.SE_CallGateService)
    SE_IMG_Read                              0x080014ed   Thumb Code    30  se_fwimg.o(i.SE_IMG_Read)
    SE_IMG_Write                             0x08001515   Thumb Code    30  se_fwimg.o(i.SE_IMG_Write)
    SE_INFO_BootInfoAreaFactoryReset         0x0800153d   Thumb Code    42  se_bootinfo.o(i.SE_INFO_BootInfoAreaFactoryReset)
    SE_INFO_BootInfoAreaInit                 0x0800156d   Thumb Code    80  se_bootinfo.o(i.SE_INFO_BootInfoAreaInit)
    SE_INFO_ReadBootInfoArea                 0x080015c5   Thumb Code    50  se_bootinfo.o(i.SE_INFO_ReadBootInfoArea)
    SE_INFO_WriteBootInfoArea                0x08001601   Thumb Code    58  se_bootinfo.o(i.SE_INFO_WriteBootInfoArea)
    SE_NMI_ExceptionHandler                  0x0800165d   Thumb Code    26  se_exception.o(i.SE_NMI_ExceptionHandler)
    SE_SetSystemCoreClock                    0x08001681   Thumb Code     6  se_utils.o(i.SE_SetSystemCoreClock)
    __arm_data_init                          0x0800168d   Thumb Code    14  data_init.o(i.__arm_data_init)
    free                                     0x08003149   Thumb Code    76  malloc.o(i.free)
    malloc                                   0x080033fd   Thumb Code    92  malloc.o(i.malloc)
    mbedtls_aes_crypt_cbc                    0x08003469   Thumb Code   150  aes.o(i.mbedtls_aes_crypt_cbc)
    mbedtls_aes_crypt_cfb128                 0x080034ff   Thumb Code   120  aes.o(i.mbedtls_aes_crypt_cfb128)
    mbedtls_aes_crypt_ecb                    0x08003577   Thumb Code    24  aes.o(i.mbedtls_aes_crypt_ecb)
    mbedtls_aes_free                         0x0800358f   Thumb Code    14  aes.o(i.mbedtls_aes_free)
    mbedtls_aes_init                         0x0800359d   Thumb Code     8  aes.o(i.mbedtls_aes_init)
    mbedtls_aes_setkey_dec                   0x080035a5   Thumb Code   192  aes.o(i.mbedtls_aes_setkey_dec)
    mbedtls_aes_setkey_enc                   0x08003669   Thumb Code   432  aes.o(i.mbedtls_aes_setkey_enc)
    mbedtls_camellia_crypt_cbc               0x08003821   Thumb Code   150  camellia.o(i.mbedtls_camellia_crypt_cbc)
    mbedtls_camellia_crypt_cfb128            0x080038b7   Thumb Code   120  camellia.o(i.mbedtls_camellia_crypt_cfb128)
    mbedtls_camellia_crypt_ecb               0x0800392f   Thumb Code   366  camellia.o(i.mbedtls_camellia_crypt_ecb)
    mbedtls_camellia_free                    0x08003a9d   Thumb Code    14  camellia.o(i.mbedtls_camellia_free)
    mbedtls_camellia_init                    0x08003aab   Thumb Code     8  camellia.o(i.mbedtls_camellia_init)
    mbedtls_camellia_setkey_dec              0x08003ab3   Thumb Code   126  camellia.o(i.mbedtls_camellia_setkey_dec)
    mbedtls_camellia_setkey_enc              0x08003b31   Thumb Code  1090  camellia.o(i.mbedtls_camellia_setkey_enc)
    mbedtls_cipher_finish                    0x08003f85   Thumb Code   224  cipher.o(i.mbedtls_cipher_finish)
    mbedtls_cipher_free                      0x0800406d   Thumb Code    32  cipher.o(i.mbedtls_cipher_free)
    mbedtls_cipher_info_from_values          0x0800409d   Thumb Code    42  cipher.o(i.mbedtls_cipher_info_from_values)
    mbedtls_cipher_init                      0x080040cd   Thumb Code     6  cipher.o(i.mbedtls_cipher_init)
    mbedtls_cipher_reset                     0x080040d5   Thumb Code    18  cipher.o(i.mbedtls_cipher_reset)
    mbedtls_cipher_set_iv                    0x080040ed   Thumb Code    72  cipher.o(i.mbedtls_cipher_set_iv)
    mbedtls_cipher_set_padding_mode          0x08004139   Thumb Code    36  cipher.o(i.mbedtls_cipher_set_padding_mode)
    mbedtls_cipher_setkey                    0x08004165   Thumb Code    70  cipher.o(i.mbedtls_cipher_setkey)
    mbedtls_cipher_setup                     0x080041b1   Thumb Code    50  cipher.o(i.mbedtls_cipher_setup)
    mbedtls_cipher_update                    0x080041e9   Thumb Code   398  cipher.o(i.mbedtls_cipher_update)
    mbedtls_ecdsa_verify                     0x08004395   Thumb Code    18  ecdsa.o(i.mbedtls_ecdsa_verify)
    mbedtls_ecp_check_privkey                0x080043a9   Thumb Code    52  ecp.o(i.mbedtls_ecp_check_privkey)
    mbedtls_ecp_check_pubkey                 0x080043e5   Thumb Code    48  ecp.o(i.mbedtls_ecp_check_pubkey)
    mbedtls_ecp_copy                         0x0800441d   Thumb Code    48  ecp.o(i.mbedtls_ecp_copy)
    mbedtls_ecp_group_free                   0x0800444d   Thumb Code   100  ecp.o(i.mbedtls_ecp_group_free)
    mbedtls_ecp_group_init                   0x080044b1   Thumb Code    68  ecp.o(i.mbedtls_ecp_group_init)
    mbedtls_ecp_group_load                   0x080044f5   Thumb Code    82  ecp_curves.o(i.mbedtls_ecp_group_load)
    mbedtls_ecp_is_zero                      0x08004555   Thumb Code    20  ecp.o(i.mbedtls_ecp_is_zero)
    mbedtls_ecp_mul_restartable              0x08004569   Thumb Code    88  ecp.o(i.mbedtls_ecp_mul_restartable)
    mbedtls_ecp_muladd_restartable           0x08004641   Thumb Code   118  ecp.o(i.mbedtls_ecp_muladd_restartable)
    mbedtls_ecp_point_free                   0x080046c3   Thumb Code    32  ecp.o(i.mbedtls_ecp_point_free)
    mbedtls_ecp_point_init                   0x080046e3   Thumb Code    32  ecp.o(i.mbedtls_ecp_point_init)
    mbedtls_ecp_point_read_binary            0x08004705   Thumb Code   114  ecp.o(i.mbedtls_ecp_point_read_binary)
    mbedtls_ecp_set_zero                     0x08004781   Thumb Code    44  ecp.o(i.mbedtls_ecp_set_zero)
    mbedtls_gcm_free                         0x080047ad   Thumb Code    22  gcm.o(i.mbedtls_gcm_free)
    mbedtls_gcm_init                         0x080047c3   Thumb Code     8  gcm.o(i.mbedtls_gcm_init)
    mbedtls_gcm_setkey                       0x080047cb   Thumb Code    84  gcm.o(i.mbedtls_gcm_setkey)
    mbedtls_gcm_update                       0x0800481f   Thumb Code   232  gcm.o(i.mbedtls_gcm_update)
    mbedtls_internal_aes_decrypt             0x08004909   Thumb Code   922  aes.o(i.mbedtls_internal_aes_decrypt)
    mbedtls_internal_aes_encrypt             0x08004cb5   Thumb Code   920  aes.o(i.mbedtls_internal_aes_encrypt)
    mbedtls_internal_sha256_process          0x0800505d   Thumb Code  2108  sha256.o(i.mbedtls_internal_sha256_process)
    mbedtls_mpi_add_abs                      0x080058a1   Thumb Code   182  bignum.o(i.mbedtls_mpi_add_abs)
    mbedtls_mpi_add_mpi                      0x08005957   Thumb Code    78  bignum.o(i.mbedtls_mpi_add_mpi)
    mbedtls_mpi_bitlen                       0x080059a5   Thumb Code    62  bignum.o(i.mbedtls_mpi_bitlen)
    mbedtls_mpi_cmp_abs                      0x080059e5   Thumb Code   100  bignum.o(i.mbedtls_mpi_cmp_abs)
    mbedtls_mpi_cmp_int                      0x08005a49   Thumb Code    48  bignum.o(i.mbedtls_mpi_cmp_int)
    mbedtls_mpi_cmp_mpi                      0x08005a79   Thumb Code   140  bignum.o(i.mbedtls_mpi_cmp_mpi)
    mbedtls_mpi_copy                         0x08005b05   Thumb Code   100  bignum.o(i.mbedtls_mpi_copy)
    mbedtls_mpi_div_mpi                      0x08005b69   Thumb Code   798  bignum.o(i.mbedtls_mpi_div_mpi)
    mbedtls_mpi_fill_random                  0x08005e8d   Thumb Code    66  bignum.o(i.mbedtls_mpi_fill_random)
    mbedtls_mpi_free                         0x08005ecf   Thumb Code    34  bignum.o(i.mbedtls_mpi_free)
    mbedtls_mpi_gcd                          0x08005ef1   Thumb Code   256  bignum.o(i.mbedtls_mpi_gcd)
    mbedtls_mpi_get_bit                      0x08005ff1   Thumb Code    32  bignum.o(i.mbedtls_mpi_get_bit)
    mbedtls_mpi_grow                         0x08006011   Thumb Code    80  bignum.o(i.mbedtls_mpi_grow)
    mbedtls_mpi_init                         0x08006061   Thumb Code    16  bignum.o(i.mbedtls_mpi_init)
    mbedtls_mpi_inv_mod                      0x08006071   Thumb Code   616  bignum.o(i.mbedtls_mpi_inv_mod)
    mbedtls_mpi_lsb                          0x080062d9   Thumb Code    46  bignum.o(i.mbedtls_mpi_lsb)
    mbedtls_mpi_lset                         0x08006309   Thumb Code    58  bignum.o(i.mbedtls_mpi_lset)
    mbedtls_mpi_mod_mpi                      0x08006343   Thumb Code    98  bignum.o(i.mbedtls_mpi_mod_mpi)
    mbedtls_mpi_mul_int                      0x080063a5   Thumb Code    24  bignum.o(i.mbedtls_mpi_mul_int)
    mbedtls_mpi_mul_mpi                      0x080063bd   Thumb Code   194  bignum.o(i.mbedtls_mpi_mul_mpi)
    mbedtls_mpi_read_binary                  0x0800647f   Thumb Code   112  bignum.o(i.mbedtls_mpi_read_binary)
    mbedtls_mpi_safe_cond_assign             0x080064ef   Thumb Code   108  bignum.o(i.mbedtls_mpi_safe_cond_assign)
    mbedtls_mpi_shift_l                      0x0800655b   Thumb Code   158  bignum.o(i.mbedtls_mpi_shift_l)
    mbedtls_mpi_shift_r                      0x080065f9   Thumb Code   130  bignum.o(i.mbedtls_mpi_shift_r)
    mbedtls_mpi_shrink                       0x0800667b   Thumb Code    92  bignum.o(i.mbedtls_mpi_shrink)
    mbedtls_mpi_size                         0x080066d7   Thumb Code    12  bignum.o(i.mbedtls_mpi_size)
    mbedtls_mpi_sub_abs                      0x080066e3   Thumb Code   110  bignum.o(i.mbedtls_mpi_sub_abs)
    mbedtls_mpi_sub_int                      0x08006751   Thumb Code    48  bignum.o(i.mbedtls_mpi_sub_int)
    mbedtls_mpi_sub_mpi                      0x08006781   Thumb Code    80  bignum.o(i.mbedtls_mpi_sub_mpi)
    mbedtls_platform_zeroize                 0x080067d9   Thumb Code    10  platform_util.o(i.mbedtls_platform_zeroize)
    mbedtls_sha256_finish_ret                0x080067e9   Thumb Code   326  sha256.o(i.mbedtls_sha256_finish_ret)
    mbedtls_sha256_free                      0x0800692f   Thumb Code    12  sha256.o(i.mbedtls_sha256_free)
    mbedtls_sha256_init                      0x0800693b   Thumb Code     6  sha256.o(i.mbedtls_sha256_init)
    mbedtls_sha256_starts_ret                0x08006941   Thumb Code    78  sha256.o(i.mbedtls_sha256_starts_ret)
    mbedtls_sha256_update_ret                0x080069d1   Thumb Code   116  sha256.o(i.mbedtls_sha256_update_ret)
    mbedtls_cipher_definitions               0x08007668   Data         200  cipher_wrap.o(.constdata)
    __Vectors                                0x08007c00   Data           4  startup_stm32l496xx.o(RESET)
    Load$$SE_region_SRAM1$$RW$$Base          0x08007dac   Number         0  anon$$obj.o ABSOLUTE
    __Vectors_End                            0x08007dac   Data           0  startup_stm32l496xx.o(RESET)
    Image$$SE_region_SRAM1$$Base             0x20000a00   Number         0  anon$$obj.o ABSOLUTE
    Image$$SE_region_SRAM1$$RW$$Base         0x20000a00   Number         0  anon$$obj.o ABSOLUTE
    pFlash                                   0x20000a14   Data          32  stm32l4xx_hal_flash.o(.data)
    __microlib_freelist                      0x20000a48   Data           4  mvars.o(.data)
    __microlib_freelist_initialised          0x20000a4c   Data           4  mvars.o(.data)
    Image$$SE_region_SRAM1$$ZI$$Base         0x20000a50   Number         0  anon$$obj.o ABSOLUTE
    __heap_base                              0x20001598   Data           0  startup_stm32l496xx.o(HEAP)
    __heap_limit                             0x20002598   Data           0  startup_stm32l496xx.o(HEAP)



==============================================================================

Memory Map of the image

  Image Entry point : 0x08000205

  Load Region LR_SE_Entry_Secure_ROM_Region (Base: 0x08000200, Size: 0x00007c1c, Max: 0xffffffff, ABSOLUTE)

    Execution Region SE_CallGate_region_ROM (Base: 0x08000204, Size: 0x00000088, Max: 0x00000100, ABSOLUTE, FIXED)

    Base Addr    Size         Type   Attr      Idx    E Section Name        Object

    0x08000204   0x00000088   Code   RO         2579  * .SE_CallGate_Code   se_callgate.o


    Execution Region SE_Key_ROM_region (Base: 0x08000300, Size: 0x000000cc, Max: 0x00000100, ABSOLUTE, FIXED)

    Base Addr    Size         Type   Attr      Idx    E Section Name        Object

    0x08000300   0x000000cc   Code   RO         2231    .SE_Key_Data        se_key.o


    Execution Region SE_Startup_region_ROM (Base: 0x08000400, Size: 0x0000000c, Max: 0xffffffff, ABSOLUTE, FIXED)

    Base Addr    Size         Type   Attr      Idx    E Section Name        Object

    0x08000400   0x0000000a   Code   RO         2693    .SE_Startup_Code    se_startup.o


    Execution Region SE_ROM_region (Base: 0x08000500, Size: 0x000075dc, Max: 0x00008f00, ABSOLUTE, FIXED)

    Base Addr    Size         Type   Attr      Idx    E Section Name        Object

    0x08000500   0x0000027c   Code   RO         2168    .SE_IF_Code         se_low_level.o
    0x0800077c   0x00000014   Code   RO         2204    .text               startup_stm32l496xx.o
    0x08000790   0x00000024   Code   RO         2705    .text               se_stack_smuggler_arm.o
    0x080007b4   0x00000068   Code   RO         2852    .text               mc_w.l(uldiv.o)
    0x0800081c   0x00000024   Code   RO         2856    .text               mc_w.l(memcpya.o)
    0x08000840   0x00000024   Code   RO         2860    .text               mc_w.l(memseta.o)
    0x08000864   0x0000001c   Code   RO         2898    .text               mc_w.l(calloc.o)
    0x08000880   0x0000001e   Code   RO         2900    .text               mc_w.l(llshl.o)
    0x0800089e   0x00000020   Code   RO         2902    .text               mc_w.l(llushr.o)
    0x080008be   0x00000004   Code   RO         2650    i.BusFault_Handler  se_exception.o
    0x080008c2   0x00000002   PAD
    0x080008c4   0x00000030   Code   RO         2509    i.CRC_Handle_16     stm32l4xx_hal_crc.o
    0x080008f4   0x00000066   Code   RO         2510    i.CRC_Handle_8      stm32l4xx_hal_crc.o
    0x0800095a   0x00000002   PAD
    0x0800095c   0x00000054   Code   RO         2430    i.FLASH_FlushCaches  stm32l4xx_hal_flash_ex.o
    0x080009b0   0x00000028   Code   RO         2431    i.FLASH_MassErase   stm32l4xx_hal_flash_ex.o
    0x080009d8   0x00000034   Code   RO         2436    i.FLASH_PageErase   stm32l4xx_hal_flash_ex.o
    0x08000a0c   0x0000001c   Code   RO         2321    i.FLASH_Program_DoubleWord  stm32l4xx_hal_flash.o
    0x08000a28   0x0000002c   Code   RO         2322    i.FLASH_Program_Fast  stm32l4xx_hal_flash.o
    0x08000a54   0x00000074   Code   RO         2323    i.FLASH_WaitForLastOperation  stm32l4xx_hal_flash.o
    0x08000ac8   0x0000004e   Code   RO         2287    i.HAL_CRCEx_Polynomial_Set  stm32l4xx_hal_crc_ex.o
    0x08000b16   0x0000004c   Code   RO         2512    i.HAL_CRC_Calculate  stm32l4xx_hal_crc.o
    0x08000b62   0x00000034   Code   RO         2513    i.HAL_CRC_DeInit    stm32l4xx_hal_crc.o
    0x08000b96   0x00000002   PAD
    0x08000b98   0x00000074   Code   RO         2515    i.HAL_CRC_Init      stm32l4xx_hal_crc.o
    0x08000c0c   0x00000002   Code   RO         2516    i.HAL_CRC_MspDeInit  stm32l4xx_hal_crc.o
    0x08000c0e   0x00000002   Code   RO         2517    i.HAL_CRC_MspInit   stm32l4xx_hal_crc.o
    0x08000c10   0x000000ea   Code   RO         2437    i.HAL_FLASHEx_Erase  stm32l4xx_hal_flash_ex.o
    0x08000cfa   0x00000002   PAD
    0x08000cfc   0x00000014   Code   RO         2327    i.HAL_FLASH_Lock    stm32l4xx_hal_flash.o
    0x08000d10   0x000000aa   Code   RO         2332    i.HAL_FLASH_Program  stm32l4xx_hal_flash.o
    0x08000dba   0x00000002   PAD
    0x08000dbc   0x00000028   Code   RO         2334    i.HAL_FLASH_Unlock  stm32l4xx_hal_flash.o
    0x08000de4   0x00000044   Code   RO         2821    i.HAL_GetTick       se_utils.o
    0x08000e28   0x00000004   Code   RO         2651    i.HardFault_Handler  se_exception.o
    0x08000e2c   0x00000024   Code   RO         2208    i.LoopCopyDataInit  data_init.o
    0x08000e50   0x0000001c   Code   RO         2209    i.LoopFillZerobss   data_init.o
    0x08000e6c   0x00000004   Code   RO         2652    i.MemManage_Handler  se_exception.o
    0x08000e70   0x00000038   Code   RO         2797    i.SE_APPLI_GetActiveFwInfo  se_user_application.o
    0x08000ea8   0x00000024   Code   RO         1957    i.SE_CRYPTO_AuthenticateFW_Append  se_crypto_bootloader.o
    0x08000ecc   0x00000028   Code   RO         1958    i.SE_CRYPTO_AuthenticateFW_Finish  se_crypto_bootloader.o
    0x08000ef4   0x00000028   Code   RO         1959    i.SE_CRYPTO_AuthenticateFW_Init  se_crypto_bootloader.o
    0x08000f1c   0x00000104   Code   RO         1960    i.SE_CRYPTO_Authenticate_Metadata  se_crypto_bootloader.o
    0x08001020   0x00000038   Code   RO         1961    i.SE_CRYPTO_Decrypt_Append  se_crypto_bootloader.o
    0x08001058   0x00000060   Code   RO         1962    i.SE_CRYPTO_Decrypt_Finish  se_crypto_bootloader.o
    0x080010b8   0x0000007c   Code   RO         1963    i.SE_CRYPTO_Decrypt_Init  se_crypto_bootloader.o
    0x08001134   0x00000004   Code   RO         1964    i.SE_CRYPTO_Encrypt_Append  se_crypto_bootloader.o
    0x08001138   0x00000014   Code   RO         1965    i.SE_CRYPTO_Encrypt_Finish  se_crypto_bootloader.o
    0x0800114c   0x00000004   Code   RO         1966    i.SE_CRYPTO_Encrypt_Init  se_crypto_bootloader.o
    0x08001150   0x0000039a   Code   RO         2580    i.SE_CallGateService  se_callgate.o
    0x080014ea   0x00000002   PAD
    0x080014ec   0x00000028   Code   RO         2767    i.SE_IMG_Read       se_fwimg.o
    0x08001514   0x00000028   Code   RO         2768    i.SE_IMG_Write      se_fwimg.o
    0x0800153c   0x00000030   Code   RO         2712    i.SE_INFO_BootInfoAreaFactoryReset  se_bootinfo.o
    0x0800156c   0x00000058   Code   RO         2713    i.SE_INFO_BootInfoAreaInit  se_bootinfo.o
    0x080015c4   0x0000003c   Code   RO         2714    i.SE_INFO_ReadBootInfoArea  se_bootinfo.o
    0x08001600   0x00000044   Code   RO         2715    i.SE_INFO_WriteBootInfoArea  se_bootinfo.o
    0x08001644   0x00000018   Code   RO         2716    i.SE_LL_CRC_Check   se_bootinfo.o
    0x0800165c   0x00000024   Code   RO         2653    i.SE_NMI_ExceptionHandler  se_exception.o
    0x08001680   0x0000000c   Code   RO         2822    i.SE_SetSystemCoreClock  se_utils.o
    0x0800168c   0x0000000e   Code   RO         2210    i.__arm_data_init   data_init.o
    0x0800169a   0x0000001a   Code   RO         1415    i.add32             ecp_curves.o
    0x080016b4   0x00000010   Code   RO          845    i.aes_crypt_cbc_wrap  cipher_wrap.o
    0x080016c4   0x00000012   Code   RO          846    i.aes_crypt_cfb128_wrap  cipher_wrap.o
    0x080016d6   0x00000004   Code   RO          847    i.aes_crypt_ecb_wrap  cipher_wrap.o
    0x080016da   0x0000001c   Code   RO          848    i.aes_ctx_alloc     cipher_wrap.o
    0x080016f6   0x00000012   Code   RO          849    i.aes_ctx_free      cipher_wrap.o
    0x08001708   0x0000016e   Code   RO            1    i.aes_gen_tables    aes.o
    0x08001876   0x00000004   Code   RO          850    i.aes_setkey_dec_wrap  cipher_wrap.o
    0x0800187a   0x00000004   Code   RO          851    i.aes_setkey_enc_wrap  cipher_wrap.o
    0x0800187e   0x00000010   Code   RO          852    i.camellia_crypt_cbc_wrap  cipher_wrap.o
    0x0800188e   0x00000012   Code   RO          853    i.camellia_crypt_cfb128_wrap  cipher_wrap.o
    0x080018a0   0x00000004   Code   RO          854    i.camellia_crypt_ecb_wrap  cipher_wrap.o
    0x080018a4   0x0000001c   Code   RO          855    i.camellia_ctx_alloc  cipher_wrap.o
    0x080018c0   0x00000012   Code   RO          856    i.camellia_ctx_free  cipher_wrap.o
    0x080018d2   0x00000002   PAD
    0x080018d4   0x00000088   Code   RO          647    i.camellia_feistel  camellia.o
    0x0800195c   0x00000004   Code   RO          857    i.camellia_setkey_dec_wrap  cipher_wrap.o
    0x08001960   0x00000004   Code   RO          858    i.camellia_setkey_enc_wrap  cipher_wrap.o
    0x08001964   0x0000005c   Code   RO         1009    i.derive_mpi        ecdsa.o
    0x080019c0   0x0000013e   Code   RO         1013    i.ecdsa_verify_restartable  ecdsa.o
    0x08001afe   0x00000002   PAD
    0x08001b00   0x00000358   Code   RO         1124    i.ecp_add_mixed     ecp.o
    0x08001e58   0x00000140   Code   RO         1125    i.ecp_check_pubkey_sw  ecp.o
    0x08001f98   0x00000078   Code   RO         1126    i.ecp_comb_recode_core  ecp.o
    0x08002010   0x00000094   Code   RO         1127    i.ecp_comb_recode_scalar  ecp.o
    0x080020a4   0x000003d0   Code   RO         1128    i.ecp_double_jac    ecp.o
    0x08002474   0x00000014   Code   RO         1129    i.ecp_get_type      ecp.o
    0x08002488   0x0000008a   Code   RO         1416    i.ecp_group_load    ecp_curves.o
    0x08002512   0x00000444   Code   RO         1417    i.ecp_mod_p256      ecp_curves.o
    0x08002956   0x00000002   PAD
    0x08002958   0x00000088   Code   RO         1130    i.ecp_modp          ecp.o
    0x080029e0   0x0000000c   Code   RO         1418    i.ecp_mpi_load      ecp_curves.o
    0x080029ec   0x0000014a   Code   RO         1131    i.ecp_mul_comb      ecp.o
    0x08002b36   0x0000009c   Code   RO         1132    i.ecp_mul_comb_core  ecp.o
    0x08002bd2   0x000000ba   Code   RO         1133    i.ecp_normalize_jac  ecp.o
    0x08002c8c   0x000001ec   Code   RO         1134    i.ecp_normalize_jac_many  ecp.o
    0x08002e78   0x0000010e   Code   RO         1135    i.ecp_precompute_comb  ecp.o
    0x08002f86   0x00000002   PAD
    0x08002f88   0x00000104   Code   RO         1136    i.ecp_randomize_jac  ecp.o
    0x0800308c   0x00000044   Code   RO         1137    i.ecp_safe_invert_jac  ecp.o
    0x080030d0   0x00000078   Code   RO         1138    i.ecp_select_comb   ecp.o
    0x08003148   0x00000050   Code   RO         2870    i.free              mc_w.l(malloc.o)
    0x08003198   0x0000000a   Code   RO          859    i.gcm_aes_setkey_wrap  cipher_wrap.o
    0x080031a2   0x0000000a   Code   RO          860    i.gcm_camellia_setkey_wrap  cipher_wrap.o
    0x080031ac   0x00000018   Code   RO          861    i.gcm_ctx_alloc     cipher_wrap.o
    0x080031c4   0x00000012   Code   RO          862    i.gcm_ctx_free      cipher_wrap.o
    0x080031d6   0x00000002   PAD
    0x080031d8   0x0000010a   Code   RO         1455    i.gcm_gen_table     gcm.o
    0x080032e2   0x00000002   PAD
    0x080032e4   0x00000102   Code   RO         1456    i.gcm_mult          gcm.o
    0x080033e6   0x00000002   PAD
    0x080033e8   0x00000014   Code   RO          704    i.get_no_padding    cipher.o
    0x080033fc   0x0000006c   Code   RO         2871    i.malloc            mc_w.l(malloc.o)
    0x08003468   0x00000096   Code   RO            2    i.mbedtls_aes_crypt_cbc  aes.o
    0x080034fe   0x00000078   Code   RO            3    i.mbedtls_aes_crypt_cfb128  aes.o
    0x08003576   0x00000018   Code   RO            5    i.mbedtls_aes_crypt_ecb  aes.o
    0x0800358e   0x0000000e   Code   RO            8    i.mbedtls_aes_free  aes.o
    0x0800359c   0x00000008   Code   RO            9    i.mbedtls_aes_init  aes.o
    0x080035a4   0x000000c4   Code   RO           10    i.mbedtls_aes_setkey_dec  aes.o
    0x08003668   0x000001b8   Code   RO           11    i.mbedtls_aes_setkey_enc  aes.o
    0x08003820   0x00000096   Code   RO          648    i.mbedtls_camellia_crypt_cbc  camellia.o
    0x080038b6   0x00000078   Code   RO          649    i.mbedtls_camellia_crypt_cfb128  camellia.o
    0x0800392e   0x0000016e   Code   RO          650    i.mbedtls_camellia_crypt_ecb  camellia.o
    0x08003a9c   0x0000000e   Code   RO          651    i.mbedtls_camellia_free  camellia.o
    0x08003aaa   0x00000008   Code   RO          652    i.mbedtls_camellia_init  camellia.o
    0x08003ab2   0x0000007e   Code   RO          653    i.mbedtls_camellia_setkey_dec  camellia.o
    0x08003b30   0x00000452   Code   RO          654    i.mbedtls_camellia_setkey_enc  camellia.o
    0x08003f82   0x00000002   PAD
    0x08003f84   0x000000e8   Code   RO          709    i.mbedtls_cipher_finish  cipher.o
    0x0800406c   0x00000020   Code   RO          710    i.mbedtls_cipher_free  cipher.o
    0x0800408c   0x0000000e   Code   RO          711    i.mbedtls_cipher_get_block_size  cipher.o
    0x0800409a   0x00000002   PAD
    0x0800409c   0x00000030   Code   RO          714    i.mbedtls_cipher_info_from_values  cipher.o
    0x080040cc   0x00000006   Code   RO          715    i.mbedtls_cipher_init  cipher.o
    0x080040d2   0x00000002   PAD
    0x080040d4   0x00000018   Code   RO          717    i.mbedtls_cipher_reset  cipher.o
    0x080040ec   0x0000004c   Code   RO          718    i.mbedtls_cipher_set_iv  cipher.o
    0x08004138   0x0000002c   Code   RO          719    i.mbedtls_cipher_set_padding_mode  cipher.o
    0x08004164   0x0000004c   Code   RO          720    i.mbedtls_cipher_setkey  cipher.o
    0x080041b0   0x00000038   Code   RO          721    i.mbedtls_cipher_setup  cipher.o
    0x080041e8   0x000001ac   Code   RO          722    i.mbedtls_cipher_update  cipher.o
    0x08004394   0x00000012   Code   RO         1022    i.mbedtls_ecdsa_verify  ecdsa.o
    0x080043a6   0x00000002   PAD
    0x080043a8   0x0000003c   Code   RO         1139    i.mbedtls_ecp_check_privkey  ecp.o
    0x080043e4   0x00000038   Code   RO         1141    i.mbedtls_ecp_check_pubkey  ecp.o
    0x0800441c   0x00000030   Code   RO         1142    i.mbedtls_ecp_copy  ecp.o
    0x0800444c   0x00000064   Code   RO         1152    i.mbedtls_ecp_group_free  ecp.o
    0x080044b0   0x00000044   Code   RO         1153    i.mbedtls_ecp_group_init  ecp.o
    0x080044f4   0x00000060   Code   RO         1419    i.mbedtls_ecp_group_load  ecp_curves.o
    0x08004554   0x00000014   Code   RO         1155    i.mbedtls_ecp_is_zero  ecp.o
    0x08004568   0x00000062   Code   RO         1159    i.mbedtls_ecp_mul_restartable  ecp.o
    0x080045ca   0x00000076   Code   RO         1160    i.mbedtls_ecp_mul_shortcuts  ecp.o
    0x08004640   0x00000082   Code   RO         1162    i.mbedtls_ecp_muladd_restartable  ecp.o
    0x080046c2   0x00000020   Code   RO         1164    i.mbedtls_ecp_point_free  ecp.o
    0x080046e2   0x00000020   Code   RO         1165    i.mbedtls_ecp_point_init  ecp.o
    0x08004702   0x00000002   PAD
    0x08004704   0x0000007c   Code   RO         1166    i.mbedtls_ecp_point_read_binary  ecp.o
    0x08004780   0x0000002c   Code   RO         1169    i.mbedtls_ecp_set_zero  ecp.o
    0x080047ac   0x00000016   Code   RO         1460    i.mbedtls_gcm_free  gcm.o
    0x080047c2   0x00000008   Code   RO         1461    i.mbedtls_gcm_init  gcm.o
    0x080047ca   0x00000054   Code   RO         1462    i.mbedtls_gcm_setkey  gcm.o
    0x0800481e   0x000000e8   Code   RO         1464    i.mbedtls_gcm_update  gcm.o
    0x08004906   0x00000002   PAD
    0x08004908   0x000003aa   Code   RO           12    i.mbedtls_internal_aes_decrypt  aes.o
    0x08004cb2   0x00000002   PAD
    0x08004cb4   0x000003a6   Code   RO           13    i.mbedtls_internal_aes_encrypt  aes.o
    0x0800505a   0x00000002   PAD
    0x0800505c   0x00000842   Code   RO         1869    i.mbedtls_internal_sha256_process  sha256.o
    0x0800589e   0x00000002   PAD
    0x080058a0   0x000000b6   Code   RO          340    i.mbedtls_mpi_add_abs  bignum.o
    0x08005956   0x0000004e   Code   RO          342    i.mbedtls_mpi_add_mpi  bignum.o
    0x080059a4   0x0000003e   Code   RO          343    i.mbedtls_mpi_bitlen  bignum.o
    0x080059e2   0x00000002   PAD
    0x080059e4   0x00000064   Code   RO          344    i.mbedtls_mpi_cmp_abs  bignum.o
    0x08005a48   0x00000030   Code   RO          345    i.mbedtls_mpi_cmp_int  bignum.o
    0x08005a78   0x0000008c   Code   RO          346    i.mbedtls_mpi_cmp_mpi  bignum.o
    0x08005b04   0x00000064   Code   RO          347    i.mbedtls_mpi_copy  bignum.o
    0x08005b68   0x00000324   Code   RO          349    i.mbedtls_mpi_div_mpi  bignum.o
    0x08005e8c   0x00000042   Code   RO          351    i.mbedtls_mpi_fill_random  bignum.o
    0x08005ece   0x00000022   Code   RO          352    i.mbedtls_mpi_free  bignum.o
    0x08005ef0   0x00000100   Code   RO          353    i.mbedtls_mpi_gcd   bignum.o
    0x08005ff0   0x00000020   Code   RO          355    i.mbedtls_mpi_get_bit  bignum.o
    0x08006010   0x00000050   Code   RO          356    i.mbedtls_mpi_grow  bignum.o
    0x08006060   0x00000010   Code   RO          357    i.mbedtls_mpi_init  bignum.o
    0x08006070   0x00000268   Code   RO          358    i.mbedtls_mpi_inv_mod  bignum.o
    0x080062d8   0x0000002e   Code   RO          361    i.mbedtls_mpi_lsb   bignum.o
    0x08006306   0x00000002   PAD
    0x08006308   0x0000003a   Code   RO          362    i.mbedtls_mpi_lset  bignum.o
    0x08006342   0x00000062   Code   RO          364    i.mbedtls_mpi_mod_mpi  bignum.o
    0x080063a4   0x00000018   Code   RO          365    i.mbedtls_mpi_mul_int  bignum.o
    0x080063bc   0x000000c2   Code   RO          366    i.mbedtls_mpi_mul_mpi  bignum.o
    0x0800647e   0x00000070   Code   RO          367    i.mbedtls_mpi_read_binary  bignum.o
    0x080064ee   0x0000006c   Code   RO          369    i.mbedtls_mpi_safe_cond_assign  bignum.o
    0x0800655a   0x0000009e   Code   RO          372    i.mbedtls_mpi_shift_l  bignum.o
    0x080065f8   0x00000082   Code   RO          373    i.mbedtls_mpi_shift_r  bignum.o
    0x0800667a   0x0000005c   Code   RO          374    i.mbedtls_mpi_shrink  bignum.o
    0x080066d6   0x0000000c   Code   RO          375    i.mbedtls_mpi_size  bignum.o
    0x080066e2   0x0000006e   Code   RO          376    i.mbedtls_mpi_sub_abs  bignum.o
    0x08006750   0x00000030   Code   RO          377    i.mbedtls_mpi_sub_int  bignum.o
    0x08006780   0x00000050   Code   RO          378    i.mbedtls_mpi_sub_mpi  bignum.o
    0x080067d0   0x00000006   Code   RO          382    i.mbedtls_mpi_zeroize  bignum.o
    0x080067d6   0x00000002   PAD
    0x080067d8   0x00000010   Code   RO         1850    i.mbedtls_platform_zeroize  platform_util.o
    0x080067e8   0x00000146   Code   RO         1873    i.mbedtls_sha256_finish_ret  sha256.o
    0x0800692e   0x0000000c   Code   RO         1874    i.mbedtls_sha256_free  sha256.o
    0x0800693a   0x00000006   Code   RO         1875    i.mbedtls_sha256_init  sha256.o
    0x08006940   0x00000090   Code   RO         1879    i.mbedtls_sha256_starts_ret  sha256.o
    0x080069d0   0x00000074   Code   RO         1881    i.mbedtls_sha256_update_ret  sha256.o
    0x08006a44   0x00000382   Code   RO          388    i.mpi_mul_hlp       bignum.o
    0x08006dc6   0x0000004c   Code   RO          389    i.mpi_sub_hlp       bignum.o
    0x08006e12   0x0000001e   Code   RO         1420    i.sub32             ecp_curves.o
    0x08006e30   0x00000518   Data   RO          655    .constdata          camellia.o
    0x08007348   0x00000020   Data   RO          864    .constdata          cipher_wrap.o
    0x08007368   0x0000001c   Data   RO          865    .constdata          cipher_wrap.o
    0x08007384   0x0000001c   Data   RO          866    .constdata          cipher_wrap.o
    0x080073a0   0x0000001c   Data   RO          867    .constdata          cipher_wrap.o
    0x080073bc   0x0000001c   Data   RO          868    .constdata          cipher_wrap.o
    0x080073d8   0x0000001c   Data   RO          869    .constdata          cipher_wrap.o
    0x080073f4   0x0000001c   Data   RO          870    .constdata          cipher_wrap.o
    0x08007410   0x0000001c   Data   RO          871    .constdata          cipher_wrap.o
    0x0800742c   0x0000001c   Data   RO          872    .constdata          cipher_wrap.o
    0x08007448   0x0000001c   Data   RO          873    .constdata          cipher_wrap.o
    0x08007464   0x00000020   Data   RO          874    .constdata          cipher_wrap.o
    0x08007484   0x0000001c   Data   RO          875    .constdata          cipher_wrap.o
    0x080074a0   0x0000001c   Data   RO          876    .constdata          cipher_wrap.o
    0x080074bc   0x0000001c   Data   RO          877    .constdata          cipher_wrap.o
    0x080074d8   0x00000020   Data   RO          878    .constdata          cipher_wrap.o
    0x080074f8   0x0000001c   Data   RO          879    .constdata          cipher_wrap.o
    0x08007514   0x0000001c   Data   RO          880    .constdata          cipher_wrap.o
    0x08007530   0x0000001c   Data   RO          881    .constdata          cipher_wrap.o
    0x0800754c   0x0000001c   Data   RO          882    .constdata          cipher_wrap.o
    0x08007568   0x0000001c   Data   RO          883    .constdata          cipher_wrap.o
    0x08007584   0x0000001c   Data   RO          884    .constdata          cipher_wrap.o
    0x080075a0   0x0000001c   Data   RO          885    .constdata          cipher_wrap.o
    0x080075bc   0x0000001c   Data   RO          886    .constdata          cipher_wrap.o
    0x080075d8   0x0000001c   Data   RO          887    .constdata          cipher_wrap.o
    0x080075f4   0x00000020   Data   RO          888    .constdata          cipher_wrap.o
    0x08007614   0x0000001c   Data   RO          889    .constdata          cipher_wrap.o
    0x08007630   0x0000001c   Data   RO          890    .constdata          cipher_wrap.o
    0x0800764c   0x0000001c   Data   RO          891    .constdata          cipher_wrap.o
    0x08007668   0x000000c8   Data   RO          892    .constdata          cipher_wrap.o
    0x08007730   0x000000a0   Data   RO         1421    .constdata          ecp_curves.o
    0x080077d0   0x00000080   Data   RO         1465    .constdata          gcm.o
    0x08007850   0x00000100   Data   RO         1882    .constdata          sha256.o
    0x08007950   0x0000000c   Data   RO          893    .conststring        cipher_wrap.o
    0x0800795c   0x0000000c   Data   RO          894    .conststring        cipher_wrap.o
    0x08007968   0x0000000c   Data   RO          895    .conststring        cipher_wrap.o
    0x08007974   0x0000000c   Data   RO          896    .conststring        cipher_wrap.o
    0x08007980   0x0000000c   Data   RO          897    .conststring        cipher_wrap.o
    0x0800798c   0x0000000c   Data   RO          898    .conststring        cipher_wrap.o
    0x08007998   0x0000000f   Data   RO          899    .conststring        cipher_wrap.o
    0x080079a7   0x00000001   PAD
    0x080079a8   0x0000000f   Data   RO          900    .conststring        cipher_wrap.o
    0x080079b7   0x00000001   PAD
    0x080079b8   0x0000000f   Data   RO          901    .conststring        cipher_wrap.o
    0x080079c7   0x00000001   PAD
    0x080079c8   0x0000000c   Data   RO          902    .conststring        cipher_wrap.o
    0x080079d4   0x0000000c   Data   RO          903    .conststring        cipher_wrap.o
    0x080079e0   0x0000000c   Data   RO          904    .conststring        cipher_wrap.o
    0x080079ec   0x00000011   Data   RO          905    .conststring        cipher_wrap.o
    0x080079fd   0x00000003   PAD
    0x08007a00   0x00000011   Data   RO          906    .conststring        cipher_wrap.o
    0x08007a11   0x00000003   PAD
    0x08007a14   0x00000011   Data   RO          907    .conststring        cipher_wrap.o
    0x08007a25   0x00000003   PAD
    0x08007a28   0x00000011   Data   RO          908    .conststring        cipher_wrap.o
    0x08007a39   0x00000003   PAD
    0x08007a3c   0x00000011   Data   RO          909    .conststring        cipher_wrap.o
    0x08007a4d   0x00000003   PAD
    0x08007a50   0x00000011   Data   RO          910    .conststring        cipher_wrap.o
    0x08007a61   0x00000003   PAD
    0x08007a64   0x00000014   Data   RO          911    .conststring        cipher_wrap.o
    0x08007a78   0x00000014   Data   RO          912    .conststring        cipher_wrap.o
    0x08007a8c   0x00000014   Data   RO          913    .conststring        cipher_wrap.o
    0x08007aa0   0x00000011   Data   RO          914    .conststring        cipher_wrap.o
    0x08007ab1   0x00000003   PAD
    0x08007ab4   0x00000011   Data   RO          915    .conststring        cipher_wrap.o
    0x08007ac5   0x00000003   PAD
    0x08007ac8   0x00000011   Data   RO          916    .conststring        cipher_wrap.o


    Execution Region SE_VECTOR_region (Base: 0x08007c00, Size: 0x000001ac, Max: 0xffffffff, ABSOLUTE, FIXED)

    Base Addr    Size         Type   Attr      Idx    E Section Name        Object

    0x08007c00   0x000001ac   Data   RO         2203    RESET               startup_stm32l496xx.o


    Execution Region SE_region_SRAM1 (Base: 0x20000a00, Size: 0x00001b98, Max: 0x00001e00, ABSOLUTE)

    Base Addr    Size         Type   Attr      Idx    E Section Name        Object

    0x20000a00   0x00000004   Data   RW           15    .data               aes.o
    0x20000a04   0x00000004   Data   RW         1422    .data               ecp_curves.o
    0x20000a08   0x00000004   Data   RW         1851    .data               platform_util.o
    0x20000a0c   0x00000008   Data   RW         2170    .data               se_low_level.o
    0x20000a14   0x00000020   Data   RW         2335    .data               stm32l4xx_hal_flash.o
    0x20000a34   0x00000001   Data   RW         2581    .data               se_callgate.o
    0x20000a35   0x00000001   Data   RW         2717    .data               se_bootinfo.o
    0x20000a36   0x00000002   PAD
    0x20000a38   0x00000010   Data   RW         2823    .data               se_utils.o
    0x20000a48   0x00000004   Data   RW         2904    .data               mc_w.l(mvars.o)
    0x20000a4c   0x00000004   Data   RW         2905    .data               mc_w.l(mvars.o)
    0x20000a50   0x00000a28   Zero   RW           14    .bss                aes.o
    0x20001478   0x000000fc   Zero   RW         1968    .bss                se_crypto_bootloader.o
    0x20001574   0x00000024   Zero   RW         2169    .bss                se_low_level.o
    0x20001598   0x00001000   Zero   RW         2202    HEAP                startup_stm32l496xx.o


    Execution Region SE_region_SRAM1_Boot (Base: 0x20002598, Size: 0x00000020, Max: 0xffffffff, ABSOLUTE)

    Base Addr    Size         Type   Attr      Idx    E Section Name        Object

    0x20002598   0x00000020   Data   RW         2718    BOOTINFO_DATA       se_bootinfo.o


==============================================================================

Image component sizes


      Code (inc. data)   RO Data    RW Data    ZI Data      Debug   Object Name

      3190         44          0          4       2600      19829   aes.o
         0          0          0          0          0       3756   asn1parse.o
      4864          0          0          0          0      34433   bignum.o
      2026         14       1304          0          0      12404   camellia.o
      1056         64          0          0          0      19218   cipher.o
       246          0       1366          0          0      23706   cipher_wrap.o
        78         20          0          0          0       2817   data_init.o
       428         10          0          0          0       9772   ecdsa.o
      5388         72          0          0          0      32214   ecp.o
      1394         18        160          4          0       8929   ecp_curves.o
       870          4        128          0          0      13920   gcm.o
         0          0          0          0          0        852   md_wrap.o
        16          6          0          4          0       1851   platform_util.o
       288         34          0         33          0       5829   se_bootinfo.o
      1058         38          0          1          0       8651   se_callgate.o
       680         44          0          0        252     748521   se_crypto_bootloader.o
        48         10          0          0          0       3337   se_exception.o
        80         20          0          0          0       1969   se_fwimg.o
       204          0          0          0          0        356   se_key.o
       636         52          0          8         36      10305   se_low_level.o
        36          4          0          0          0        460   se_stack_smuggler_arm.o
        10          0          0          0          0        706   se_startup.o
        56          4          0          0          0       1627   se_user_application.o
        80         12          0         16          0       1866   se_utils.o
      2718         70        256          0          0       7712   sha256.o
        20          0        428          0       4096        856   startup_stm32l496xx.o
       398          4          0          0          0       6334   stm32l4xx_hal_crc.o
        78          0          0          0          0       1527   stm32l4xx_hal_crc_ex.o
       418         50          0         32          0      23734   stm32l4xx_hal_flash.o
       410         28          0          0          0       4454   stm32l4xx_hal_flash_ex.o

    ----------------------------------------------------------------------
     26826        622       3672        104       6984    1011945   Object Totals
         0          0          0          0          0          0   (incl. Generated)
        52          0         30          2          0          0   (incl. Padding)

    ----------------------------------------------------------------------

      Code (inc. data)   RO Data    RW Data    ZI Data      Debug   Library Member Name

        28          0          0          0          0         76   calloc.o
        30          0          0          0          0         68   llshl.o
        32          0          0          0          0         68   llushr.o
       188         20          0          0          0        160   malloc.o
        36          0          0          0          0         68   memcpya.o
        36          0          0          0          0        108   memseta.o
         0          0          0          8          0          0   mvars.o
       104          0          0          0          0         92   uldiv.o

    ----------------------------------------------------------------------
       454         20          0          8          0        640   Library Totals
         0          0          0          0          0          0   (incl. Padding)

    ----------------------------------------------------------------------

      Code (inc. data)   RO Data    RW Data    ZI Data      Debug   Library Name

       454         20          0          8          0        640   mc_w.l

    ----------------------------------------------------------------------
       454         20          0          8          0        640   Library Totals

    ----------------------------------------------------------------------

==============================================================================


      Code (inc. data)   RO Data    RW Data    ZI Data      Debug   

     27280        642       3672        112       6984     994773   Grand Totals
     27280        642       3672        112       6984     994773   ELF Image Totals
     27280        642       3672        112          0          0   ROM Totals

==============================================================================

    Total RO  Size (Code + RO Data)                30952 (  30.23kB)
    Total RW  Size (RW Data + ZI Data)              7096 (   6.93kB)
    Total ROM Size (Code + RO Data + RW Data)      31064 (  30.34kB)

==============================================================================

